<!doctype html public "-//w3c//dtd html 4.0 transitional//en">
<html><head>
<title>Static Call Graph - [flexspi_nor_sdram_debug\elcdif_rgb.out]</title></head>
<body><HR>
<H1>Static Call Graph for image flexspi_nor_sdram_debug\elcdif_rgb.out</H1><HR>
<BR><P>#&#060CALLGRAPH&#062# ARM Linker, 6180002: Last Updated: Fri Oct 28 17:13:16 2022
<BR><P>
<H3>Maximum Stack Usage =        280 bytes + Unknown(Functions without stacksize, Untraceable Function Pointers)</H3><H3>
Call chain for Maximum Stack Depth:</H3>
main &rArr; BOARD_InitDebugConsole &rArr; DbgConsole_Init &rArr; HAL_UartInit &rArr; LPUART_Init &rArr; __aeabi_assert &rArr; DbgConsole_Printf &rArr; DbgConsole_Vprintf &rArr; memcpy
<P>
<H3>
Functions with no stack information
</H3><UL>
 <LI><a href="#[0]">Reset_Handler</a>
 <LI><a href="#[85]">ACMP1_IRQHandler</a>
 <LI><a href="#[86]">ACMP2_IRQHandler</a>
 <LI><a href="#[87]">ACMP3_IRQHandler</a>
 <LI><a href="#[88]">ACMP4_IRQHandler</a>
 <LI><a href="#[4d]">ADC1_IRQHandler</a>
 <LI><a href="#[4e]">ADC2_IRQHandler</a>
 <LI><a href="#[83]">ADC_ETC_ERROR_IRQ_IRQHandler</a>
 <LI><a href="#[80]">ADC_ETC_IRQ0_IRQHandler</a>
 <LI><a href="#[81]">ADC_ETC_IRQ1_IRQHandler</a>
 <LI><a href="#[82]">ADC_ETC_IRQ2_IRQHandler</a>
 <LI><a href="#[41]">BEE_IRQHandler</a>
 <LI><a href="#[4]">BusFault_Handler</a>
 <LI><a href="#[cd]">CAN1_DriverIRQHandler</a>
 <LI><a href="#[ce]">CAN2_DriverIRQHandler</a>
 <LI><a href="#[de]">CAN3_DriverIRQHandler</a>
 <LI><a href="#[69]">CCM_1_IRQHandler</a>
 <LI><a href="#[6a]">CCM_2_IRQHandler</a>
 <LI><a href="#[1d]">CORE_IRQHandler</a>
 <LI><a href="#[35]">CSI_IRQHandler</a>
 <LI><a href="#[3b]">CSU_IRQHandler</a>
 <LI><a href="#[1b]">CTI0_ERROR_IRQHandler</a>
 <LI><a href="#[1c]">CTI1_ERROR_IRQHandler</a>
 <LI><a href="#[4f]">DCDC_IRQHandler</a>
 <LI><a href="#[3c]">DCP_IRQHandler</a>
 <LI><a href="#[3d]">DCP_VMI_IRQHandler</a>
 <LI><a href="#[ac]">DMA0_DMA16_DriverIRQHandler</a>
 <LI><a href="#[b6]">DMA10_DMA26_DriverIRQHandler</a>
 <LI><a href="#[b7]">DMA11_DMA27_DriverIRQHandler</a>
 <LI><a href="#[b8]">DMA12_DMA28_DriverIRQHandler</a>
 <LI><a href="#[b9]">DMA13_DMA29_DriverIRQHandler</a>
 <LI><a href="#[ba]">DMA14_DMA30_DriverIRQHandler</a>
 <LI><a href="#[bb]">DMA15_DMA31_DriverIRQHandler</a>
 <LI><a href="#[ad]">DMA1_DMA17_DriverIRQHandler</a>
 <LI><a href="#[ae]">DMA2_DMA18_DriverIRQHandler</a>
 <LI><a href="#[af]">DMA3_DMA19_DriverIRQHandler</a>
 <LI><a href="#[b0]">DMA4_DMA20_DriverIRQHandler</a>
 <LI><a href="#[b1]">DMA5_DMA21_DriverIRQHandler</a>
 <LI><a href="#[b2]">DMA6_DMA22_DriverIRQHandler</a>
 <LI><a href="#[b3]">DMA7_DMA23_DriverIRQHandler</a>
 <LI><a href="#[b4]">DMA8_DMA24_DriverIRQHandler</a>
 <LI><a href="#[b5]">DMA9_DMA25_DriverIRQHandler</a>
 <LI><a href="#[bc]">DMA_ERROR_DriverIRQHandler</a>
 <LI><a href="#[7]">DebugMon_Handler</a>
 <LI><a href="#[a8]">DefaultISR</a>
 <LI><a href="#[8b]">ENC1_IRQHandler</a>
 <LI><a href="#[8c]">ENC2_IRQHandler</a>
 <LI><a href="#[8d]">ENC3_IRQHandler</a>
 <LI><a href="#[8e]">ENC4_IRQHandler</a>
 <LI><a href="#[dd]">ENET2_1588_Timer_DriverIRQHandler</a>
 <LI><a href="#[dc]">ENET2_DriverIRQHandler</a>
 <LI><a href="#[db]">ENET_1588_Timer_DriverIRQHandler</a>
 <LI><a href="#[da]">ENET_DriverIRQHandler</a>
 <LI><a href="#[68]">EWM_IRQHandler</a>
 <LI><a href="#[d4]">FLEXIO1_DriverIRQHandler</a>
 <LI><a href="#[d5]">FLEXIO2_DriverIRQHandler</a>
 <LI><a href="#[df]">FLEXIO3_DriverIRQHandler</a>
 <LI><a href="#[30]">FLEXRAM_IRQHandler</a>
 <LI><a href="#[d6]">FLEXSPI2_DriverIRQHandler</a>
 <LI><a href="#[d7]">FLEXSPI_DriverIRQHandler</a>
 <LI><a href="#[6b]">GPC_IRQHandler</a>
 <LI><a href="#[51]">GPIO10_Combined_0_31_IRQHandler</a>
 <LI><a href="#[5a]">GPIO1_Combined_0_15_IRQHandler</a>
 <LI><a href="#[5b]">GPIO1_Combined_16_31_IRQHandler</a>
 <LI><a href="#[52]">GPIO1_INT0_IRQHandler</a>
 <LI><a href="#[53]">GPIO1_INT1_IRQHandler</a>
 <LI><a href="#[54]">GPIO1_INT2_IRQHandler</a>
 <LI><a href="#[55]">GPIO1_INT3_IRQHandler</a>
 <LI><a href="#[56]">GPIO1_INT4_IRQHandler</a>
 <LI><a href="#[57]">GPIO1_INT5_IRQHandler</a>
 <LI><a href="#[58]">GPIO1_INT6_IRQHandler</a>
 <LI><a href="#[59]">GPIO1_INT7_IRQHandler</a>
 <LI><a href="#[5c]">GPIO2_Combined_0_15_IRQHandler</a>
 <LI><a href="#[5d]">GPIO2_Combined_16_31_IRQHandler</a>
 <LI><a href="#[5e]">GPIO3_Combined_0_15_IRQHandler</a>
 <LI><a href="#[5f]">GPIO3_Combined_16_31_IRQHandler</a>
 <LI><a href="#[60]">GPIO4_Combined_0_15_IRQHandler</a>
 <LI><a href="#[61]">GPIO4_Combined_16_31_IRQHandler</a>
 <LI><a href="#[62]">GPIO5_Combined_0_15_IRQHandler</a>
 <LI><a href="#[63]">GPIO5_Combined_16_31_IRQHandler</a>
 <LI><a href="#[a7]">GPIO6_7_8_9_IRQHandler</a>
 <LI><a href="#[33]">GPR_IRQ_IRQHandler</a>
 <LI><a href="#[6e]">GPT1_IRQHandler</a>
 <LI><a href="#[6f]">GPT2_IRQHandler</a>
 <LI><a href="#[31]">KPP_IRQHandler</a>
 <LI><a href="#[c5]">LPI2C1_DriverIRQHandler</a>
 <LI><a href="#[c6]">LPI2C2_DriverIRQHandler</a>
 <LI><a href="#[c7]">LPI2C3_DriverIRQHandler</a>
 <LI><a href="#[c8]">LPI2C4_DriverIRQHandler</a>
 <LI><a href="#[c9]">LPSPI1_DriverIRQHandler</a>
 <LI><a href="#[ca]">LPSPI2_DriverIRQHandler</a>
 <LI><a href="#[cb]">LPSPI3_DriverIRQHandler</a>
 <LI><a href="#[cc]">LPSPI4_DriverIRQHandler</a>
 <LI><a href="#[3]">MemManage_Handler</a>
 <LI><a href="#[84]">PIT_IRQHandler</a>
 <LI><a href="#[47]">PMU_EVENT_IRQHandler</a>
 <LI><a href="#[70]">PWM1_0_IRQHandler</a>
 <LI><a href="#[71]">PWM1_1_IRQHandler</a>
 <LI><a href="#[72]">PWM1_2_IRQHandler</a>
 <LI><a href="#[73]">PWM1_3_IRQHandler</a>
 <LI><a href="#[74]">PWM1_FAULT_IRQHandler</a>
 <LI><a href="#[93]">PWM2_0_IRQHandler</a>
 <LI><a href="#[94]">PWM2_1_IRQHandler</a>
 <LI><a href="#[95]">PWM2_2_IRQHandler</a>
 <LI><a href="#[96]">PWM2_3_IRQHandler</a>
 <LI><a href="#[97]">PWM2_FAULT_IRQHandler</a>
 <LI><a href="#[98]">PWM3_0_IRQHandler</a>
 <LI><a href="#[99]">PWM3_1_IRQHandler</a>
 <LI><a href="#[9a]">PWM3_2_IRQHandler</a>
 <LI><a href="#[9b]">PWM3_3_IRQHandler</a>
 <LI><a href="#[9c]">PWM3_FAULT_IRQHandler</a>
 <LI><a href="#[9d]">PWM4_0_IRQHandler</a>
 <LI><a href="#[9e]">PWM4_1_IRQHandler</a>
 <LI><a href="#[9f]">PWM4_2_IRQHandler</a>
 <LI><a href="#[a0]">PWM4_3_IRQHandler</a>
 <LI><a href="#[a1]">PWM4_FAULT_IRQHandler</a>
 <LI><a href="#[36]">PXP_IRQHandler</a>
 <LI><a href="#[67]">RTWDOG_IRQHandler</a>
 <LI><a href="#[6d]">Reserved115_IRQHandler</a>
 <LI><a href="#[89]">Reserved143_IRQHandler</a>
 <LI><a href="#[8a]">Reserved144_IRQHandler</a>
 <LI><a href="#[a5]">Reserved171_IRQHandler</a>
 <LI><a href="#[3e]">Reserved68_IRQHandler</a>
 <LI><a href="#[48]">Reserved78_IRQHandler</a>
 <LI><a href="#[50]">Reserved86_IRQHandler</a>
 <LI><a href="#[cf]">SAI1_DriverIRQHandler</a>
 <LI><a href="#[d0]">SAI2_DriverIRQHandler</a>
 <LI><a href="#[d1]">SAI3_RX_DriverIRQHandler</a>
 <LI><a href="#[d2]">SAI3_TX_DriverIRQHandler</a>
 <LI><a href="#[77]">SEMC_IRQHandler</a>
 <LI><a href="#[40]">SJC_IRQHandler</a>
 <LI><a href="#[38]">SNVS_HP_WRAPPER_IRQHandler</a>
 <LI><a href="#[39]">SNVS_HP_WRAPPER_TZ_IRQHandler</a>
 <LI><a href="#[3a]">SNVS_LP_WRAPPER_IRQHandler</a>
 <LI><a href="#[d3]">SPDIF_DriverIRQHandler</a>
 <LI><a href="#[6c]">SRC_IRQHandler</a>
 <LI><a href="#[49]">TEMP_LOW_HIGH_IRQHandler</a>
 <LI><a href="#[4a]">TEMP_PANIC_IRQHandler</a>
 <LI><a href="#[8f]">TMR1_IRQHandler</a>
 <LI><a href="#[90]">TMR2_IRQHandler</a>
 <LI><a href="#[91]">TMR3_IRQHandler</a>
 <LI><a href="#[92]">TMR4_IRQHandler</a>
 <LI><a href="#[3f]">TRNG_IRQHandler</a>
 <LI><a href="#[32]">TSC_DIG_IRQHandler</a>
 <LI><a href="#[7b]">USB_OTG1_IRQHandler</a>
 <LI><a href="#[7a]">USB_OTG2_IRQHandler</a>
 <LI><a href="#[4b]">USB_PHY1_IRQHandler</a>
 <LI><a href="#[4c]">USB_PHY2_IRQHandler</a>
 <LI><a href="#[d8]">USDHC1_DriverIRQHandler</a>
 <LI><a href="#[d9]">USDHC2_DriverIRQHandler</a>
 <LI><a href="#[5]">UsageFault_Handler</a>
 <LI><a href="#[66]">WDOG1_IRQHandler</a>
 <LI><a href="#[37]">WDOG2_IRQHandler</a>
 <LI><a href="#[7e]">XBAR1_IRQ_0_1_IRQHandler</a>
 <LI><a href="#[7f]">XBAR1_IRQ_2_3_IRQHandler</a>
 <LI><a href="#[1]">NMI_Handler</a>
 <LI><a href="#[2]">HardFault_Handler</a>
 <LI><a href="#[6]">SVC_Handler</a>
 <LI><a href="#[8]">PendSV_Handler</a>
 <LI><a href="#[9]">SysTick_Handler</a>
 <LI><a href="#[a]">DMA0_DMA16_IRQHandler</a>
 <LI><a href="#[b]">DMA1_DMA17_IRQHandler</a>
 <LI><a href="#[c]">DMA2_DMA18_IRQHandler</a>
 <LI><a href="#[d]">DMA3_DMA19_IRQHandler</a>
 <LI><a href="#[e]">DMA4_DMA20_IRQHandler</a>
 <LI><a href="#[f]">DMA5_DMA21_IRQHandler</a>
 <LI><a href="#[10]">DMA6_DMA22_IRQHandler</a>
 <LI><a href="#[11]">DMA7_DMA23_IRQHandler</a>
 <LI><a href="#[12]">DMA8_DMA24_IRQHandler</a>
 <LI><a href="#[13]">DMA9_DMA25_IRQHandler</a>
 <LI><a href="#[14]">DMA10_DMA26_IRQHandler</a>
 <LI><a href="#[15]">DMA11_DMA27_IRQHandler</a>
 <LI><a href="#[16]">DMA12_DMA28_IRQHandler</a>
 <LI><a href="#[17]">DMA13_DMA29_IRQHandler</a>
 <LI><a href="#[18]">DMA14_DMA30_IRQHandler</a>
 <LI><a href="#[19]">DMA15_DMA31_IRQHandler</a>
 <LI><a href="#[1a]">DMA_ERROR_IRQHandler</a>
 <LI><a href="#[1e]">LPUART1_IRQHandler</a>
 <LI><a href="#[1f]">LPUART2_IRQHandler</a>
 <LI><a href="#[20]">LPUART3_IRQHandler</a>
 <LI><a href="#[21]">LPUART4_IRQHandler</a>
 <LI><a href="#[22]">LPUART5_IRQHandler</a>
 <LI><a href="#[23]">LPUART6_IRQHandler</a>
 <LI><a href="#[24]">LPUART7_IRQHandler</a>
 <LI><a href="#[25]">LPUART8_IRQHandler</a>
 <LI><a href="#[26]">LPI2C1_IRQHandler</a>
 <LI><a href="#[27]">LPI2C2_IRQHandler</a>
 <LI><a href="#[28]">LPI2C3_IRQHandler</a>
 <LI><a href="#[29]">LPI2C4_IRQHandler</a>
 <LI><a href="#[2a]">LPSPI1_IRQHandler</a>
 <LI><a href="#[2b]">LPSPI2_IRQHandler</a>
 <LI><a href="#[2c]">LPSPI3_IRQHandler</a>
 <LI><a href="#[2d]">LPSPI4_IRQHandler</a>
 <LI><a href="#[2e]">CAN1_IRQHandler</a>
 <LI><a href="#[2f]">CAN2_IRQHandler</a>
 <LI><a href="#[42]">SAI1_IRQHandler</a>
 <LI><a href="#[43]">SAI2_IRQHandler</a>
 <LI><a href="#[44]">SAI3_RX_IRQHandler</a>
 <LI><a href="#[45]">SAI3_TX_IRQHandler</a>
 <LI><a href="#[46]">SPDIF_IRQHandler</a>
 <LI><a href="#[64]">FLEXIO1_IRQHandler</a>
 <LI><a href="#[65]">FLEXIO2_IRQHandler</a>
 <LI><a href="#[75]">FLEXSPI2_IRQHandler</a>
 <LI><a href="#[76]">FLEXSPI_IRQHandler</a>
 <LI><a href="#[78]">USDHC1_IRQHandler</a>
 <LI><a href="#[79]">USDHC2_IRQHandler</a>
 <LI><a href="#[7c]">ENET_IRQHandler</a>
 <LI><a href="#[7d]">ENET_1588_Timer_IRQHandler</a>
 <LI><a href="#[a2]">ENET2_IRQHandler</a>
 <LI><a href="#[a3]">ENET2_1588_Timer_IRQHandler</a>
 <LI><a href="#[a4]">CAN3_IRQHandler</a>
 <LI><a href="#[a6]">FLEXIO3_IRQHandler</a>
</UL>
</UL>
<P>
<H3>
Function Pointers
</H3><UL>
 <LI><a href="#[85]">ACMP1_IRQHandler</a> from startup_mimxrt1062.o(.text) referenced from startup_mimxrt1062.o(.isr_vector)
 <LI><a href="#[86]">ACMP2_IRQHandler</a> from startup_mimxrt1062.o(.text) referenced from startup_mimxrt1062.o(.isr_vector)
 <LI><a href="#[87]">ACMP3_IRQHandler</a> from startup_mimxrt1062.o(.text) referenced from startup_mimxrt1062.o(.isr_vector)
 <LI><a href="#[88]">ACMP4_IRQHandler</a> from startup_mimxrt1062.o(.text) referenced from startup_mimxrt1062.o(.isr_vector)
 <LI><a href="#[4d]">ADC1_IRQHandler</a> from startup_mimxrt1062.o(.text) referenced from startup_mimxrt1062.o(.isr_vector)
 <LI><a href="#[4e]">ADC2_IRQHandler</a> from startup_mimxrt1062.o(.text) referenced from startup_mimxrt1062.o(.isr_vector)
 <LI><a href="#[83]">ADC_ETC_ERROR_IRQ_IRQHandler</a> from startup_mimxrt1062.o(.text) referenced from startup_mimxrt1062.o(.isr_vector)
 <LI><a href="#[80]">ADC_ETC_IRQ0_IRQHandler</a> from startup_mimxrt1062.o(.text) referenced from startup_mimxrt1062.o(.isr_vector)
 <LI><a href="#[81]">ADC_ETC_IRQ1_IRQHandler</a> from startup_mimxrt1062.o(.text) referenced from startup_mimxrt1062.o(.isr_vector)
 <LI><a href="#[82]">ADC_ETC_IRQ2_IRQHandler</a> from startup_mimxrt1062.o(.text) referenced from startup_mimxrt1062.o(.isr_vector)
 <LI><a href="#[41]">BEE_IRQHandler</a> from startup_mimxrt1062.o(.text) referenced from startup_mimxrt1062.o(.isr_vector)
 <LI><a href="#[4]">BusFault_Handler</a> from startup_mimxrt1062.o(.text) referenced from startup_mimxrt1062.o(.isr_vector)
 <LI><a href="#[cd]">CAN1_DriverIRQHandler</a> from startup_mimxrt1062.o(.text) referenced from startup_mimxrt1062.o(.text)
 <LI><a href="#[2e]">CAN1_IRQHandler</a> from startup_mimxrt1062.o(.text) referenced from startup_mimxrt1062.o(.isr_vector)
 <LI><a href="#[ce]">CAN2_DriverIRQHandler</a> from startup_mimxrt1062.o(.text) referenced from startup_mimxrt1062.o(.text)
 <LI><a href="#[2f]">CAN2_IRQHandler</a> from startup_mimxrt1062.o(.text) referenced from startup_mimxrt1062.o(.isr_vector)
 <LI><a href="#[de]">CAN3_DriverIRQHandler</a> from startup_mimxrt1062.o(.text) referenced from startup_mimxrt1062.o(.text)
 <LI><a href="#[a4]">CAN3_IRQHandler</a> from startup_mimxrt1062.o(.text) referenced from startup_mimxrt1062.o(.isr_vector)
 <LI><a href="#[69]">CCM_1_IRQHandler</a> from startup_mimxrt1062.o(.text) referenced from startup_mimxrt1062.o(.isr_vector)
 <LI><a href="#[6a]">CCM_2_IRQHandler</a> from startup_mimxrt1062.o(.text) referenced from startup_mimxrt1062.o(.isr_vector)
 <LI><a href="#[1d]">CORE_IRQHandler</a> from startup_mimxrt1062.o(.text) referenced from startup_mimxrt1062.o(.isr_vector)
 <LI><a href="#[35]">CSI_IRQHandler</a> from startup_mimxrt1062.o(.text) referenced from startup_mimxrt1062.o(.isr_vector)
 <LI><a href="#[3b]">CSU_IRQHandler</a> from startup_mimxrt1062.o(.text) referenced from startup_mimxrt1062.o(.isr_vector)
 <LI><a href="#[1b]">CTI0_ERROR_IRQHandler</a> from startup_mimxrt1062.o(.text) referenced from startup_mimxrt1062.o(.isr_vector)
 <LI><a href="#[1c]">CTI1_ERROR_IRQHandler</a> from startup_mimxrt1062.o(.text) referenced from startup_mimxrt1062.o(.isr_vector)
 <LI><a href="#[4f]">DCDC_IRQHandler</a> from startup_mimxrt1062.o(.text) referenced from startup_mimxrt1062.o(.isr_vector)
 <LI><a href="#[3c]">DCP_IRQHandler</a> from startup_mimxrt1062.o(.text) referenced from startup_mimxrt1062.o(.isr_vector)
 <LI><a href="#[3d]">DCP_VMI_IRQHandler</a> from startup_mimxrt1062.o(.text) referenced from startup_mimxrt1062.o(.isr_vector)
 <LI><a href="#[ac]">DMA0_DMA16_DriverIRQHandler</a> from startup_mimxrt1062.o(.text) referenced from startup_mimxrt1062.o(.text)
 <LI><a href="#[a]">DMA0_DMA16_IRQHandler</a> from startup_mimxrt1062.o(.text) referenced from startup_mimxrt1062.o(.isr_vector)
 <LI><a href="#[b6]">DMA10_DMA26_DriverIRQHandler</a> from startup_mimxrt1062.o(.text) referenced from startup_mimxrt1062.o(.text)
 <LI><a href="#[14]">DMA10_DMA26_IRQHandler</a> from startup_mimxrt1062.o(.text) referenced from startup_mimxrt1062.o(.isr_vector)
 <LI><a href="#[b7]">DMA11_DMA27_DriverIRQHandler</a> from startup_mimxrt1062.o(.text) referenced from startup_mimxrt1062.o(.text)
 <LI><a href="#[15]">DMA11_DMA27_IRQHandler</a> from startup_mimxrt1062.o(.text) referenced from startup_mimxrt1062.o(.isr_vector)
 <LI><a href="#[b8]">DMA12_DMA28_DriverIRQHandler</a> from startup_mimxrt1062.o(.text) referenced from startup_mimxrt1062.o(.text)
 <LI><a href="#[16]">DMA12_DMA28_IRQHandler</a> from startup_mimxrt1062.o(.text) referenced from startup_mimxrt1062.o(.isr_vector)
 <LI><a href="#[b9]">DMA13_DMA29_DriverIRQHandler</a> from startup_mimxrt1062.o(.text) referenced from startup_mimxrt1062.o(.text)
 <LI><a href="#[17]">DMA13_DMA29_IRQHandler</a> from startup_mimxrt1062.o(.text) referenced from startup_mimxrt1062.o(.isr_vector)
 <LI><a href="#[ba]">DMA14_DMA30_DriverIRQHandler</a> from startup_mimxrt1062.o(.text) referenced from startup_mimxrt1062.o(.text)
 <LI><a href="#[18]">DMA14_DMA30_IRQHandler</a> from startup_mimxrt1062.o(.text) referenced from startup_mimxrt1062.o(.isr_vector)
 <LI><a href="#[bb]">DMA15_DMA31_DriverIRQHandler</a> from startup_mimxrt1062.o(.text) referenced from startup_mimxrt1062.o(.text)
 <LI><a href="#[19]">DMA15_DMA31_IRQHandler</a> from startup_mimxrt1062.o(.text) referenced from startup_mimxrt1062.o(.isr_vector)
 <LI><a href="#[ad]">DMA1_DMA17_DriverIRQHandler</a> from startup_mimxrt1062.o(.text) referenced from startup_mimxrt1062.o(.text)
 <LI><a href="#[b]">DMA1_DMA17_IRQHandler</a> from startup_mimxrt1062.o(.text) referenced from startup_mimxrt1062.o(.isr_vector)
 <LI><a href="#[ae]">DMA2_DMA18_DriverIRQHandler</a> from startup_mimxrt1062.o(.text) referenced from startup_mimxrt1062.o(.text)
 <LI><a href="#[c]">DMA2_DMA18_IRQHandler</a> from startup_mimxrt1062.o(.text) referenced from startup_mimxrt1062.o(.isr_vector)
 <LI><a href="#[af]">DMA3_DMA19_DriverIRQHandler</a> from startup_mimxrt1062.o(.text) referenced from startup_mimxrt1062.o(.text)
 <LI><a href="#[d]">DMA3_DMA19_IRQHandler</a> from startup_mimxrt1062.o(.text) referenced from startup_mimxrt1062.o(.isr_vector)
 <LI><a href="#[b0]">DMA4_DMA20_DriverIRQHandler</a> from startup_mimxrt1062.o(.text) referenced from startup_mimxrt1062.o(.text)
 <LI><a href="#[e]">DMA4_DMA20_IRQHandler</a> from startup_mimxrt1062.o(.text) referenced from startup_mimxrt1062.o(.isr_vector)
 <LI><a href="#[b1]">DMA5_DMA21_DriverIRQHandler</a> from startup_mimxrt1062.o(.text) referenced from startup_mimxrt1062.o(.text)
 <LI><a href="#[f]">DMA5_DMA21_IRQHandler</a> from startup_mimxrt1062.o(.text) referenced from startup_mimxrt1062.o(.isr_vector)
 <LI><a href="#[b2]">DMA6_DMA22_DriverIRQHandler</a> from startup_mimxrt1062.o(.text) referenced from startup_mimxrt1062.o(.text)
 <LI><a href="#[10]">DMA6_DMA22_IRQHandler</a> from startup_mimxrt1062.o(.text) referenced from startup_mimxrt1062.o(.isr_vector)
 <LI><a href="#[b3]">DMA7_DMA23_DriverIRQHandler</a> from startup_mimxrt1062.o(.text) referenced from startup_mimxrt1062.o(.text)
 <LI><a href="#[11]">DMA7_DMA23_IRQHandler</a> from startup_mimxrt1062.o(.text) referenced from startup_mimxrt1062.o(.isr_vector)
 <LI><a href="#[b4]">DMA8_DMA24_DriverIRQHandler</a> from startup_mimxrt1062.o(.text) referenced from startup_mimxrt1062.o(.text)
 <LI><a href="#[12]">DMA8_DMA24_IRQHandler</a> from startup_mimxrt1062.o(.text) referenced from startup_mimxrt1062.o(.isr_vector)
 <LI><a href="#[b5]">DMA9_DMA25_DriverIRQHandler</a> from startup_mimxrt1062.o(.text) referenced from startup_mimxrt1062.o(.text)
 <LI><a href="#[13]">DMA9_DMA25_IRQHandler</a> from startup_mimxrt1062.o(.text) referenced from startup_mimxrt1062.o(.isr_vector)
 <LI><a href="#[bc]">DMA_ERROR_DriverIRQHandler</a> from startup_mimxrt1062.o(.text) referenced from startup_mimxrt1062.o(.text)
 <LI><a href="#[1a]">DMA_ERROR_IRQHandler</a> from startup_mimxrt1062.o(.text) referenced from startup_mimxrt1062.o(.isr_vector)
 <LI><a href="#[7]">DebugMon_Handler</a> from startup_mimxrt1062.o(.text) referenced from startup_mimxrt1062.o(.isr_vector)
 <LI><a href="#[a8]">DefaultISR</a> from startup_mimxrt1062.o(.text) referenced from fsl_lpuart.o(.data.s_lpuartIsr)
 <LI><a href="#[a8]">DefaultISR</a> from startup_mimxrt1062.o(.text) referenced 81 times from startup_mimxrt1062.o(.isr_vector)
 <LI><a href="#[8b]">ENC1_IRQHandler</a> from startup_mimxrt1062.o(.text) referenced from startup_mimxrt1062.o(.isr_vector)
 <LI><a href="#[8c]">ENC2_IRQHandler</a> from startup_mimxrt1062.o(.text) referenced from startup_mimxrt1062.o(.isr_vector)
 <LI><a href="#[8d]">ENC3_IRQHandler</a> from startup_mimxrt1062.o(.text) referenced from startup_mimxrt1062.o(.isr_vector)
 <LI><a href="#[8e]">ENC4_IRQHandler</a> from startup_mimxrt1062.o(.text) referenced from startup_mimxrt1062.o(.isr_vector)
 <LI><a href="#[dd]">ENET2_1588_Timer_DriverIRQHandler</a> from startup_mimxrt1062.o(.text) referenced from startup_mimxrt1062.o(.text)
 <LI><a href="#[a3]">ENET2_1588_Timer_IRQHandler</a> from startup_mimxrt1062.o(.text) referenced from startup_mimxrt1062.o(.isr_vector)
 <LI><a href="#[dc]">ENET2_DriverIRQHandler</a> from startup_mimxrt1062.o(.text) referenced from startup_mimxrt1062.o(.text)
 <LI><a href="#[a2]">ENET2_IRQHandler</a> from startup_mimxrt1062.o(.text) referenced from startup_mimxrt1062.o(.isr_vector)
 <LI><a href="#[db]">ENET_1588_Timer_DriverIRQHandler</a> from startup_mimxrt1062.o(.text) referenced from startup_mimxrt1062.o(.text)
 <LI><a href="#[7d]">ENET_1588_Timer_IRQHandler</a> from startup_mimxrt1062.o(.text) referenced from startup_mimxrt1062.o(.isr_vector)
 <LI><a href="#[da]">ENET_DriverIRQHandler</a> from startup_mimxrt1062.o(.text) referenced from startup_mimxrt1062.o(.text)
 <LI><a href="#[7c]">ENET_IRQHandler</a> from startup_mimxrt1062.o(.text) referenced from startup_mimxrt1062.o(.isr_vector)
 <LI><a href="#[68]">EWM_IRQHandler</a> from startup_mimxrt1062.o(.text) referenced from startup_mimxrt1062.o(.isr_vector)
 <LI><a href="#[d4]">FLEXIO1_DriverIRQHandler</a> from startup_mimxrt1062.o(.text) referenced from startup_mimxrt1062.o(.text)
 <LI><a href="#[64]">FLEXIO1_IRQHandler</a> from startup_mimxrt1062.o(.text) referenced from startup_mimxrt1062.o(.isr_vector)
 <LI><a href="#[d5]">FLEXIO2_DriverIRQHandler</a> from startup_mimxrt1062.o(.text) referenced from startup_mimxrt1062.o(.text)
 <LI><a href="#[65]">FLEXIO2_IRQHandler</a> from startup_mimxrt1062.o(.text) referenced from startup_mimxrt1062.o(.isr_vector)
 <LI><a href="#[df]">FLEXIO3_DriverIRQHandler</a> from startup_mimxrt1062.o(.text) referenced from startup_mimxrt1062.o(.text)
 <LI><a href="#[a6]">FLEXIO3_IRQHandler</a> from startup_mimxrt1062.o(.text) referenced from startup_mimxrt1062.o(.isr_vector)
 <LI><a href="#[30]">FLEXRAM_IRQHandler</a> from startup_mimxrt1062.o(.text) referenced from startup_mimxrt1062.o(.isr_vector)
 <LI><a href="#[d6]">FLEXSPI2_DriverIRQHandler</a> from startup_mimxrt1062.o(.text) referenced from startup_mimxrt1062.o(.text)
 <LI><a href="#[75]">FLEXSPI2_IRQHandler</a> from startup_mimxrt1062.o(.text) referenced from startup_mimxrt1062.o(.isr_vector)
 <LI><a href="#[d7]">FLEXSPI_DriverIRQHandler</a> from startup_mimxrt1062.o(.text) referenced from startup_mimxrt1062.o(.text)
 <LI><a href="#[76]">FLEXSPI_IRQHandler</a> from startup_mimxrt1062.o(.text) referenced from startup_mimxrt1062.o(.isr_vector)
 <LI><a href="#[6b]">GPC_IRQHandler</a> from startup_mimxrt1062.o(.text) referenced from startup_mimxrt1062.o(.isr_vector)
 <LI><a href="#[51]">GPIO10_Combined_0_31_IRQHandler</a> from startup_mimxrt1062.o(.text) referenced from startup_mimxrt1062.o(.isr_vector)
 <LI><a href="#[5a]">GPIO1_Combined_0_15_IRQHandler</a> from startup_mimxrt1062.o(.text) referenced from startup_mimxrt1062.o(.isr_vector)
 <LI><a href="#[5b]">GPIO1_Combined_16_31_IRQHandler</a> from startup_mimxrt1062.o(.text) referenced from startup_mimxrt1062.o(.isr_vector)
 <LI><a href="#[52]">GPIO1_INT0_IRQHandler</a> from startup_mimxrt1062.o(.text) referenced from startup_mimxrt1062.o(.isr_vector)
 <LI><a href="#[53]">GPIO1_INT1_IRQHandler</a> from startup_mimxrt1062.o(.text) referenced from startup_mimxrt1062.o(.isr_vector)
 <LI><a href="#[54]">GPIO1_INT2_IRQHandler</a> from startup_mimxrt1062.o(.text) referenced from startup_mimxrt1062.o(.isr_vector)
 <LI><a href="#[55]">GPIO1_INT3_IRQHandler</a> from startup_mimxrt1062.o(.text) referenced from startup_mimxrt1062.o(.isr_vector)
 <LI><a href="#[56]">GPIO1_INT4_IRQHandler</a> from startup_mimxrt1062.o(.text) referenced from startup_mimxrt1062.o(.isr_vector)
 <LI><a href="#[57]">GPIO1_INT5_IRQHandler</a> from startup_mimxrt1062.o(.text) referenced from startup_mimxrt1062.o(.isr_vector)
 <LI><a href="#[58]">GPIO1_INT6_IRQHandler</a> from startup_mimxrt1062.o(.text) referenced from startup_mimxrt1062.o(.isr_vector)
 <LI><a href="#[59]">GPIO1_INT7_IRQHandler</a> from startup_mimxrt1062.o(.text) referenced from startup_mimxrt1062.o(.isr_vector)
 <LI><a href="#[5c]">GPIO2_Combined_0_15_IRQHandler</a> from startup_mimxrt1062.o(.text) referenced from startup_mimxrt1062.o(.isr_vector)
 <LI><a href="#[5d]">GPIO2_Combined_16_31_IRQHandler</a> from startup_mimxrt1062.o(.text) referenced from startup_mimxrt1062.o(.isr_vector)
 <LI><a href="#[5e]">GPIO3_Combined_0_15_IRQHandler</a> from startup_mimxrt1062.o(.text) referenced from startup_mimxrt1062.o(.isr_vector)
 <LI><a href="#[5f]">GPIO3_Combined_16_31_IRQHandler</a> from startup_mimxrt1062.o(.text) referenced from startup_mimxrt1062.o(.isr_vector)
 <LI><a href="#[60]">GPIO4_Combined_0_15_IRQHandler</a> from startup_mimxrt1062.o(.text) referenced from startup_mimxrt1062.o(.isr_vector)
 <LI><a href="#[61]">GPIO4_Combined_16_31_IRQHandler</a> from startup_mimxrt1062.o(.text) referenced from startup_mimxrt1062.o(.isr_vector)
 <LI><a href="#[62]">GPIO5_Combined_0_15_IRQHandler</a> from startup_mimxrt1062.o(.text) referenced from startup_mimxrt1062.o(.isr_vector)
 <LI><a href="#[63]">GPIO5_Combined_16_31_IRQHandler</a> from startup_mimxrt1062.o(.text) referenced from startup_mimxrt1062.o(.isr_vector)
 <LI><a href="#[a7]">GPIO6_7_8_9_IRQHandler</a> from startup_mimxrt1062.o(.text) referenced from startup_mimxrt1062.o(.isr_vector)
 <LI><a href="#[33]">GPR_IRQ_IRQHandler</a> from startup_mimxrt1062.o(.text) referenced from startup_mimxrt1062.o(.isr_vector)
 <LI><a href="#[6e]">GPT1_IRQHandler</a> from startup_mimxrt1062.o(.text) referenced from startup_mimxrt1062.o(.isr_vector)
 <LI><a href="#[6f]">GPT2_IRQHandler</a> from startup_mimxrt1062.o(.text) referenced from startup_mimxrt1062.o(.isr_vector)
 <LI><a href="#[e1]">HAL_UartReceiveBlocking</a> from fsl_adapter_lpuart.o(.text.HAL_UartReceiveBlocking) referenced 2 times from fsl_debug_console.o(.text.DbgConsole_Init)
 <LI><a href="#[e0]">HAL_UartSendBlocking</a> from fsl_adapter_lpuart.o(.text.HAL_UartSendBlocking) referenced 2 times from fsl_debug_console.o(.text.DbgConsole_Init)
 <LI><a href="#[2]">HardFault_Handler</a> from startup_mimxrt1062.o(.text) referenced from startup_mimxrt1062.o(.isr_vector)
 <LI><a href="#[2]">HardFault_Handler</a> from startup_mimxrt1062.o(.text) referenced from startup_mimxrt1062.o(.text)
 <LI><a href="#[31]">KPP_IRQHandler</a> from startup_mimxrt1062.o(.text) referenced from startup_mimxrt1062.o(.isr_vector)
 <LI><a href="#[34]">LCDIF_IRQHandler</a> from elcdif_rgb.o(.text.LCDIF_IRQHandler) referenced from startup_mimxrt1062.o(.isr_vector)
 <LI><a href="#[c5]">LPI2C1_DriverIRQHandler</a> from startup_mimxrt1062.o(.text) referenced from startup_mimxrt1062.o(.text)
 <LI><a href="#[26]">LPI2C1_IRQHandler</a> from startup_mimxrt1062.o(.text) referenced from startup_mimxrt1062.o(.isr_vector)
 <LI><a href="#[c6]">LPI2C2_DriverIRQHandler</a> from startup_mimxrt1062.o(.text) referenced from startup_mimxrt1062.o(.text)
 <LI><a href="#[27]">LPI2C2_IRQHandler</a> from startup_mimxrt1062.o(.text) referenced from startup_mimxrt1062.o(.isr_vector)
 <LI><a href="#[c7]">LPI2C3_DriverIRQHandler</a> from startup_mimxrt1062.o(.text) referenced from startup_mimxrt1062.o(.text)
 <LI><a href="#[28]">LPI2C3_IRQHandler</a> from startup_mimxrt1062.o(.text) referenced from startup_mimxrt1062.o(.isr_vector)
 <LI><a href="#[c8]">LPI2C4_DriverIRQHandler</a> from startup_mimxrt1062.o(.text) referenced from startup_mimxrt1062.o(.text)
 <LI><a href="#[29]">LPI2C4_IRQHandler</a> from startup_mimxrt1062.o(.text) referenced from startup_mimxrt1062.o(.isr_vector)
 <LI><a href="#[c9]">LPSPI1_DriverIRQHandler</a> from startup_mimxrt1062.o(.text) referenced from startup_mimxrt1062.o(.text)
 <LI><a href="#[2a]">LPSPI1_IRQHandler</a> from startup_mimxrt1062.o(.text) referenced from startup_mimxrt1062.o(.isr_vector)
 <LI><a href="#[ca]">LPSPI2_DriverIRQHandler</a> from startup_mimxrt1062.o(.text) referenced from startup_mimxrt1062.o(.text)
 <LI><a href="#[2b]">LPSPI2_IRQHandler</a> from startup_mimxrt1062.o(.text) referenced from startup_mimxrt1062.o(.isr_vector)
 <LI><a href="#[cb]">LPSPI3_DriverIRQHandler</a> from startup_mimxrt1062.o(.text) referenced from startup_mimxrt1062.o(.text)
 <LI><a href="#[2c]">LPSPI3_IRQHandler</a> from startup_mimxrt1062.o(.text) referenced from startup_mimxrt1062.o(.isr_vector)
 <LI><a href="#[cc]">LPSPI4_DriverIRQHandler</a> from startup_mimxrt1062.o(.text) referenced from startup_mimxrt1062.o(.text)
 <LI><a href="#[2d]">LPSPI4_IRQHandler</a> from startup_mimxrt1062.o(.text) referenced from startup_mimxrt1062.o(.isr_vector)
 <LI><a href="#[bd]">LPUART1_DriverIRQHandler</a> from fsl_lpuart.o(.text.LPUART1_DriverIRQHandler) referenced from startup_mimxrt1062.o(.text)
 <LI><a href="#[1e]">LPUART1_IRQHandler</a> from startup_mimxrt1062.o(.text) referenced from startup_mimxrt1062.o(.isr_vector)
 <LI><a href="#[be]">LPUART2_DriverIRQHandler</a> from fsl_lpuart.o(.text.LPUART2_DriverIRQHandler) referenced from startup_mimxrt1062.o(.text)
 <LI><a href="#[1f]">LPUART2_IRQHandler</a> from startup_mimxrt1062.o(.text) referenced from startup_mimxrt1062.o(.isr_vector)
 <LI><a href="#[bf]">LPUART3_DriverIRQHandler</a> from fsl_lpuart.o(.text.LPUART3_DriverIRQHandler) referenced from startup_mimxrt1062.o(.text)
 <LI><a href="#[20]">LPUART3_IRQHandler</a> from startup_mimxrt1062.o(.text) referenced from startup_mimxrt1062.o(.isr_vector)
 <LI><a href="#[c0]">LPUART4_DriverIRQHandler</a> from fsl_lpuart.o(.text.LPUART4_DriverIRQHandler) referenced from startup_mimxrt1062.o(.text)
 <LI><a href="#[21]">LPUART4_IRQHandler</a> from startup_mimxrt1062.o(.text) referenced from startup_mimxrt1062.o(.isr_vector)
 <LI><a href="#[c1]">LPUART5_DriverIRQHandler</a> from fsl_lpuart.o(.text.LPUART5_DriverIRQHandler) referenced from startup_mimxrt1062.o(.text)
 <LI><a href="#[22]">LPUART5_IRQHandler</a> from startup_mimxrt1062.o(.text) referenced from startup_mimxrt1062.o(.isr_vector)
 <LI><a href="#[c2]">LPUART6_DriverIRQHandler</a> from fsl_lpuart.o(.text.LPUART6_DriverIRQHandler) referenced from startup_mimxrt1062.o(.text)
 <LI><a href="#[23]">LPUART6_IRQHandler</a> from startup_mimxrt1062.o(.text) referenced from startup_mimxrt1062.o(.isr_vector)
 <LI><a href="#[c3]">LPUART7_DriverIRQHandler</a> from fsl_lpuart.o(.text.LPUART7_DriverIRQHandler) referenced from startup_mimxrt1062.o(.text)
 <LI><a href="#[24]">LPUART7_IRQHandler</a> from startup_mimxrt1062.o(.text) referenced from startup_mimxrt1062.o(.isr_vector)
 <LI><a href="#[c4]">LPUART8_DriverIRQHandler</a> from fsl_lpuart.o(.text.LPUART8_DriverIRQHandler) referenced from startup_mimxrt1062.o(.text)
 <LI><a href="#[25]">LPUART8_IRQHandler</a> from startup_mimxrt1062.o(.text) referenced from startup_mimxrt1062.o(.isr_vector)
 <LI><a href="#[3]">MemManage_Handler</a> from startup_mimxrt1062.o(.text) referenced from startup_mimxrt1062.o(.isr_vector)
 <LI><a href="#[1]">NMI_Handler</a> from startup_mimxrt1062.o(.text) referenced from startup_mimxrt1062.o(.isr_vector)
 <LI><a href="#[1]">NMI_Handler</a> from startup_mimxrt1062.o(.text) referenced from startup_mimxrt1062.o(.text)
 <LI><a href="#[84]">PIT_IRQHandler</a> from startup_mimxrt1062.o(.text) referenced from startup_mimxrt1062.o(.isr_vector)
 <LI><a href="#[47]">PMU_EVENT_IRQHandler</a> from startup_mimxrt1062.o(.text) referenced from startup_mimxrt1062.o(.isr_vector)
 <LI><a href="#[70]">PWM1_0_IRQHandler</a> from startup_mimxrt1062.o(.text) referenced from startup_mimxrt1062.o(.isr_vector)
 <LI><a href="#[71]">PWM1_1_IRQHandler</a> from startup_mimxrt1062.o(.text) referenced from startup_mimxrt1062.o(.isr_vector)
 <LI><a href="#[72]">PWM1_2_IRQHandler</a> from startup_mimxrt1062.o(.text) referenced from startup_mimxrt1062.o(.isr_vector)
 <LI><a href="#[73]">PWM1_3_IRQHandler</a> from startup_mimxrt1062.o(.text) referenced from startup_mimxrt1062.o(.isr_vector)
 <LI><a href="#[74]">PWM1_FAULT_IRQHandler</a> from startup_mimxrt1062.o(.text) referenced from startup_mimxrt1062.o(.isr_vector)
 <LI><a href="#[93]">PWM2_0_IRQHandler</a> from startup_mimxrt1062.o(.text) referenced from startup_mimxrt1062.o(.isr_vector)
 <LI><a href="#[94]">PWM2_1_IRQHandler</a> from startup_mimxrt1062.o(.text) referenced from startup_mimxrt1062.o(.isr_vector)
 <LI><a href="#[95]">PWM2_2_IRQHandler</a> from startup_mimxrt1062.o(.text) referenced from startup_mimxrt1062.o(.isr_vector)
 <LI><a href="#[96]">PWM2_3_IRQHandler</a> from startup_mimxrt1062.o(.text) referenced from startup_mimxrt1062.o(.isr_vector)
 <LI><a href="#[97]">PWM2_FAULT_IRQHandler</a> from startup_mimxrt1062.o(.text) referenced from startup_mimxrt1062.o(.isr_vector)
 <LI><a href="#[98]">PWM3_0_IRQHandler</a> from startup_mimxrt1062.o(.text) referenced from startup_mimxrt1062.o(.isr_vector)
 <LI><a href="#[99]">PWM3_1_IRQHandler</a> from startup_mimxrt1062.o(.text) referenced from startup_mimxrt1062.o(.isr_vector)
 <LI><a href="#[9a]">PWM3_2_IRQHandler</a> from startup_mimxrt1062.o(.text) referenced from startup_mimxrt1062.o(.isr_vector)
 <LI><a href="#[9b]">PWM3_3_IRQHandler</a> from startup_mimxrt1062.o(.text) referenced from startup_mimxrt1062.o(.isr_vector)
 <LI><a href="#[9c]">PWM3_FAULT_IRQHandler</a> from startup_mimxrt1062.o(.text) referenced from startup_mimxrt1062.o(.isr_vector)
 <LI><a href="#[9d]">PWM4_0_IRQHandler</a> from startup_mimxrt1062.o(.text) referenced from startup_mimxrt1062.o(.isr_vector)
 <LI><a href="#[9e]">PWM4_1_IRQHandler</a> from startup_mimxrt1062.o(.text) referenced from startup_mimxrt1062.o(.isr_vector)
 <LI><a href="#[9f]">PWM4_2_IRQHandler</a> from startup_mimxrt1062.o(.text) referenced from startup_mimxrt1062.o(.isr_vector)
 <LI><a href="#[a0]">PWM4_3_IRQHandler</a> from startup_mimxrt1062.o(.text) referenced from startup_mimxrt1062.o(.isr_vector)
 <LI><a href="#[a1]">PWM4_FAULT_IRQHandler</a> from startup_mimxrt1062.o(.text) referenced from startup_mimxrt1062.o(.isr_vector)
 <LI><a href="#[36]">PXP_IRQHandler</a> from startup_mimxrt1062.o(.text) referenced from startup_mimxrt1062.o(.isr_vector)
 <LI><a href="#[8]">PendSV_Handler</a> from startup_mimxrt1062.o(.text) referenced from startup_mimxrt1062.o(.isr_vector)
 <LI><a href="#[8]">PendSV_Handler</a> from startup_mimxrt1062.o(.text) referenced from startup_mimxrt1062.o(.text)
 <LI><a href="#[67]">RTWDOG_IRQHandler</a> from startup_mimxrt1062.o(.text) referenced from startup_mimxrt1062.o(.isr_vector)
 <LI><a href="#[6d]">Reserved115_IRQHandler</a> from startup_mimxrt1062.o(.text) referenced from startup_mimxrt1062.o(.isr_vector)
 <LI><a href="#[89]">Reserved143_IRQHandler</a> from startup_mimxrt1062.o(.text) referenced from startup_mimxrt1062.o(.isr_vector)
 <LI><a href="#[8a]">Reserved144_IRQHandler</a> from startup_mimxrt1062.o(.text) referenced from startup_mimxrt1062.o(.isr_vector)
 <LI><a href="#[a5]">Reserved171_IRQHandler</a> from startup_mimxrt1062.o(.text) referenced from startup_mimxrt1062.o(.isr_vector)
 <LI><a href="#[3e]">Reserved68_IRQHandler</a> from startup_mimxrt1062.o(.text) referenced from startup_mimxrt1062.o(.isr_vector)
 <LI><a href="#[48]">Reserved78_IRQHandler</a> from startup_mimxrt1062.o(.text) referenced from startup_mimxrt1062.o(.isr_vector)
 <LI><a href="#[50]">Reserved86_IRQHandler</a> from startup_mimxrt1062.o(.text) referenced from startup_mimxrt1062.o(.isr_vector)
 <LI><a href="#[0]">Reset_Handler</a> from startup_mimxrt1062.o(.text) referenced from startup_mimxrt1062.o(.isr_vector)
 <LI><a href="#[cf]">SAI1_DriverIRQHandler</a> from startup_mimxrt1062.o(.text) referenced from startup_mimxrt1062.o(.text)
 <LI><a href="#[42]">SAI1_IRQHandler</a> from startup_mimxrt1062.o(.text) referenced from startup_mimxrt1062.o(.isr_vector)
 <LI><a href="#[d0]">SAI2_DriverIRQHandler</a> from startup_mimxrt1062.o(.text) referenced from startup_mimxrt1062.o(.text)
 <LI><a href="#[43]">SAI2_IRQHandler</a> from startup_mimxrt1062.o(.text) referenced from startup_mimxrt1062.o(.isr_vector)
 <LI><a href="#[d1]">SAI3_RX_DriverIRQHandler</a> from startup_mimxrt1062.o(.text) referenced from startup_mimxrt1062.o(.text)
 <LI><a href="#[44]">SAI3_RX_IRQHandler</a> from startup_mimxrt1062.o(.text) referenced from startup_mimxrt1062.o(.isr_vector)
 <LI><a href="#[d2]">SAI3_TX_DriverIRQHandler</a> from startup_mimxrt1062.o(.text) referenced from startup_mimxrt1062.o(.text)
 <LI><a href="#[45]">SAI3_TX_IRQHandler</a> from startup_mimxrt1062.o(.text) referenced from startup_mimxrt1062.o(.isr_vector)
 <LI><a href="#[77]">SEMC_IRQHandler</a> from startup_mimxrt1062.o(.text) referenced from startup_mimxrt1062.o(.isr_vector)
 <LI><a href="#[40]">SJC_IRQHandler</a> from startup_mimxrt1062.o(.text) referenced from startup_mimxrt1062.o(.isr_vector)
 <LI><a href="#[38]">SNVS_HP_WRAPPER_IRQHandler</a> from startup_mimxrt1062.o(.text) referenced from startup_mimxrt1062.o(.isr_vector)
 <LI><a href="#[39]">SNVS_HP_WRAPPER_TZ_IRQHandler</a> from startup_mimxrt1062.o(.text) referenced from startup_mimxrt1062.o(.isr_vector)
 <LI><a href="#[3a]">SNVS_LP_WRAPPER_IRQHandler</a> from startup_mimxrt1062.o(.text) referenced from startup_mimxrt1062.o(.isr_vector)
 <LI><a href="#[d3]">SPDIF_DriverIRQHandler</a> from startup_mimxrt1062.o(.text) referenced from startup_mimxrt1062.o(.text)
 <LI><a href="#[46]">SPDIF_IRQHandler</a> from startup_mimxrt1062.o(.text) referenced from startup_mimxrt1062.o(.isr_vector)
 <LI><a href="#[6c]">SRC_IRQHandler</a> from startup_mimxrt1062.o(.text) referenced from startup_mimxrt1062.o(.isr_vector)
 <LI><a href="#[6]">SVC_Handler</a> from startup_mimxrt1062.o(.text) referenced from startup_mimxrt1062.o(.isr_vector)
 <LI><a href="#[6]">SVC_Handler</a> from startup_mimxrt1062.o(.text) referenced from startup_mimxrt1062.o(.text)
 <LI><a href="#[9]">SysTick_Handler</a> from startup_mimxrt1062.o(.text) referenced from startup_mimxrt1062.o(.isr_vector)
 <LI><a href="#[9]">SysTick_Handler</a> from startup_mimxrt1062.o(.text) referenced from startup_mimxrt1062.o(.text)
 <LI><a href="#[aa]">SystemInit</a> from system_mimxrt1062.o(.text.SystemInit) referenced from startup_mimxrt1062.o(.text)
 <LI><a href="#[49]">TEMP_LOW_HIGH_IRQHandler</a> from startup_mimxrt1062.o(.text) referenced from startup_mimxrt1062.o(.isr_vector)
 <LI><a href="#[4a]">TEMP_PANIC_IRQHandler</a> from startup_mimxrt1062.o(.text) referenced from startup_mimxrt1062.o(.isr_vector)
 <LI><a href="#[8f]">TMR1_IRQHandler</a> from startup_mimxrt1062.o(.text) referenced from startup_mimxrt1062.o(.isr_vector)
 <LI><a href="#[90]">TMR2_IRQHandler</a> from startup_mimxrt1062.o(.text) referenced from startup_mimxrt1062.o(.isr_vector)
 <LI><a href="#[91]">TMR3_IRQHandler</a> from startup_mimxrt1062.o(.text) referenced from startup_mimxrt1062.o(.isr_vector)
 <LI><a href="#[92]">TMR4_IRQHandler</a> from startup_mimxrt1062.o(.text) referenced from startup_mimxrt1062.o(.isr_vector)
 <LI><a href="#[3f]">TRNG_IRQHandler</a> from startup_mimxrt1062.o(.text) referenced from startup_mimxrt1062.o(.isr_vector)
 <LI><a href="#[32]">TSC_DIG_IRQHandler</a> from startup_mimxrt1062.o(.text) referenced from startup_mimxrt1062.o(.isr_vector)
 <LI><a href="#[7b]">USB_OTG1_IRQHandler</a> from startup_mimxrt1062.o(.text) referenced from startup_mimxrt1062.o(.isr_vector)
 <LI><a href="#[7a]">USB_OTG2_IRQHandler</a> from startup_mimxrt1062.o(.text) referenced from startup_mimxrt1062.o(.isr_vector)
 <LI><a href="#[4b]">USB_PHY1_IRQHandler</a> from startup_mimxrt1062.o(.text) referenced from startup_mimxrt1062.o(.isr_vector)
 <LI><a href="#[4c]">USB_PHY2_IRQHandler</a> from startup_mimxrt1062.o(.text) referenced from startup_mimxrt1062.o(.isr_vector)
 <LI><a href="#[d8]">USDHC1_DriverIRQHandler</a> from startup_mimxrt1062.o(.text) referenced from startup_mimxrt1062.o(.text)
 <LI><a href="#[78]">USDHC1_IRQHandler</a> from startup_mimxrt1062.o(.text) referenced from startup_mimxrt1062.o(.isr_vector)
 <LI><a href="#[d9]">USDHC2_DriverIRQHandler</a> from startup_mimxrt1062.o(.text) referenced from startup_mimxrt1062.o(.text)
 <LI><a href="#[79]">USDHC2_IRQHandler</a> from startup_mimxrt1062.o(.text) referenced from startup_mimxrt1062.o(.isr_vector)
 <LI><a href="#[5]">UsageFault_Handler</a> from startup_mimxrt1062.o(.text) referenced from startup_mimxrt1062.o(.isr_vector)
 <LI><a href="#[66]">WDOG1_IRQHandler</a> from startup_mimxrt1062.o(.text) referenced from startup_mimxrt1062.o(.isr_vector)
 <LI><a href="#[37]">WDOG2_IRQHandler</a> from startup_mimxrt1062.o(.text) referenced from startup_mimxrt1062.o(.isr_vector)
 <LI><a href="#[7e]">XBAR1_IRQ_0_1_IRQHandler</a> from startup_mimxrt1062.o(.text) referenced from startup_mimxrt1062.o(.isr_vector)
 <LI><a href="#[7f]">XBAR1_IRQ_2_3_IRQHandler</a> from startup_mimxrt1062.o(.text) referenced from startup_mimxrt1062.o(.isr_vector)
 <LI><a href="#[ab]">__main</a> from entry.o(.ARM.Collect$$$$00000000) referenced from startup_mimxrt1062.o(.text)
 <LI><a href="#[a9]">main</a> from elcdif_rgb.o(.text.main) referenced from entry9a.o(.ARM.Collect$$$$0000000B)
</UL>
<P>
<H3>
Global Symbols
</H3>
<P><STRONG><a name="[ab]"></a>__main</STRONG> (Thumb, 0 bytes, Stack size unknown bytes, entry.o(.ARM.Collect$$$$00000000))
<BR>[Address Reference Count : 1]<UL><LI> startup_mimxrt1062.o(.text)
</UL>
<P><STRONG><a name="[105]"></a>_main_stk</STRONG> (Thumb, 0 bytes, Stack size unknown bytes, entry4.o(.ARM.Collect$$$$00000003))

<P><STRONG><a name="[e2]"></a>_main_scatterload</STRONG> (Thumb, 0 bytes, Stack size unknown bytes, entry5.o(.ARM.Collect$$$$00000004))
<BR><BR>[Calls]<UL><LI><a href="#[e3]">&gt;&gt;</a>&nbsp;&nbsp;&nbsp;__scatterload
</UL>

<P><STRONG><a name="[e4]"></a>__main_after_scatterload</STRONG> (Thumb, 0 bytes, Stack size unknown bytes, entry5.o(.ARM.Collect$$$$00000004))
<BR><BR>[Called By]<UL><LI><a href="#[e3]">&gt;&gt;</a>&nbsp;&nbsp;&nbsp;__scatterload
</UL>

<P><STRONG><a name="[106]"></a>_main_clock</STRONG> (Thumb, 0 bytes, Stack size unknown bytes, entry7b.o(.ARM.Collect$$$$00000008))

<P><STRONG><a name="[107]"></a>_main_cpp_init</STRONG> (Thumb, 0 bytes, Stack size unknown bytes, entry8b.o(.ARM.Collect$$$$0000000A))

<P><STRONG><a name="[108]"></a>_main_init</STRONG> (Thumb, 0 bytes, Stack size unknown bytes, entry9a.o(.ARM.Collect$$$$0000000B))

<P><STRONG><a name="[109]"></a>__rt_final_cpp</STRONG> (Thumb, 0 bytes, Stack size unknown bytes, entry10a.o(.ARM.Collect$$$$0000000D))

<P><STRONG><a name="[10a]"></a>__rt_final_exit</STRONG> (Thumb, 0 bytes, Stack size unknown bytes, entry11a.o(.ARM.Collect$$$$0000000F))

<P><STRONG><a name="[0]"></a>Reset_Handler</STRONG> (Thumb, 40 bytes, Stack size unknown bytes, startup_mimxrt1062.o(.text))
<BR>[Address Reference Count : 1]<UL><LI> startup_mimxrt1062.o(.isr_vector)
</UL>
<P><STRONG><a name="[85]"></a>ACMP1_IRQHandler</STRONG> (Thumb, 4 bytes, Stack size unknown bytes, startup_mimxrt1062.o(.text))
<BR><BR>[Calls]<UL><LI><a href="#[a8]">&gt;&gt;</a>&nbsp;&nbsp;&nbsp;DefaultISR
</UL>
<BR>[Address Reference Count : 1]<UL><LI> startup_mimxrt1062.o(.isr_vector)
</UL>
<P><STRONG><a name="[86]"></a>ACMP2_IRQHandler</STRONG> (Thumb, 4 bytes, Stack size unknown bytes, startup_mimxrt1062.o(.text))
<BR>[Address Reference Count : 1]<UL><LI> startup_mimxrt1062.o(.isr_vector)
</UL>
<P><STRONG><a name="[87]"></a>ACMP3_IRQHandler</STRONG> (Thumb, 4 bytes, Stack size unknown bytes, startup_mimxrt1062.o(.text))
<BR>[Address Reference Count : 1]<UL><LI> startup_mimxrt1062.o(.isr_vector)
</UL>
<P><STRONG><a name="[88]"></a>ACMP4_IRQHandler</STRONG> (Thumb, 4 bytes, Stack size unknown bytes, startup_mimxrt1062.o(.text))
<BR>[Address Reference Count : 1]<UL><LI> startup_mimxrt1062.o(.isr_vector)
</UL>
<P><STRONG><a name="[4d]"></a>ADC1_IRQHandler</STRONG> (Thumb, 4 bytes, Stack size unknown bytes, startup_mimxrt1062.o(.text))
<BR>[Address Reference Count : 1]<UL><LI> startup_mimxrt1062.o(.isr_vector)
</UL>
<P><STRONG><a name="[4e]"></a>ADC2_IRQHandler</STRONG> (Thumb, 4 bytes, Stack size unknown bytes, startup_mimxrt1062.o(.text))
<BR>[Address Reference Count : 1]<UL><LI> startup_mimxrt1062.o(.isr_vector)
</UL>
<P><STRONG><a name="[83]"></a>ADC_ETC_ERROR_IRQ_IRQHandler</STRONG> (Thumb, 4 bytes, Stack size unknown bytes, startup_mimxrt1062.o(.text))
<BR>[Address Reference Count : 1]<UL><LI> startup_mimxrt1062.o(.isr_vector)
</UL>
<P><STRONG><a name="[80]"></a>ADC_ETC_IRQ0_IRQHandler</STRONG> (Thumb, 4 bytes, Stack size unknown bytes, startup_mimxrt1062.o(.text))
<BR>[Address Reference Count : 1]<UL><LI> startup_mimxrt1062.o(.isr_vector)
</UL>
<P><STRONG><a name="[81]"></a>ADC_ETC_IRQ1_IRQHandler</STRONG> (Thumb, 4 bytes, Stack size unknown bytes, startup_mimxrt1062.o(.text))
<BR>[Address Reference Count : 1]<UL><LI> startup_mimxrt1062.o(.isr_vector)
</UL>
<P><STRONG><a name="[82]"></a>ADC_ETC_IRQ2_IRQHandler</STRONG> (Thumb, 4 bytes, Stack size unknown bytes, startup_mimxrt1062.o(.text))
<BR>[Address Reference Count : 1]<UL><LI> startup_mimxrt1062.o(.isr_vector)
</UL>
<P><STRONG><a name="[41]"></a>BEE_IRQHandler</STRONG> (Thumb, 4 bytes, Stack size unknown bytes, startup_mimxrt1062.o(.text))
<BR>[Address Reference Count : 1]<UL><LI> startup_mimxrt1062.o(.isr_vector)
</UL>
<P><STRONG><a name="[4]"></a>BusFault_Handler</STRONG> (Thumb, 4 bytes, Stack size unknown bytes, startup_mimxrt1062.o(.text))
<BR>[Address Reference Count : 1]<UL><LI> startup_mimxrt1062.o(.isr_vector)
</UL>
<P><STRONG><a name="[cd]"></a>CAN1_DriverIRQHandler</STRONG> (Thumb, 4 bytes, Stack size unknown bytes, startup_mimxrt1062.o(.text))
<BR>[Address Reference Count : 1]<UL><LI> startup_mimxrt1062.o(.text)
</UL>
<P><STRONG><a name="[ce]"></a>CAN2_DriverIRQHandler</STRONG> (Thumb, 4 bytes, Stack size unknown bytes, startup_mimxrt1062.o(.text))
<BR>[Address Reference Count : 1]<UL><LI> startup_mimxrt1062.o(.text)
</UL>
<P><STRONG><a name="[de]"></a>CAN3_DriverIRQHandler</STRONG> (Thumb, 4 bytes, Stack size unknown bytes, startup_mimxrt1062.o(.text))
<BR>[Address Reference Count : 1]<UL><LI> startup_mimxrt1062.o(.text)
</UL>
<P><STRONG><a name="[69]"></a>CCM_1_IRQHandler</STRONG> (Thumb, 4 bytes, Stack size unknown bytes, startup_mimxrt1062.o(.text))
<BR>[Address Reference Count : 1]<UL><LI> startup_mimxrt1062.o(.isr_vector)
</UL>
<P><STRONG><a name="[6a]"></a>CCM_2_IRQHandler</STRONG> (Thumb, 4 bytes, Stack size unknown bytes, startup_mimxrt1062.o(.text))
<BR>[Address Reference Count : 1]<UL><LI> startup_mimxrt1062.o(.isr_vector)
</UL>
<P><STRONG><a name="[1d]"></a>CORE_IRQHandler</STRONG> (Thumb, 4 bytes, Stack size unknown bytes, startup_mimxrt1062.o(.text))
<BR>[Address Reference Count : 1]<UL><LI> startup_mimxrt1062.o(.isr_vector)
</UL>
<P><STRONG><a name="[35]"></a>CSI_IRQHandler</STRONG> (Thumb, 4 bytes, Stack size unknown bytes, startup_mimxrt1062.o(.text))
<BR>[Address Reference Count : 1]<UL><LI> startup_mimxrt1062.o(.isr_vector)
</UL>
<P><STRONG><a name="[3b]"></a>CSU_IRQHandler</STRONG> (Thumb, 4 bytes, Stack size unknown bytes, startup_mimxrt1062.o(.text))
<BR>[Address Reference Count : 1]<UL><LI> startup_mimxrt1062.o(.isr_vector)
</UL>
<P><STRONG><a name="[1b]"></a>CTI0_ERROR_IRQHandler</STRONG> (Thumb, 4 bytes, Stack size unknown bytes, startup_mimxrt1062.o(.text))
<BR>[Address Reference Count : 1]<UL><LI> startup_mimxrt1062.o(.isr_vector)
</UL>
<P><STRONG><a name="[1c]"></a>CTI1_ERROR_IRQHandler</STRONG> (Thumb, 4 bytes, Stack size unknown bytes, startup_mimxrt1062.o(.text))
<BR>[Address Reference Count : 1]<UL><LI> startup_mimxrt1062.o(.isr_vector)
</UL>
<P><STRONG><a name="[4f]"></a>DCDC_IRQHandler</STRONG> (Thumb, 4 bytes, Stack size unknown bytes, startup_mimxrt1062.o(.text))
<BR>[Address Reference Count : 1]<UL><LI> startup_mimxrt1062.o(.isr_vector)
</UL>
<P><STRONG><a name="[3c]"></a>DCP_IRQHandler</STRONG> (Thumb, 4 bytes, Stack size unknown bytes, startup_mimxrt1062.o(.text))
<BR>[Address Reference Count : 1]<UL><LI> startup_mimxrt1062.o(.isr_vector)
</UL>
<P><STRONG><a name="[3d]"></a>DCP_VMI_IRQHandler</STRONG> (Thumb, 4 bytes, Stack size unknown bytes, startup_mimxrt1062.o(.text))
<BR>[Address Reference Count : 1]<UL><LI> startup_mimxrt1062.o(.isr_vector)
</UL>
<P><STRONG><a name="[ac]"></a>DMA0_DMA16_DriverIRQHandler</STRONG> (Thumb, 4 bytes, Stack size unknown bytes, startup_mimxrt1062.o(.text))
<BR>[Address Reference Count : 1]<UL><LI> startup_mimxrt1062.o(.text)
</UL>
<P><STRONG><a name="[b6]"></a>DMA10_DMA26_DriverIRQHandler</STRONG> (Thumb, 4 bytes, Stack size unknown bytes, startup_mimxrt1062.o(.text))
<BR>[Address Reference Count : 1]<UL><LI> startup_mimxrt1062.o(.text)
</UL>
<P><STRONG><a name="[b7]"></a>DMA11_DMA27_DriverIRQHandler</STRONG> (Thumb, 4 bytes, Stack size unknown bytes, startup_mimxrt1062.o(.text))
<BR>[Address Reference Count : 1]<UL><LI> startup_mimxrt1062.o(.text)
</UL>
<P><STRONG><a name="[b8]"></a>DMA12_DMA28_DriverIRQHandler</STRONG> (Thumb, 4 bytes, Stack size unknown bytes, startup_mimxrt1062.o(.text))
<BR>[Address Reference Count : 1]<UL><LI> startup_mimxrt1062.o(.text)
</UL>
<P><STRONG><a name="[b9]"></a>DMA13_DMA29_DriverIRQHandler</STRONG> (Thumb, 4 bytes, Stack size unknown bytes, startup_mimxrt1062.o(.text))
<BR>[Address Reference Count : 1]<UL><LI> startup_mimxrt1062.o(.text)
</UL>
<P><STRONG><a name="[ba]"></a>DMA14_DMA30_DriverIRQHandler</STRONG> (Thumb, 4 bytes, Stack size unknown bytes, startup_mimxrt1062.o(.text))
<BR>[Address Reference Count : 1]<UL><LI> startup_mimxrt1062.o(.text)
</UL>
<P><STRONG><a name="[bb]"></a>DMA15_DMA31_DriverIRQHandler</STRONG> (Thumb, 4 bytes, Stack size unknown bytes, startup_mimxrt1062.o(.text))
<BR>[Address Reference Count : 1]<UL><LI> startup_mimxrt1062.o(.text)
</UL>
<P><STRONG><a name="[ad]"></a>DMA1_DMA17_DriverIRQHandler</STRONG> (Thumb, 4 bytes, Stack size unknown bytes, startup_mimxrt1062.o(.text))
<BR>[Address Reference Count : 1]<UL><LI> startup_mimxrt1062.o(.text)
</UL>
<P><STRONG><a name="[ae]"></a>DMA2_DMA18_DriverIRQHandler</STRONG> (Thumb, 4 bytes, Stack size unknown bytes, startup_mimxrt1062.o(.text))
<BR>[Address Reference Count : 1]<UL><LI> startup_mimxrt1062.o(.text)
</UL>
<P><STRONG><a name="[af]"></a>DMA3_DMA19_DriverIRQHandler</STRONG> (Thumb, 4 bytes, Stack size unknown bytes, startup_mimxrt1062.o(.text))
<BR>[Address Reference Count : 1]<UL><LI> startup_mimxrt1062.o(.text)
</UL>
<P><STRONG><a name="[b0]"></a>DMA4_DMA20_DriverIRQHandler</STRONG> (Thumb, 4 bytes, Stack size unknown bytes, startup_mimxrt1062.o(.text))
<BR>[Address Reference Count : 1]<UL><LI> startup_mimxrt1062.o(.text)
</UL>
<P><STRONG><a name="[b1]"></a>DMA5_DMA21_DriverIRQHandler</STRONG> (Thumb, 4 bytes, Stack size unknown bytes, startup_mimxrt1062.o(.text))
<BR>[Address Reference Count : 1]<UL><LI> startup_mimxrt1062.o(.text)
</UL>
<P><STRONG><a name="[b2]"></a>DMA6_DMA22_DriverIRQHandler</STRONG> (Thumb, 4 bytes, Stack size unknown bytes, startup_mimxrt1062.o(.text))
<BR>[Address Reference Count : 1]<UL><LI> startup_mimxrt1062.o(.text)
</UL>
<P><STRONG><a name="[b3]"></a>DMA7_DMA23_DriverIRQHandler</STRONG> (Thumb, 4 bytes, Stack size unknown bytes, startup_mimxrt1062.o(.text))
<BR>[Address Reference Count : 1]<UL><LI> startup_mimxrt1062.o(.text)
</UL>
<P><STRONG><a name="[b4]"></a>DMA8_DMA24_DriverIRQHandler</STRONG> (Thumb, 4 bytes, Stack size unknown bytes, startup_mimxrt1062.o(.text))
<BR>[Address Reference Count : 1]<UL><LI> startup_mimxrt1062.o(.text)
</UL>
<P><STRONG><a name="[b5]"></a>DMA9_DMA25_DriverIRQHandler</STRONG> (Thumb, 4 bytes, Stack size unknown bytes, startup_mimxrt1062.o(.text))
<BR>[Address Reference Count : 1]<UL><LI> startup_mimxrt1062.o(.text)
</UL>
<P><STRONG><a name="[bc]"></a>DMA_ERROR_DriverIRQHandler</STRONG> (Thumb, 4 bytes, Stack size unknown bytes, startup_mimxrt1062.o(.text))
<BR>[Address Reference Count : 1]<UL><LI> startup_mimxrt1062.o(.text)
</UL>
<P><STRONG><a name="[7]"></a>DebugMon_Handler</STRONG> (Thumb, 4 bytes, Stack size unknown bytes, startup_mimxrt1062.o(.text))
<BR>[Address Reference Count : 1]<UL><LI> startup_mimxrt1062.o(.isr_vector)
</UL>
<P><STRONG><a name="[a8]"></a>DefaultISR</STRONG> (Thumb, 4 bytes, Stack size unknown bytes, startup_mimxrt1062.o(.text))
<BR><BR>[Called By]<UL><LI><a href="#[85]">&gt;&gt;</a>&nbsp;&nbsp;&nbsp;ACMP1_IRQHandler
</UL>
<BR>[Address Reference Count : 2]<UL><LI> fsl_lpuart.o(.data.s_lpuartIsr)
<LI> startup_mimxrt1062.o(.isr_vector)
</UL>
<P><STRONG><a name="[8b]"></a>ENC1_IRQHandler</STRONG> (Thumb, 4 bytes, Stack size unknown bytes, startup_mimxrt1062.o(.text))
<BR>[Address Reference Count : 1]<UL><LI> startup_mimxrt1062.o(.isr_vector)
</UL>
<P><STRONG><a name="[8c]"></a>ENC2_IRQHandler</STRONG> (Thumb, 4 bytes, Stack size unknown bytes, startup_mimxrt1062.o(.text))
<BR>[Address Reference Count : 1]<UL><LI> startup_mimxrt1062.o(.isr_vector)
</UL>
<P><STRONG><a name="[8d]"></a>ENC3_IRQHandler</STRONG> (Thumb, 4 bytes, Stack size unknown bytes, startup_mimxrt1062.o(.text))
<BR>[Address Reference Count : 1]<UL><LI> startup_mimxrt1062.o(.isr_vector)
</UL>
<P><STRONG><a name="[8e]"></a>ENC4_IRQHandler</STRONG> (Thumb, 4 bytes, Stack size unknown bytes, startup_mimxrt1062.o(.text))
<BR>[Address Reference Count : 1]<UL><LI> startup_mimxrt1062.o(.isr_vector)
</UL>
<P><STRONG><a name="[dd]"></a>ENET2_1588_Timer_DriverIRQHandler</STRONG> (Thumb, 4 bytes, Stack size unknown bytes, startup_mimxrt1062.o(.text))
<BR>[Address Reference Count : 1]<UL><LI> startup_mimxrt1062.o(.text)
</UL>
<P><STRONG><a name="[dc]"></a>ENET2_DriverIRQHandler</STRONG> (Thumb, 4 bytes, Stack size unknown bytes, startup_mimxrt1062.o(.text))
<BR>[Address Reference Count : 1]<UL><LI> startup_mimxrt1062.o(.text)
</UL>
<P><STRONG><a name="[db]"></a>ENET_1588_Timer_DriverIRQHandler</STRONG> (Thumb, 4 bytes, Stack size unknown bytes, startup_mimxrt1062.o(.text))
<BR>[Address Reference Count : 1]<UL><LI> startup_mimxrt1062.o(.text)
</UL>
<P><STRONG><a name="[da]"></a>ENET_DriverIRQHandler</STRONG> (Thumb, 4 bytes, Stack size unknown bytes, startup_mimxrt1062.o(.text))
<BR>[Address Reference Count : 1]<UL><LI> startup_mimxrt1062.o(.text)
</UL>
<P><STRONG><a name="[68]"></a>EWM_IRQHandler</STRONG> (Thumb, 4 bytes, Stack size unknown bytes, startup_mimxrt1062.o(.text))
<BR>[Address Reference Count : 1]<UL><LI> startup_mimxrt1062.o(.isr_vector)
</UL>
<P><STRONG><a name="[d4]"></a>FLEXIO1_DriverIRQHandler</STRONG> (Thumb, 4 bytes, Stack size unknown bytes, startup_mimxrt1062.o(.text))
<BR>[Address Reference Count : 1]<UL><LI> startup_mimxrt1062.o(.text)
</UL>
<P><STRONG><a name="[d5]"></a>FLEXIO2_DriverIRQHandler</STRONG> (Thumb, 4 bytes, Stack size unknown bytes, startup_mimxrt1062.o(.text))
<BR>[Address Reference Count : 1]<UL><LI> startup_mimxrt1062.o(.text)
</UL>
<P><STRONG><a name="[df]"></a>FLEXIO3_DriverIRQHandler</STRONG> (Thumb, 4 bytes, Stack size unknown bytes, startup_mimxrt1062.o(.text))
<BR>[Address Reference Count : 1]<UL><LI> startup_mimxrt1062.o(.text)
</UL>
<P><STRONG><a name="[30]"></a>FLEXRAM_IRQHandler</STRONG> (Thumb, 4 bytes, Stack size unknown bytes, startup_mimxrt1062.o(.text))
<BR>[Address Reference Count : 1]<UL><LI> startup_mimxrt1062.o(.isr_vector)
</UL>
<P><STRONG><a name="[d6]"></a>FLEXSPI2_DriverIRQHandler</STRONG> (Thumb, 4 bytes, Stack size unknown bytes, startup_mimxrt1062.o(.text))
<BR>[Address Reference Count : 1]<UL><LI> startup_mimxrt1062.o(.text)
</UL>
<P><STRONG><a name="[d7]"></a>FLEXSPI_DriverIRQHandler</STRONG> (Thumb, 4 bytes, Stack size unknown bytes, startup_mimxrt1062.o(.text))
<BR>[Address Reference Count : 1]<UL><LI> startup_mimxrt1062.o(.text)
</UL>
<P><STRONG><a name="[6b]"></a>GPC_IRQHandler</STRONG> (Thumb, 4 bytes, Stack size unknown bytes, startup_mimxrt1062.o(.text))
<BR>[Address Reference Count : 1]<UL><LI> startup_mimxrt1062.o(.isr_vector)
</UL>
<P><STRONG><a name="[51]"></a>GPIO10_Combined_0_31_IRQHandler</STRONG> (Thumb, 4 bytes, Stack size unknown bytes, startup_mimxrt1062.o(.text))
<BR>[Address Reference Count : 1]<UL><LI> startup_mimxrt1062.o(.isr_vector)
</UL>
<P><STRONG><a name="[5a]"></a>GPIO1_Combined_0_15_IRQHandler</STRONG> (Thumb, 4 bytes, Stack size unknown bytes, startup_mimxrt1062.o(.text))
<BR>[Address Reference Count : 1]<UL><LI> startup_mimxrt1062.o(.isr_vector)
</UL>
<P><STRONG><a name="[5b]"></a>GPIO1_Combined_16_31_IRQHandler</STRONG> (Thumb, 4 bytes, Stack size unknown bytes, startup_mimxrt1062.o(.text))
<BR>[Address Reference Count : 1]<UL><LI> startup_mimxrt1062.o(.isr_vector)
</UL>
<P><STRONG><a name="[52]"></a>GPIO1_INT0_IRQHandler</STRONG> (Thumb, 4 bytes, Stack size unknown bytes, startup_mimxrt1062.o(.text))
<BR>[Address Reference Count : 1]<UL><LI> startup_mimxrt1062.o(.isr_vector)
</UL>
<P><STRONG><a name="[53]"></a>GPIO1_INT1_IRQHandler</STRONG> (Thumb, 4 bytes, Stack size unknown bytes, startup_mimxrt1062.o(.text))
<BR>[Address Reference Count : 1]<UL><LI> startup_mimxrt1062.o(.isr_vector)
</UL>
<P><STRONG><a name="[54]"></a>GPIO1_INT2_IRQHandler</STRONG> (Thumb, 4 bytes, Stack size unknown bytes, startup_mimxrt1062.o(.text))
<BR>[Address Reference Count : 1]<UL><LI> startup_mimxrt1062.o(.isr_vector)
</UL>
<P><STRONG><a name="[55]"></a>GPIO1_INT3_IRQHandler</STRONG> (Thumb, 4 bytes, Stack size unknown bytes, startup_mimxrt1062.o(.text))
<BR>[Address Reference Count : 1]<UL><LI> startup_mimxrt1062.o(.isr_vector)
</UL>
<P><STRONG><a name="[56]"></a>GPIO1_INT4_IRQHandler</STRONG> (Thumb, 4 bytes, Stack size unknown bytes, startup_mimxrt1062.o(.text))
<BR>[Address Reference Count : 1]<UL><LI> startup_mimxrt1062.o(.isr_vector)
</UL>
<P><STRONG><a name="[57]"></a>GPIO1_INT5_IRQHandler</STRONG> (Thumb, 4 bytes, Stack size unknown bytes, startup_mimxrt1062.o(.text))
<BR>[Address Reference Count : 1]<UL><LI> startup_mimxrt1062.o(.isr_vector)
</UL>
<P><STRONG><a name="[58]"></a>GPIO1_INT6_IRQHandler</STRONG> (Thumb, 4 bytes, Stack size unknown bytes, startup_mimxrt1062.o(.text))
<BR>[Address Reference Count : 1]<UL><LI> startup_mimxrt1062.o(.isr_vector)
</UL>
<P><STRONG><a name="[59]"></a>GPIO1_INT7_IRQHandler</STRONG> (Thumb, 4 bytes, Stack size unknown bytes, startup_mimxrt1062.o(.text))
<BR>[Address Reference Count : 1]<UL><LI> startup_mimxrt1062.o(.isr_vector)
</UL>
<P><STRONG><a name="[5c]"></a>GPIO2_Combined_0_15_IRQHandler</STRONG> (Thumb, 4 bytes, Stack size unknown bytes, startup_mimxrt1062.o(.text))
<BR>[Address Reference Count : 1]<UL><LI> startup_mimxrt1062.o(.isr_vector)
</UL>
<P><STRONG><a name="[5d]"></a>GPIO2_Combined_16_31_IRQHandler</STRONG> (Thumb, 4 bytes, Stack size unknown bytes, startup_mimxrt1062.o(.text))
<BR>[Address Reference Count : 1]<UL><LI> startup_mimxrt1062.o(.isr_vector)
</UL>
<P><STRONG><a name="[5e]"></a>GPIO3_Combined_0_15_IRQHandler</STRONG> (Thumb, 4 bytes, Stack size unknown bytes, startup_mimxrt1062.o(.text))
<BR>[Address Reference Count : 1]<UL><LI> startup_mimxrt1062.o(.isr_vector)
</UL>
<P><STRONG><a name="[5f]"></a>GPIO3_Combined_16_31_IRQHandler</STRONG> (Thumb, 4 bytes, Stack size unknown bytes, startup_mimxrt1062.o(.text))
<BR>[Address Reference Count : 1]<UL><LI> startup_mimxrt1062.o(.isr_vector)
</UL>
<P><STRONG><a name="[60]"></a>GPIO4_Combined_0_15_IRQHandler</STRONG> (Thumb, 4 bytes, Stack size unknown bytes, startup_mimxrt1062.o(.text))
<BR>[Address Reference Count : 1]<UL><LI> startup_mimxrt1062.o(.isr_vector)
</UL>
<P><STRONG><a name="[61]"></a>GPIO4_Combined_16_31_IRQHandler</STRONG> (Thumb, 4 bytes, Stack size unknown bytes, startup_mimxrt1062.o(.text))
<BR>[Address Reference Count : 1]<UL><LI> startup_mimxrt1062.o(.isr_vector)
</UL>
<P><STRONG><a name="[62]"></a>GPIO5_Combined_0_15_IRQHandler</STRONG> (Thumb, 4 bytes, Stack size unknown bytes, startup_mimxrt1062.o(.text))
<BR>[Address Reference Count : 1]<UL><LI> startup_mimxrt1062.o(.isr_vector)
</UL>
<P><STRONG><a name="[63]"></a>GPIO5_Combined_16_31_IRQHandler</STRONG> (Thumb, 4 bytes, Stack size unknown bytes, startup_mimxrt1062.o(.text))
<BR>[Address Reference Count : 1]<UL><LI> startup_mimxrt1062.o(.isr_vector)
</UL>
<P><STRONG><a name="[a7]"></a>GPIO6_7_8_9_IRQHandler</STRONG> (Thumb, 4 bytes, Stack size unknown bytes, startup_mimxrt1062.o(.text))
<BR>[Address Reference Count : 1]<UL><LI> startup_mimxrt1062.o(.isr_vector)
</UL>
<P><STRONG><a name="[33]"></a>GPR_IRQ_IRQHandler</STRONG> (Thumb, 4 bytes, Stack size unknown bytes, startup_mimxrt1062.o(.text))
<BR>[Address Reference Count : 1]<UL><LI> startup_mimxrt1062.o(.isr_vector)
</UL>
<P><STRONG><a name="[6e]"></a>GPT1_IRQHandler</STRONG> (Thumb, 4 bytes, Stack size unknown bytes, startup_mimxrt1062.o(.text))
<BR>[Address Reference Count : 1]<UL><LI> startup_mimxrt1062.o(.isr_vector)
</UL>
<P><STRONG><a name="[6f]"></a>GPT2_IRQHandler</STRONG> (Thumb, 4 bytes, Stack size unknown bytes, startup_mimxrt1062.o(.text))
<BR>[Address Reference Count : 1]<UL><LI> startup_mimxrt1062.o(.isr_vector)
</UL>
<P><STRONG><a name="[31]"></a>KPP_IRQHandler</STRONG> (Thumb, 4 bytes, Stack size unknown bytes, startup_mimxrt1062.o(.text))
<BR>[Address Reference Count : 1]<UL><LI> startup_mimxrt1062.o(.isr_vector)
</UL>
<P><STRONG><a name="[c5]"></a>LPI2C1_DriverIRQHandler</STRONG> (Thumb, 4 bytes, Stack size unknown bytes, startup_mimxrt1062.o(.text))
<BR>[Address Reference Count : 1]<UL><LI> startup_mimxrt1062.o(.text)
</UL>
<P><STRONG><a name="[c6]"></a>LPI2C2_DriverIRQHandler</STRONG> (Thumb, 4 bytes, Stack size unknown bytes, startup_mimxrt1062.o(.text))
<BR>[Address Reference Count : 1]<UL><LI> startup_mimxrt1062.o(.text)
</UL>
<P><STRONG><a name="[c7]"></a>LPI2C3_DriverIRQHandler</STRONG> (Thumb, 4 bytes, Stack size unknown bytes, startup_mimxrt1062.o(.text))
<BR>[Address Reference Count : 1]<UL><LI> startup_mimxrt1062.o(.text)
</UL>
<P><STRONG><a name="[c8]"></a>LPI2C4_DriverIRQHandler</STRONG> (Thumb, 4 bytes, Stack size unknown bytes, startup_mimxrt1062.o(.text))
<BR>[Address Reference Count : 1]<UL><LI> startup_mimxrt1062.o(.text)
</UL>
<P><STRONG><a name="[c9]"></a>LPSPI1_DriverIRQHandler</STRONG> (Thumb, 4 bytes, Stack size unknown bytes, startup_mimxrt1062.o(.text))
<BR>[Address Reference Count : 1]<UL><LI> startup_mimxrt1062.o(.text)
</UL>
<P><STRONG><a name="[ca]"></a>LPSPI2_DriverIRQHandler</STRONG> (Thumb, 4 bytes, Stack size unknown bytes, startup_mimxrt1062.o(.text))
<BR>[Address Reference Count : 1]<UL><LI> startup_mimxrt1062.o(.text)
</UL>
<P><STRONG><a name="[cb]"></a>LPSPI3_DriverIRQHandler</STRONG> (Thumb, 4 bytes, Stack size unknown bytes, startup_mimxrt1062.o(.text))
<BR>[Address Reference Count : 1]<UL><LI> startup_mimxrt1062.o(.text)
</UL>
<P><STRONG><a name="[cc]"></a>LPSPI4_DriverIRQHandler</STRONG> (Thumb, 4 bytes, Stack size unknown bytes, startup_mimxrt1062.o(.text))
<BR>[Address Reference Count : 1]<UL><LI> startup_mimxrt1062.o(.text)
</UL>
<P><STRONG><a name="[3]"></a>MemManage_Handler</STRONG> (Thumb, 4 bytes, Stack size unknown bytes, startup_mimxrt1062.o(.text))
<BR>[Address Reference Count : 1]<UL><LI> startup_mimxrt1062.o(.isr_vector)
</UL>
<P><STRONG><a name="[84]"></a>PIT_IRQHandler</STRONG> (Thumb, 4 bytes, Stack size unknown bytes, startup_mimxrt1062.o(.text))
<BR>[Address Reference Count : 1]<UL><LI> startup_mimxrt1062.o(.isr_vector)
</UL>
<P><STRONG><a name="[47]"></a>PMU_EVENT_IRQHandler</STRONG> (Thumb, 4 bytes, Stack size unknown bytes, startup_mimxrt1062.o(.text))
<BR>[Address Reference Count : 1]<UL><LI> startup_mimxrt1062.o(.isr_vector)
</UL>
<P><STRONG><a name="[70]"></a>PWM1_0_IRQHandler</STRONG> (Thumb, 4 bytes, Stack size unknown bytes, startup_mimxrt1062.o(.text))
<BR>[Address Reference Count : 1]<UL><LI> startup_mimxrt1062.o(.isr_vector)
</UL>
<P><STRONG><a name="[71]"></a>PWM1_1_IRQHandler</STRONG> (Thumb, 4 bytes, Stack size unknown bytes, startup_mimxrt1062.o(.text))
<BR>[Address Reference Count : 1]<UL><LI> startup_mimxrt1062.o(.isr_vector)
</UL>
<P><STRONG><a name="[72]"></a>PWM1_2_IRQHandler</STRONG> (Thumb, 4 bytes, Stack size unknown bytes, startup_mimxrt1062.o(.text))
<BR>[Address Reference Count : 1]<UL><LI> startup_mimxrt1062.o(.isr_vector)
</UL>
<P><STRONG><a name="[73]"></a>PWM1_3_IRQHandler</STRONG> (Thumb, 4 bytes, Stack size unknown bytes, startup_mimxrt1062.o(.text))
<BR>[Address Reference Count : 1]<UL><LI> startup_mimxrt1062.o(.isr_vector)
</UL>
<P><STRONG><a name="[74]"></a>PWM1_FAULT_IRQHandler</STRONG> (Thumb, 4 bytes, Stack size unknown bytes, startup_mimxrt1062.o(.text))
<BR>[Address Reference Count : 1]<UL><LI> startup_mimxrt1062.o(.isr_vector)
</UL>
<P><STRONG><a name="[93]"></a>PWM2_0_IRQHandler</STRONG> (Thumb, 4 bytes, Stack size unknown bytes, startup_mimxrt1062.o(.text))
<BR>[Address Reference Count : 1]<UL><LI> startup_mimxrt1062.o(.isr_vector)
</UL>
<P><STRONG><a name="[94]"></a>PWM2_1_IRQHandler</STRONG> (Thumb, 4 bytes, Stack size unknown bytes, startup_mimxrt1062.o(.text))
<BR>[Address Reference Count : 1]<UL><LI> startup_mimxrt1062.o(.isr_vector)
</UL>
<P><STRONG><a name="[95]"></a>PWM2_2_IRQHandler</STRONG> (Thumb, 4 bytes, Stack size unknown bytes, startup_mimxrt1062.o(.text))
<BR>[Address Reference Count : 1]<UL><LI> startup_mimxrt1062.o(.isr_vector)
</UL>
<P><STRONG><a name="[96]"></a>PWM2_3_IRQHandler</STRONG> (Thumb, 4 bytes, Stack size unknown bytes, startup_mimxrt1062.o(.text))
<BR>[Address Reference Count : 1]<UL><LI> startup_mimxrt1062.o(.isr_vector)
</UL>
<P><STRONG><a name="[97]"></a>PWM2_FAULT_IRQHandler</STRONG> (Thumb, 4 bytes, Stack size unknown bytes, startup_mimxrt1062.o(.text))
<BR>[Address Reference Count : 1]<UL><LI> startup_mimxrt1062.o(.isr_vector)
</UL>
<P><STRONG><a name="[98]"></a>PWM3_0_IRQHandler</STRONG> (Thumb, 4 bytes, Stack size unknown bytes, startup_mimxrt1062.o(.text))
<BR>[Address Reference Count : 1]<UL><LI> startup_mimxrt1062.o(.isr_vector)
</UL>
<P><STRONG><a name="[99]"></a>PWM3_1_IRQHandler</STRONG> (Thumb, 4 bytes, Stack size unknown bytes, startup_mimxrt1062.o(.text))
<BR>[Address Reference Count : 1]<UL><LI> startup_mimxrt1062.o(.isr_vector)
</UL>
<P><STRONG><a name="[9a]"></a>PWM3_2_IRQHandler</STRONG> (Thumb, 4 bytes, Stack size unknown bytes, startup_mimxrt1062.o(.text))
<BR>[Address Reference Count : 1]<UL><LI> startup_mimxrt1062.o(.isr_vector)
</UL>
<P><STRONG><a name="[9b]"></a>PWM3_3_IRQHandler</STRONG> (Thumb, 4 bytes, Stack size unknown bytes, startup_mimxrt1062.o(.text))
<BR>[Address Reference Count : 1]<UL><LI> startup_mimxrt1062.o(.isr_vector)
</UL>
<P><STRONG><a name="[9c]"></a>PWM3_FAULT_IRQHandler</STRONG> (Thumb, 4 bytes, Stack size unknown bytes, startup_mimxrt1062.o(.text))
<BR>[Address Reference Count : 1]<UL><LI> startup_mimxrt1062.o(.isr_vector)
</UL>
<P><STRONG><a name="[9d]"></a>PWM4_0_IRQHandler</STRONG> (Thumb, 4 bytes, Stack size unknown bytes, startup_mimxrt1062.o(.text))
<BR>[Address Reference Count : 1]<UL><LI> startup_mimxrt1062.o(.isr_vector)
</UL>
<P><STRONG><a name="[9e]"></a>PWM4_1_IRQHandler</STRONG> (Thumb, 4 bytes, Stack size unknown bytes, startup_mimxrt1062.o(.text))
<BR>[Address Reference Count : 1]<UL><LI> startup_mimxrt1062.o(.isr_vector)
</UL>
<P><STRONG><a name="[9f]"></a>PWM4_2_IRQHandler</STRONG> (Thumb, 4 bytes, Stack size unknown bytes, startup_mimxrt1062.o(.text))
<BR>[Address Reference Count : 1]<UL><LI> startup_mimxrt1062.o(.isr_vector)
</UL>
<P><STRONG><a name="[a0]"></a>PWM4_3_IRQHandler</STRONG> (Thumb, 4 bytes, Stack size unknown bytes, startup_mimxrt1062.o(.text))
<BR>[Address Reference Count : 1]<UL><LI> startup_mimxrt1062.o(.isr_vector)
</UL>
<P><STRONG><a name="[a1]"></a>PWM4_FAULT_IRQHandler</STRONG> (Thumb, 4 bytes, Stack size unknown bytes, startup_mimxrt1062.o(.text))
<BR>[Address Reference Count : 1]<UL><LI> startup_mimxrt1062.o(.isr_vector)
</UL>
<P><STRONG><a name="[36]"></a>PXP_IRQHandler</STRONG> (Thumb, 4 bytes, Stack size unknown bytes, startup_mimxrt1062.o(.text))
<BR>[Address Reference Count : 1]<UL><LI> startup_mimxrt1062.o(.isr_vector)
</UL>
<P><STRONG><a name="[67]"></a>RTWDOG_IRQHandler</STRONG> (Thumb, 4 bytes, Stack size unknown bytes, startup_mimxrt1062.o(.text))
<BR>[Address Reference Count : 1]<UL><LI> startup_mimxrt1062.o(.isr_vector)
</UL>
<P><STRONG><a name="[6d]"></a>Reserved115_IRQHandler</STRONG> (Thumb, 4 bytes, Stack size unknown bytes, startup_mimxrt1062.o(.text))
<BR>[Address Reference Count : 1]<UL><LI> startup_mimxrt1062.o(.isr_vector)
</UL>
<P><STRONG><a name="[89]"></a>Reserved143_IRQHandler</STRONG> (Thumb, 4 bytes, Stack size unknown bytes, startup_mimxrt1062.o(.text))
<BR>[Address Reference Count : 1]<UL><LI> startup_mimxrt1062.o(.isr_vector)
</UL>
<P><STRONG><a name="[8a]"></a>Reserved144_IRQHandler</STRONG> (Thumb, 4 bytes, Stack size unknown bytes, startup_mimxrt1062.o(.text))
<BR>[Address Reference Count : 1]<UL><LI> startup_mimxrt1062.o(.isr_vector)
</UL>
<P><STRONG><a name="[a5]"></a>Reserved171_IRQHandler</STRONG> (Thumb, 4 bytes, Stack size unknown bytes, startup_mimxrt1062.o(.text))
<BR>[Address Reference Count : 1]<UL><LI> startup_mimxrt1062.o(.isr_vector)
</UL>
<P><STRONG><a name="[3e]"></a>Reserved68_IRQHandler</STRONG> (Thumb, 4 bytes, Stack size unknown bytes, startup_mimxrt1062.o(.text))
<BR>[Address Reference Count : 1]<UL><LI> startup_mimxrt1062.o(.isr_vector)
</UL>
<P><STRONG><a name="[48]"></a>Reserved78_IRQHandler</STRONG> (Thumb, 4 bytes, Stack size unknown bytes, startup_mimxrt1062.o(.text))
<BR>[Address Reference Count : 1]<UL><LI> startup_mimxrt1062.o(.isr_vector)
</UL>
<P><STRONG><a name="[50]"></a>Reserved86_IRQHandler</STRONG> (Thumb, 4 bytes, Stack size unknown bytes, startup_mimxrt1062.o(.text))
<BR>[Address Reference Count : 1]<UL><LI> startup_mimxrt1062.o(.isr_vector)
</UL>
<P><STRONG><a name="[cf]"></a>SAI1_DriverIRQHandler</STRONG> (Thumb, 4 bytes, Stack size unknown bytes, startup_mimxrt1062.o(.text))
<BR>[Address Reference Count : 1]<UL><LI> startup_mimxrt1062.o(.text)
</UL>
<P><STRONG><a name="[d0]"></a>SAI2_DriverIRQHandler</STRONG> (Thumb, 4 bytes, Stack size unknown bytes, startup_mimxrt1062.o(.text))
<BR>[Address Reference Count : 1]<UL><LI> startup_mimxrt1062.o(.text)
</UL>
<P><STRONG><a name="[d1]"></a>SAI3_RX_DriverIRQHandler</STRONG> (Thumb, 4 bytes, Stack size unknown bytes, startup_mimxrt1062.o(.text))
<BR>[Address Reference Count : 1]<UL><LI> startup_mimxrt1062.o(.text)
</UL>
<P><STRONG><a name="[d2]"></a>SAI3_TX_DriverIRQHandler</STRONG> (Thumb, 4 bytes, Stack size unknown bytes, startup_mimxrt1062.o(.text))
<BR>[Address Reference Count : 1]<UL><LI> startup_mimxrt1062.o(.text)
</UL>
<P><STRONG><a name="[77]"></a>SEMC_IRQHandler</STRONG> (Thumb, 4 bytes, Stack size unknown bytes, startup_mimxrt1062.o(.text))
<BR>[Address Reference Count : 1]<UL><LI> startup_mimxrt1062.o(.isr_vector)
</UL>
<P><STRONG><a name="[40]"></a>SJC_IRQHandler</STRONG> (Thumb, 4 bytes, Stack size unknown bytes, startup_mimxrt1062.o(.text))
<BR>[Address Reference Count : 1]<UL><LI> startup_mimxrt1062.o(.isr_vector)
</UL>
<P><STRONG><a name="[38]"></a>SNVS_HP_WRAPPER_IRQHandler</STRONG> (Thumb, 4 bytes, Stack size unknown bytes, startup_mimxrt1062.o(.text))
<BR>[Address Reference Count : 1]<UL><LI> startup_mimxrt1062.o(.isr_vector)
</UL>
<P><STRONG><a name="[39]"></a>SNVS_HP_WRAPPER_TZ_IRQHandler</STRONG> (Thumb, 4 bytes, Stack size unknown bytes, startup_mimxrt1062.o(.text))
<BR>[Address Reference Count : 1]<UL><LI> startup_mimxrt1062.o(.isr_vector)
</UL>
<P><STRONG><a name="[3a]"></a>SNVS_LP_WRAPPER_IRQHandler</STRONG> (Thumb, 4 bytes, Stack size unknown bytes, startup_mimxrt1062.o(.text))
<BR>[Address Reference Count : 1]<UL><LI> startup_mimxrt1062.o(.isr_vector)
</UL>
<P><STRONG><a name="[d3]"></a>SPDIF_DriverIRQHandler</STRONG> (Thumb, 4 bytes, Stack size unknown bytes, startup_mimxrt1062.o(.text))
<BR>[Address Reference Count : 1]<UL><LI> startup_mimxrt1062.o(.text)
</UL>
<P><STRONG><a name="[6c]"></a>SRC_IRQHandler</STRONG> (Thumb, 4 bytes, Stack size unknown bytes, startup_mimxrt1062.o(.text))
<BR>[Address Reference Count : 1]<UL><LI> startup_mimxrt1062.o(.isr_vector)
</UL>
<P><STRONG><a name="[49]"></a>TEMP_LOW_HIGH_IRQHandler</STRONG> (Thumb, 4 bytes, Stack size unknown bytes, startup_mimxrt1062.o(.text))
<BR>[Address Reference Count : 1]<UL><LI> startup_mimxrt1062.o(.isr_vector)
</UL>
<P><STRONG><a name="[4a]"></a>TEMP_PANIC_IRQHandler</STRONG> (Thumb, 4 bytes, Stack size unknown bytes, startup_mimxrt1062.o(.text))
<BR>[Address Reference Count : 1]<UL><LI> startup_mimxrt1062.o(.isr_vector)
</UL>
<P><STRONG><a name="[8f]"></a>TMR1_IRQHandler</STRONG> (Thumb, 4 bytes, Stack size unknown bytes, startup_mimxrt1062.o(.text))
<BR>[Address Reference Count : 1]<UL><LI> startup_mimxrt1062.o(.isr_vector)
</UL>
<P><STRONG><a name="[90]"></a>TMR2_IRQHandler</STRONG> (Thumb, 4 bytes, Stack size unknown bytes, startup_mimxrt1062.o(.text))
<BR>[Address Reference Count : 1]<UL><LI> startup_mimxrt1062.o(.isr_vector)
</UL>
<P><STRONG><a name="[91]"></a>TMR3_IRQHandler</STRONG> (Thumb, 4 bytes, Stack size unknown bytes, startup_mimxrt1062.o(.text))
<BR>[Address Reference Count : 1]<UL><LI> startup_mimxrt1062.o(.isr_vector)
</UL>
<P><STRONG><a name="[92]"></a>TMR4_IRQHandler</STRONG> (Thumb, 4 bytes, Stack size unknown bytes, startup_mimxrt1062.o(.text))
<BR>[Address Reference Count : 1]<UL><LI> startup_mimxrt1062.o(.isr_vector)
</UL>
<P><STRONG><a name="[3f]"></a>TRNG_IRQHandler</STRONG> (Thumb, 4 bytes, Stack size unknown bytes, startup_mimxrt1062.o(.text))
<BR>[Address Reference Count : 1]<UL><LI> startup_mimxrt1062.o(.isr_vector)
</UL>
<P><STRONG><a name="[32]"></a>TSC_DIG_IRQHandler</STRONG> (Thumb, 4 bytes, Stack size unknown bytes, startup_mimxrt1062.o(.text))
<BR>[Address Reference Count : 1]<UL><LI> startup_mimxrt1062.o(.isr_vector)
</UL>
<P><STRONG><a name="[7b]"></a>USB_OTG1_IRQHandler</STRONG> (Thumb, 4 bytes, Stack size unknown bytes, startup_mimxrt1062.o(.text))
<BR>[Address Reference Count : 1]<UL><LI> startup_mimxrt1062.o(.isr_vector)
</UL>
<P><STRONG><a name="[7a]"></a>USB_OTG2_IRQHandler</STRONG> (Thumb, 4 bytes, Stack size unknown bytes, startup_mimxrt1062.o(.text))
<BR>[Address Reference Count : 1]<UL><LI> startup_mimxrt1062.o(.isr_vector)
</UL>
<P><STRONG><a name="[4b]"></a>USB_PHY1_IRQHandler</STRONG> (Thumb, 4 bytes, Stack size unknown bytes, startup_mimxrt1062.o(.text))
<BR>[Address Reference Count : 1]<UL><LI> startup_mimxrt1062.o(.isr_vector)
</UL>
<P><STRONG><a name="[4c]"></a>USB_PHY2_IRQHandler</STRONG> (Thumb, 4 bytes, Stack size unknown bytes, startup_mimxrt1062.o(.text))
<BR>[Address Reference Count : 1]<UL><LI> startup_mimxrt1062.o(.isr_vector)
</UL>
<P><STRONG><a name="[d8]"></a>USDHC1_DriverIRQHandler</STRONG> (Thumb, 4 bytes, Stack size unknown bytes, startup_mimxrt1062.o(.text))
<BR>[Address Reference Count : 1]<UL><LI> startup_mimxrt1062.o(.text)
</UL>
<P><STRONG><a name="[d9]"></a>USDHC2_DriverIRQHandler</STRONG> (Thumb, 4 bytes, Stack size unknown bytes, startup_mimxrt1062.o(.text))
<BR>[Address Reference Count : 1]<UL><LI> startup_mimxrt1062.o(.text)
</UL>
<P><STRONG><a name="[5]"></a>UsageFault_Handler</STRONG> (Thumb, 4 bytes, Stack size unknown bytes, startup_mimxrt1062.o(.text))
<BR>[Address Reference Count : 1]<UL><LI> startup_mimxrt1062.o(.isr_vector)
</UL>
<P><STRONG><a name="[66]"></a>WDOG1_IRQHandler</STRONG> (Thumb, 4 bytes, Stack size unknown bytes, startup_mimxrt1062.o(.text))
<BR>[Address Reference Count : 1]<UL><LI> startup_mimxrt1062.o(.isr_vector)
</UL>
<P><STRONG><a name="[37]"></a>WDOG2_IRQHandler</STRONG> (Thumb, 4 bytes, Stack size unknown bytes, startup_mimxrt1062.o(.text))
<BR>[Address Reference Count : 1]<UL><LI> startup_mimxrt1062.o(.isr_vector)
</UL>
<P><STRONG><a name="[7e]"></a>XBAR1_IRQ_0_1_IRQHandler</STRONG> (Thumb, 4 bytes, Stack size unknown bytes, startup_mimxrt1062.o(.text))
<BR>[Address Reference Count : 1]<UL><LI> startup_mimxrt1062.o(.isr_vector)
</UL>
<P><STRONG><a name="[7f]"></a>XBAR1_IRQ_2_3_IRQHandler</STRONG> (Thumb, 4 bytes, Stack size unknown bytes, startup_mimxrt1062.o(.text))
<BR>[Address Reference Count : 1]<UL><LI> startup_mimxrt1062.o(.isr_vector)
</UL>
<P><STRONG><a name="[1]"></a>NMI_Handler</STRONG> (Thumb, 4 bytes, Stack size unknown bytes, startup_mimxrt1062.o(.text))
<BR>[Address Reference Count : 2]<UL><LI> startup_mimxrt1062.o(.text)
<LI> startup_mimxrt1062.o(.isr_vector)
</UL>
<P><STRONG><a name="[2]"></a>HardFault_Handler</STRONG> (Thumb, 4 bytes, Stack size unknown bytes, startup_mimxrt1062.o(.text))
<BR>[Address Reference Count : 2]<UL><LI> startup_mimxrt1062.o(.text)
<LI> startup_mimxrt1062.o(.isr_vector)
</UL>
<P><STRONG><a name="[6]"></a>SVC_Handler</STRONG> (Thumb, 4 bytes, Stack size unknown bytes, startup_mimxrt1062.o(.text))
<BR>[Address Reference Count : 2]<UL><LI> startup_mimxrt1062.o(.text)
<LI> startup_mimxrt1062.o(.isr_vector)
</UL>
<P><STRONG><a name="[8]"></a>PendSV_Handler</STRONG> (Thumb, 4 bytes, Stack size unknown bytes, startup_mimxrt1062.o(.text))
<BR>[Address Reference Count : 2]<UL><LI> startup_mimxrt1062.o(.text)
<LI> startup_mimxrt1062.o(.isr_vector)
</UL>
<P><STRONG><a name="[9]"></a>SysTick_Handler</STRONG> (Thumb, 4 bytes, Stack size unknown bytes, startup_mimxrt1062.o(.text))
<BR>[Address Reference Count : 2]<UL><LI> startup_mimxrt1062.o(.text)
<LI> startup_mimxrt1062.o(.isr_vector)
</UL>
<P><STRONG><a name="[a]"></a>DMA0_DMA16_IRQHandler</STRONG> (Thumb, 4 bytes, Stack size unknown bytes, startup_mimxrt1062.o(.text))
<BR>[Address Reference Count : 1]<UL><LI> startup_mimxrt1062.o(.isr_vector)
</UL>
<P><STRONG><a name="[b]"></a>DMA1_DMA17_IRQHandler</STRONG> (Thumb, 4 bytes, Stack size unknown bytes, startup_mimxrt1062.o(.text))
<BR>[Address Reference Count : 1]<UL><LI> startup_mimxrt1062.o(.isr_vector)
</UL>
<P><STRONG><a name="[c]"></a>DMA2_DMA18_IRQHandler</STRONG> (Thumb, 4 bytes, Stack size unknown bytes, startup_mimxrt1062.o(.text))
<BR>[Address Reference Count : 1]<UL><LI> startup_mimxrt1062.o(.isr_vector)
</UL>
<P><STRONG><a name="[d]"></a>DMA3_DMA19_IRQHandler</STRONG> (Thumb, 4 bytes, Stack size unknown bytes, startup_mimxrt1062.o(.text))
<BR>[Address Reference Count : 1]<UL><LI> startup_mimxrt1062.o(.isr_vector)
</UL>
<P><STRONG><a name="[e]"></a>DMA4_DMA20_IRQHandler</STRONG> (Thumb, 4 bytes, Stack size unknown bytes, startup_mimxrt1062.o(.text))
<BR>[Address Reference Count : 1]<UL><LI> startup_mimxrt1062.o(.isr_vector)
</UL>
<P><STRONG><a name="[f]"></a>DMA5_DMA21_IRQHandler</STRONG> (Thumb, 4 bytes, Stack size unknown bytes, startup_mimxrt1062.o(.text))
<BR>[Address Reference Count : 1]<UL><LI> startup_mimxrt1062.o(.isr_vector)
</UL>
<P><STRONG><a name="[10]"></a>DMA6_DMA22_IRQHandler</STRONG> (Thumb, 4 bytes, Stack size unknown bytes, startup_mimxrt1062.o(.text))
<BR>[Address Reference Count : 1]<UL><LI> startup_mimxrt1062.o(.isr_vector)
</UL>
<P><STRONG><a name="[11]"></a>DMA7_DMA23_IRQHandler</STRONG> (Thumb, 4 bytes, Stack size unknown bytes, startup_mimxrt1062.o(.text))
<BR>[Address Reference Count : 1]<UL><LI> startup_mimxrt1062.o(.isr_vector)
</UL>
<P><STRONG><a name="[12]"></a>DMA8_DMA24_IRQHandler</STRONG> (Thumb, 4 bytes, Stack size unknown bytes, startup_mimxrt1062.o(.text))
<BR>[Address Reference Count : 1]<UL><LI> startup_mimxrt1062.o(.isr_vector)
</UL>
<P><STRONG><a name="[13]"></a>DMA9_DMA25_IRQHandler</STRONG> (Thumb, 4 bytes, Stack size unknown bytes, startup_mimxrt1062.o(.text))
<BR>[Address Reference Count : 1]<UL><LI> startup_mimxrt1062.o(.isr_vector)
</UL>
<P><STRONG><a name="[14]"></a>DMA10_DMA26_IRQHandler</STRONG> (Thumb, 4 bytes, Stack size unknown bytes, startup_mimxrt1062.o(.text))
<BR>[Address Reference Count : 1]<UL><LI> startup_mimxrt1062.o(.isr_vector)
</UL>
<P><STRONG><a name="[15]"></a>DMA11_DMA27_IRQHandler</STRONG> (Thumb, 4 bytes, Stack size unknown bytes, startup_mimxrt1062.o(.text))
<BR>[Address Reference Count : 1]<UL><LI> startup_mimxrt1062.o(.isr_vector)
</UL>
[...]
<BR><BR>[Stack]<UL><LI>Max Depth = 8<LI>Call Chain = memset
</UL>
<BR>[Called By]<UL><LI><a href="#[fc]">&gt;&gt;</a>&nbsp;&nbsp;&nbsp;LPUART_GetDefaultConfig
<LI><a href="#[a9]">&gt;&gt;</a>&nbsp;&nbsp;&nbsp;main
</UL>

<P><STRONG><a name="[f8]"></a>strlen</STRONG> (Thumb, 14 bytes, Stack size 0 bytes, strlen.o(.text))
<BR><BR>[Called By]<UL><LI><a href="#[f7]">&gt;&gt;</a>&nbsp;&nbsp;&nbsp;DbgConsole_Vprintf
</UL>

<P><STRONG><a name="[e3]"></a>__scatterload</STRONG> (Thumb, 28 bytes, Stack size 0 bytes, init.o(.text))
<BR><BR>[Calls]<UL><LI><a href="#[e4]">&gt;&gt;</a>&nbsp;&nbsp;&nbsp;__main_after_scatterload
</UL>
<BR>[Called By]<UL><LI><a href="#[e2]">&gt;&gt;</a>&nbsp;&nbsp;&nbsp;_main_scatterload
</UL>

<P><STRONG><a name="[112]"></a>__scatterload_rt2</STRONG> (Thumb, 0 bytes, Stack size 0 bytes, init.o(.text), UNUSED)

<P><STRONG><a name="[104]"></a>APP_FillFrameBuffer</STRONG> (Thumb, 356 bytes, Stack size 44 bytes, elcdif_rgb.o(.text.APP_FillFrameBuffer))
<BR><BR>[Stack]<UL><LI>Max Depth = 44<LI>Call Chain = APP_FillFrameBuffer
</UL>
<BR>[Called By]<UL><LI><a href="#[a9]">&gt;&gt;</a>&nbsp;&nbsp;&nbsp;main
</UL>

<P><STRONG><a name="[e5]"></a>BOARD_BootClockRUN</STRONG> (Thumb, 2050 bytes, Stack size 32 bytes, clock_config.o(.text.BOARD_BootClockRUN))
<BR><BR>[Stack]<UL><LI>Max Depth = 168<LI>Call Chain = BOARD_BootClockRUN &rArr; CLOCK_InitExternalClk &rArr; __aeabi_assert &rArr; DbgConsole_Printf &rArr; DbgConsole_Vprintf &rArr; memcpy
</UL>
<BR>[Calls]<UL><LI><a href="#[ec]">&gt;&gt;</a>&nbsp;&nbsp;&nbsp;CLOCK_DeinitUsb2Pll
<LI><a href="#[eb]">&gt;&gt;</a>&nbsp;&nbsp;&nbsp;CLOCK_DeinitEnetPll
<LI><a href="#[ea]">&gt;&gt;</a>&nbsp;&nbsp;&nbsp;CLOCK_DeinitAudioPll
<LI><a href="#[e9]">&gt;&gt;</a>&nbsp;&nbsp;&nbsp;CLOCK_InitArmPll
<LI><a href="#[e8]">&gt;&gt;</a>&nbsp;&nbsp;&nbsp;CLOCK_SwitchOsc
<LI><a href="#[e7]">&gt;&gt;</a>&nbsp;&nbsp;&nbsp;CLOCK_InitRcOsc24M
<LI><a href="#[e6]">&gt;&gt;</a>&nbsp;&nbsp;&nbsp;CLOCK_InitExternalClk
</UL>
<BR>[Called By]<UL><LI><a href="#[ef]">&gt;&gt;</a>&nbsp;&nbsp;&nbsp;BOARD_InitBootClocks
</UL>

<P><STRONG><a name="[ed]"></a>BOARD_ConfigMPU</STRONG> (Thumb, 756 bytes, Stack size 32 bytes, board.o(.text.BOARD_ConfigMPU))
<BR><BR>[Stack]<UL><LI>Max Depth = 168<LI>Call Chain = BOARD_ConfigMPU &rArr; __aeabi_assert &rArr; DbgConsole_Printf &rArr; DbgConsole_Vprintf &rArr; memcpy
</UL>
<BR>[Calls]<UL><LI><a href="#[ee]">&gt;&gt;</a>&nbsp;&nbsp;&nbsp;__aeabi_assert
</UL>
<BR>[Called By]<UL><LI><a href="#[a9]">&gt;&gt;</a>&nbsp;&nbsp;&nbsp;main
</UL>

<P><STRONG><a name="[ef]"></a>BOARD_InitBootClocks</STRONG> (Thumb, 8 bytes, Stack size 8 bytes, clock_config.o(.text.BOARD_InitBootClocks))
<BR><BR>[Stack]<UL><LI>Max Depth = 176<LI>Call Chain = BOARD_InitBootClocks &rArr; BOARD_BootClockRUN &rArr; CLOCK_InitExternalClk &rArr; __aeabi_assert &rArr; DbgConsole_Printf &rArr; DbgConsole_Vprintf &rArr; memcpy
</UL>
<BR>[Calls]<UL><LI><a href="#[e5]">&gt;&gt;</a>&nbsp;&nbsp;&nbsp;BOARD_BootClockRUN
</UL>
<BR>[Called By]<UL><LI><a href="#[a9]">&gt;&gt;</a>&nbsp;&nbsp;&nbsp;main
</UL>

<P><STRONG><a name="[f0]"></a>BOARD_InitBootPins</STRONG> (Thumb, 8 bytes, Stack size 8 bytes, pin_mux.o(.text.BOARD_InitBootPins))
<BR><BR>[Stack]<UL><LI>Max Depth = 8<LI>Call Chain = BOARD_InitBootPins
</UL>
<BR>[Calls]<UL><LI><a href="#[f1]">&gt;&gt;</a>&nbsp;&nbsp;&nbsp;BOARD_InitPins
</UL>
<BR>[Called By]<UL><LI><a href="#[a9]">&gt;&gt;</a>&nbsp;&nbsp;&nbsp;main
</UL>

<P><STRONG><a name="[f2]"></a>BOARD_InitDebugConsole</STRONG> (Thumb, 102 bytes, Stack size 8 bytes, board.o(.text.BOARD_InitDebugConsole))
<BR><BR>[Stack]<UL><LI>Max Depth = 256<LI>Call Chain = BOARD_InitDebugConsole &rArr; DbgConsole_Init &rArr; HAL_UartInit &rArr; LPUART_Init &rArr; __aeabi_assert &rArr; DbgConsole_Printf &rArr; DbgConsole_Vprintf &rArr; memcpy
</UL>
<BR>[Calls]<UL><LI><a href="#[f4]">&gt;&gt;</a>&nbsp;&nbsp;&nbsp;DbgConsole_Init
<LI><a href="#[f3]">&gt;&gt;</a>&nbsp;&nbsp;&nbsp;CLOCK_GetPllFreq
</UL>
<BR>[Called By]<UL><LI><a href="#[a9]">&gt;&gt;</a>&nbsp;&nbsp;&nbsp;main
</UL>

<P><STRONG><a name="[f1]"></a>BOARD_InitPins</STRONG> (Thumb, 258 bytes, Stack size 0 bytes, pin_mux.o(.text.BOARD_InitPins))
<BR><BR>[Called By]<UL><LI><a href="#[f0]">&gt;&gt;</a>&nbsp;&nbsp;&nbsp;BOARD_InitBootPins
</UL>

<P><STRONG><a name="[102]"></a>BOARD_InitSemcPins</STRONG> (Thumb, 288 bytes, Stack size 0 bytes, pin_mux.o(.text.BOARD_InitSemcPins))
<BR><BR>[Called By]<UL><LI><a href="#[a9]">&gt;&gt;</a>&nbsp;&nbsp;&nbsp;main
</UL>

<P><STRONG><a name="[ea]"></a>CLOCK_DeinitAudioPll</STRONG> (Thumb, 16 bytes, Stack size 0 bytes, fsl_clock.o(.text.CLOCK_DeinitAudioPll))
<BR><BR>[Called By]<UL><LI><a href="#[e5]">&gt;&gt;</a>&nbsp;&nbsp;&nbsp;BOARD_BootClockRUN
</UL>

<P><STRONG><a name="[eb]"></a>CLOCK_DeinitEnetPll</STRONG> (Thumb, 16 bytes, Stack size 0 bytes, fsl_clock.o(.text.CLOCK_DeinitEnetPll))
<BR><BR>[Called By]<UL><LI><a href="#[e5]">&gt;&gt;</a>&nbsp;&nbsp;&nbsp;BOARD_BootClockRUN
</UL>

<P><STRONG><a name="[ec]"></a>CLOCK_DeinitUsb2Pll</STRONG> (Thumb, 14 bytes, Stack size 0 bytes, fsl_clock.o(.text.CLOCK_DeinitUsb2Pll))
<BR><BR>[Called By]<UL><LI><a href="#[e5]">&gt;&gt;</a>&nbsp;&nbsp;&nbsp;BOARD_BootClockRUN
</UL>

<P><STRONG><a name="[f3]"></a>CLOCK_GetPllFreq</STRONG> (Thumb, 612 bytes, Stack size 0 bytes, fsl_clock.o(.text.CLOCK_GetPllFreq))
<BR><BR>[Stack]<UL><LI>Max Depth = 136<LI>Call Chain = CLOCK_GetPllFreq &rArr; __aeabi_assert &rArr; DbgConsole_Printf &rArr; DbgConsole_Vprintf &rArr; memcpy
</UL>
<BR>[Calls]<UL><LI><a href="#[ee]">&gt;&gt;</a>&nbsp;&nbsp;&nbsp;__aeabi_assert
</UL>
<BR>[Called By]<UL><LI><a href="#[f2]">&gt;&gt;</a>&nbsp;&nbsp;&nbsp;BOARD_InitDebugConsole
</UL>

<P><STRONG><a name="[e9]"></a>CLOCK_InitArmPll</STRONG> (Thumb, 70 bytes, Stack size 0 bytes, fsl_clock.o(.text.CLOCK_InitArmPll))
<BR><BR>[Called By]<UL><LI><a href="#[e5]">&gt;&gt;</a>&nbsp;&nbsp;&nbsp;BOARD_BootClockRUN
</UL>

<P><STRONG><a name="[e6]"></a>CLOCK_InitExternalClk</STRONG> (Thumb, 64 bytes, Stack size 0 bytes, fsl_clock.o(.text.CLOCK_InitExternalClk))
<BR><BR>[Stack]<UL><LI>Max Depth = 136<LI>Call Chain = CLOCK_InitExternalClk &rArr; __aeabi_assert &rArr; DbgConsole_Printf &rArr; DbgConsole_Vprintf &rArr; memcpy
</UL>
<BR>[Calls]<UL><LI><a href="#[ee]">&gt;&gt;</a>&nbsp;&nbsp;&nbsp;__aeabi_assert
</UL>
<BR>[Called By]<UL><LI><a href="#[e5]">&gt;&gt;</a>&nbsp;&nbsp;&nbsp;BOARD_BootClockRUN
</UL>

<P><STRONG><a name="[e7]"></a>CLOCK_InitRcOsc24M</STRONG> (Thumb, 18 bytes, Stack size 0 bytes, fsl_clock.o(.text.CLOCK_InitRcOsc24M))
<BR><BR>[Called By]<UL><LI><a href="#[e5]">&gt;&gt;</a>&nbsp;&nbsp;&nbsp;BOARD_BootClockRUN
</UL>

<P><STRONG><a name="[103]"></a>CLOCK_InitVideoPll</STRONG> (Thumb, 148 bytes, Stack size 8 bytes, fsl_clock.o(.text.CLOCK_InitVideoPll))
<BR><BR>[Stack]<UL><LI>Max Depth = 8<LI>Call Chain = CLOCK_InitVideoPll
</UL>
<BR>[Called By]<UL><LI><a href="#[a9]">&gt;&gt;</a>&nbsp;&nbsp;&nbsp;main
</UL>

<P><STRONG><a name="[e8]"></a>CLOCK_SwitchOsc</STRONG> (Thumb, 24 bytes, Stack size 0 bytes, fsl_clock.o(.text.CLOCK_SwitchOsc))
<BR><BR>[Called By]<UL><LI><a href="#[e5]">&gt;&gt;</a>&nbsp;&nbsp;&nbsp;BOARD_BootClockRUN
</UL>

<P><STRONG><a name="[f4]"></a>DbgConsole_Init</STRONG> (Thumb, 78 bytes, Stack size 32 bytes, fsl_debug_console.o(.text.DbgConsole_Init))
<BR><BR>[Stack]<UL><LI>Max Depth = 248<LI>Call Chain = DbgConsole_Init &rArr; HAL_UartInit &rArr; LPUART_Init &rArr; __aeabi_assert &rArr; DbgConsole_Printf &rArr; DbgConsole_Vprintf &rArr; memcpy
</UL>
<BR>[Calls]<UL><LI><a href="#[f5]">&gt;&gt;</a>&nbsp;&nbsp;&nbsp;HAL_UartInit
</UL>
<BR>[Called By]<UL><LI><a href="#[f2]">&gt;&gt;</a>&nbsp;&nbsp;&nbsp;BOARD_InitDebugConsole
</UL>

<P><STRONG><a name="[f6]"></a>DbgConsole_Printf</STRONG> (Thumb, 32 bytes, Stack size 24 bytes, fsl_debug_console.o(.text.DbgConsole_Printf))
<BR><BR>[Stack]<UL><LI>Max Depth = 136<LI>Call Chain = DbgConsole_Printf &rArr; DbgConsole_Vprintf &rArr; memcpy
</UL>
<BR>[Calls]<UL><LI><a href="#[f7]">&gt;&gt;</a>&nbsp;&nbsp;&nbsp;DbgConsole_Vprintf
</UL>
<BR>[Called By]<UL><LI><a href="#[ee]">&gt;&gt;</a>&nbsp;&nbsp;&nbsp;__aeabi_assert
<LI><a href="#[a9]">&gt;&gt;</a>&nbsp;&nbsp;&nbsp;main
</UL>

<P><STRONG><a name="[f7]"></a>DbgConsole_Vprintf</STRONG> (Thumb, 1002 bytes, Stack size 104 bytes, fsl_debug_console.o(.text.DbgConsole_Vprintf))
<BR><BR>[Stack]<UL><LI>Max Depth = 112<LI>Call Chain = DbgConsole_Vprintf &rArr; memcpy
</UL>
<BR>[Calls]<UL><LI><a href="#[f8]">&gt;&gt;</a>&nbsp;&nbsp;&nbsp;strlen
<LI><a href="#[f9]">&gt;&gt;</a>&nbsp;&nbsp;&nbsp;memcpy
</UL>
<BR>[Called By]<UL><LI><a href="#[f6]">&gt;&gt;</a>&nbsp;&nbsp;&nbsp;DbgConsole_Printf
</UL>

<P><STRONG><a name="[fa]"></a>ELCDIF_RgbModeInit</STRONG> (Thumb, 344 bytes, Stack size 24 bytes, fsl_elcdif.o(.text.ELCDIF_RgbModeInit))
<BR><BR>[Stack]<UL><LI>Max Depth = 160<LI>Call Chain = ELCDIF_RgbModeInit &rArr; __aeabi_assert &rArr; DbgConsole_Printf &rArr; DbgConsole_Vprintf &rArr; memcpy
</UL>
<BR>[Calls]<UL><LI><a href="#[ee]">&gt;&gt;</a>&nbsp;&nbsp;&nbsp;__aeabi_assert
</UL>
<BR>[Called By]<UL><LI><a href="#[a9]">&gt;&gt;</a>&nbsp;&nbsp;&nbsp;main
</UL>

<P><STRONG><a name="[fb]"></a>GPIO_PinInit</STRONG> (Thumb, 340 bytes, Stack size 8 bytes, fsl_gpio.o(.text.GPIO_PinInit))
<BR><BR>[Stack]<UL><LI>Max Depth = 144<LI>Call Chain = GPIO_PinInit &rArr; __aeabi_assert &rArr; DbgConsole_Printf &rArr; DbgConsole_Vprintf &rArr; memcpy
</UL>
<BR>[Calls]<UL><LI><a href="#[ee]">&gt;&gt;</a>&nbsp;&nbsp;&nbsp;__aeabi_assert
</UL>
<BR>[Called By]<UL><LI><a href="#[a9]">&gt;&gt;</a>&nbsp;&nbsp;&nbsp;main
</UL>

<P><STRONG><a name="[f5]"></a>HAL_UartInit</STRONG> (Thumb, 232 bytes, Stack size 40 bytes, fsl_adapter_lpuart.o(.text.HAL_UartInit))
<BR><BR>[Stack]<UL><LI>Max Depth = 216<LI>Call Chain = HAL_UartInit &rArr; LPUART_Init &rArr; __aeabi_assert &rArr; DbgConsole_Printf &rArr; DbgConsole_Vprintf &rArr; memcpy
</UL>
<BR>[Calls]<UL><LI><a href="#[fc]">&gt;&gt;</a>&nbsp;&nbsp;&nbsp;LPUART_GetDefaultConfig
<LI><a href="#[fd]">&gt;&gt;</a>&nbsp;&nbsp;&nbsp;LPUART_Init
<LI><a href="#[ee]">&gt;&gt;</a>&nbsp;&nbsp;&nbsp;__aeabi_assert
</UL>
<BR>[Called By]<UL><LI><a href="#[f4]">&gt;&gt;</a>&nbsp;&nbsp;&nbsp;DbgConsole_Init
</UL>

<P><STRONG><a name="[e1]"></a>HAL_UartReceiveBlocking</STRONG> (Thumb, 108 bytes, Stack size 8 bytes, fsl_adapter_lpuart.o(.text.HAL_UartReceiveBlocking))
<BR><BR>[Stack]<UL><LI>Max Depth = 152<LI>Call Chain = HAL_UartReceiveBlocking &rArr; LPUART_ReadBlocking &rArr; __aeabi_assert &rArr; DbgConsole_Printf &rArr; DbgConsole_Vprintf &rArr; memcpy
</UL>
<BR>[Calls]<UL><LI><a href="#[fe]">&gt;&gt;</a>&nbsp;&nbsp;&nbsp;LPUART_ReadBlocking
<LI><a href="#[ee]">&gt;&gt;</a>&nbsp;&nbsp;&nbsp;__aeabi_assert
</UL>
<BR>[Address Reference Count : 1]<UL><LI> fsl_debug_console.o(.text.DbgConsole_Init)
</UL>
<P><STRONG><a name="[e0]"></a>HAL_UartSendBlocking</STRONG> (Thumb, 102 bytes, Stack size 8 bytes, fsl_adapter_lpuart.o(.text.HAL_UartSendBlocking))
<BR><BR>[Stack]<UL><LI>Max Depth = 144<LI>Call Chain = HAL_UartSendBlocking &rArr; LPUART_WriteBlocking &rArr; __aeabi_assert &rArr; DbgConsole_Printf &rArr; DbgConsole_Vprintf &rArr; memcpy
</UL>
<BR>[Calls]<UL><LI><a href="#[ff]">&gt;&gt;</a>&nbsp;&nbsp;&nbsp;LPUART_WriteBlocking
<LI><a href="#[ee]">&gt;&gt;</a>&nbsp;&nbsp;&nbsp;__aeabi_assert
</UL>
<BR>[Address Reference Count : 1]<UL><LI> fsl_debug_console.o(.text.DbgConsole_Init)
</UL>
<P><STRONG><a name="[34]"></a>LCDIF_IRQHandler</STRONG> (Thumb, 50 bytes, Stack size 0 bytes, elcdif_rgb.o(.text.LCDIF_IRQHandler))
<BR>[Address Reference Count : 1]<UL><LI> startup_mimxrt1062.o(.isr_vector)
</UL>
<P><STRONG><a name="[bd]"></a>LPUART1_DriverIRQHandler</STRONG> (Thumb, 38 bytes, Stack size 8 bytes, fsl_lpuart.o(.text.LPUART1_DriverIRQHandler))
<BR><BR>[Stack]<UL><LI>Max Depth = 8<LI>Call Chain = LPUART1_DriverIRQHandler
</UL>
<BR>[Address Reference Count : 1]<UL><LI> startup_mimxrt1062.o(.text)
</UL>
<P><STRONG><a name="[be]"></a>LPUART2_DriverIRQHandler</STRONG> (Thumb, 38 bytes, Stack size 8 bytes, fsl_lpuart.o(.text.LPUART2_DriverIRQHandler))
<BR><BR>[Stack]<UL><LI>Max Depth = 8<LI>Call Chain = LPUART2_DriverIRQHandler
</UL>
<BR>[Address Reference Count : 1]<UL><LI> startup_mimxrt1062.o(.text)
</UL>
<P><STRONG><a name="[bf]"></a>LPUART3_DriverIRQHandler</STRONG> (Thumb, 38 bytes, Stack size 8 bytes, fsl_lpuart.o(.text.LPUART3_DriverIRQHandler))
<BR><BR>[Stack]<UL><LI>Max Depth = 8<LI>Call Chain = LPUART3_DriverIRQHandler
</UL>
<BR>[Address Reference Count : 1]<UL><LI> startup_mimxrt1062.o(.text)
</UL>
<P><STRONG><a name="[c0]"></a>LPUART4_DriverIRQHandler</STRONG> (Thumb, 36 bytes, Stack size 8 bytes, fsl_lpuart.o(.text.LPUART4_DriverIRQHandler))
<BR><BR>[Stack]<UL><LI>Max Depth = 8<LI>Call Chain = LPUART4_DriverIRQHandler
</UL>
<BR>[Address Reference Count : 1]<UL><LI> startup_mimxrt1062.o(.text)
</UL>
<P><STRONG><a name="[c1]"></a>LPUART5_DriverIRQHandler</STRONG> (Thumb, 38 bytes, Stack size 8 bytes, fsl_lpuart.o(.text.LPUART5_DriverIRQHandler))
<BR><BR>[Stack]<UL><LI>Max Depth = 8<LI>Call Chain = LPUART5_DriverIRQHandler
</UL>
<BR>[Address Reference Count : 1]<UL><LI> startup_mimxrt1062.o(.text)
</UL>
<P><STRONG><a name="[c2]"></a>LPUART6_DriverIRQHandler</STRONG> (Thumb, 38 bytes, Stack size 8 bytes, fsl_lpuart.o(.text.LPUART6_DriverIRQHandler))
<BR><BR>[Stack]<UL><LI>Max Depth = 8<LI>Call Chain = LPUART6_DriverIRQHandler
</UL>
<BR>[Address Reference Count : 1]<UL><LI> startup_mimxrt1062.o(.text)
</UL>
<P><STRONG><a name="[c3]"></a>LPUART7_DriverIRQHandler</STRONG> (Thumb, 38 bytes, Stack size 8 bytes, fsl_lpuart.o(.text.LPUART7_DriverIRQHandler))
<BR><BR>[Stack]<UL><LI>Max Depth = 8<LI>Call Chain = LPUART7_DriverIRQHandler
</UL>
<BR>[Address Reference Count : 1]<UL><LI> startup_mimxrt1062.o(.text)
</UL>
<P><STRONG><a name="[c4]"></a>LPUART8_DriverIRQHandler</STRONG> (Thumb, 36 bytes, Stack size 8 bytes, fsl_lpuart.o(.text.LPUART8_DriverIRQHandler))
<BR><BR>[Stack]<UL><LI>Max Depth = 8<LI>Call Chain = LPUART8_DriverIRQHandler
</UL>
<BR>[Address Reference Count : 1]<UL><LI> startup_mimxrt1062.o(.text)
</UL>
<P><STRONG><a name="[fc]"></a>LPUART_GetDefaultConfig</STRONG> (Thumb, 58 bytes, Stack size 16 bytes, fsl_lpuart.o(.text.LPUART_GetDefaultConfig))
<BR><BR>[Stack]<UL><LI>Max Depth = 152<LI>Call Chain = LPUART_GetDefaultConfig &rArr; __aeabi_assert &rArr; DbgConsole_Printf &rArr; DbgConsole_Vprintf &rArr; memcpy
</UL>
<BR>[Calls]<UL><LI><a href="#[ee]">&gt;&gt;</a>&nbsp;&nbsp;&nbsp;__aeabi_assert
<LI><a href="#[100]">&gt;&gt;</a>&nbsp;&nbsp;&nbsp;memset
</UL>
<BR>[Called By]<UL><LI><a href="#[f5]">&gt;&gt;</a>&nbsp;&nbsp;&nbsp;HAL_UartInit
</UL>

<P><STRONG><a name="[fd]"></a>LPUART_Init</STRONG> (Thumb, 652 bytes, Stack size 40 bytes, fsl_lpuart.o(.text.LPUART_Init))
<BR><BR>[Stack]<UL><LI>Max Depth = 176<LI>Call Chain = LPUART_Init &rArr; __aeabi_assert &rArr; DbgConsole_Printf &rArr; DbgConsole_Vprintf &rArr; memcpy
</UL>
<BR>[Calls]<UL><LI><a href="#[ee]">&gt;&gt;</a>&nbsp;&nbsp;&nbsp;__aeabi_assert
</UL>
<BR>[Called By]<UL><LI><a href="#[f5]">&gt;&gt;</a>&nbsp;&nbsp;&nbsp;HAL_UartInit
</UL>

<P><STRONG><a name="[fe]"></a>LPUART_ReadBlocking</STRONG> (Thumb, 284 bytes, Stack size 8 bytes, fsl_lpuart.o(.text.LPUART_ReadBlocking))
<BR><BR>[Stack]<UL><LI>Max Depth = 144<LI>Call Chain = LPUART_ReadBlocking &rArr; __aeabi_assert &rArr; DbgConsole_Printf &rArr; DbgConsole_Vprintf &rArr; memcpy
</UL>
<BR>[Calls]<UL><LI><a href="#[ee]">&gt;&gt;</a>&nbsp;&nbsp;&nbsp;__aeabi_assert
</UL>
<BR>[Called By]<UL><LI><a href="#[e1]">&gt;&gt;</a>&nbsp;&nbsp;&nbsp;HAL_UartReceiveBlocking
</UL>

<P><STRONG><a name="[ff]"></a>LPUART_WriteBlocking</STRONG> (Thumb, 54 bytes, Stack size 0 bytes, fsl_lpuart.o(.text.LPUART_WriteBlocking))
<BR><BR>[Stack]<UL><LI>Max Depth = 136<LI>Call Chain = LPUART_WriteBlocking &rArr; __aeabi_assert &rArr; DbgConsole_Printf &rArr; DbgConsole_Vprintf &rArr; memcpy
</UL>
<BR>[Calls]<UL><LI><a href="#[ee]">&gt;&gt;</a>&nbsp;&nbsp;&nbsp;__aeabi_assert
</UL>
<BR>[Called By]<UL><LI><a href="#[e0]">&gt;&gt;</a>&nbsp;&nbsp;&nbsp;HAL_UartSendBlocking
</UL>

<P><STRONG><a name="[aa]"></a>SystemInit</STRONG> (Thumb, 216 bytes, Stack size 8 bytes, system_mimxrt1062.o(.text.SystemInit))
<BR><BR>[Stack]<UL><LI>Max Depth = 8<LI>Call Chain = SystemInit
</UL>
<BR>[Calls]<UL><LI><a href="#[101]">&gt;&gt;</a>&nbsp;&nbsp;&nbsp;SystemInitHook
</UL>
<BR>[Address Reference Count : 1]<UL><LI> startup_mimxrt1062.o(.text)
</UL>
<P><STRONG><a name="[101]"></a>SystemInitHook</STRONG> (Thumb, 2 bytes, Stack size 0 bytes, system_mimxrt1062.o(.text.SystemInitHook))
<BR><BR>[Called By]<UL><LI><a href="#[aa]">&gt;&gt;</a>&nbsp;&nbsp;&nbsp;SystemInit
</UL>

<P><STRONG><a name="[ee]"></a>__aeabi_assert</STRONG> (Thumb, 16 bytes, Stack size 0 bytes, fsl_assert.o(.text.__aeabi_assert))
<BR><BR>[Stack]<UL><LI>Max Depth = 136<LI>Call Chain = __aeabi_assert &rArr; DbgConsole_Printf &rArr; DbgConsole_Vprintf &rArr; memcpy
</UL>
<BR>[Calls]<UL><LI><a href="#[f6]">&gt;&gt;</a>&nbsp;&nbsp;&nbsp;DbgConsole_Printf
</UL>
<BR>[Called By]<UL><LI><a href="#[fe]">&gt;&gt;</a>&nbsp;&nbsp;&nbsp;LPUART_ReadBlocking
<LI><a href="#[ff]">&gt;&gt;</a>&nbsp;&nbsp;&nbsp;LPUART_WriteBlocking
<LI><a href="#[fc]">&gt;&gt;</a>&nbsp;&nbsp;&nbsp;LPUART_GetDefaultConfig
<LI><a href="#[fd]">&gt;&gt;</a>&nbsp;&nbsp;&nbsp;LPUART_Init
<LI><a href="#[e1]">&gt;&gt;</a>&nbsp;&nbsp;&nbsp;HAL_UartReceiveBlocking
<LI><a href="#[e0]">&gt;&gt;</a>&nbsp;&nbsp;&nbsp;HAL_UartSendBlocking
<LI><a href="#[f5]">&gt;&gt;</a>&nbsp;&nbsp;&nbsp;HAL_UartInit
<LI><a href="#[e6]">&gt;&gt;</a>&nbsp;&nbsp;&nbsp;CLOCK_InitExternalClk
<LI><a href="#[f3]">&gt;&gt;</a>&nbsp;&nbsp;&nbsp;CLOCK_GetPllFreq
<LI><a href="#[ed]">&gt;&gt;</a>&nbsp;&nbsp;&nbsp;BOARD_ConfigMPU
<LI><a href="#[fa]">&gt;&gt;</a>&nbsp;&nbsp;&nbsp;ELCDIF_RgbModeInit
<LI><a href="#[fb]">&gt;&gt;</a>&nbsp;&nbsp;&nbsp;GPIO_PinInit
</UL>

<P><STRONG><a name="[a9]"></a>main</STRONG> (Thumb, 296 bytes, Stack size 24 bytes, elcdif_rgb.o(.text.main))
<BR><BR>[Stack]<UL><LI>Max Depth = 280<LI>Call Chain = main &rArr; BOARD_InitDebugConsole &rArr; DbgConsole_Init &rArr; HAL_UartInit &rArr; LPUART_Init &rArr; __aeabi_assert &rArr; DbgConsole_Printf &rArr; DbgConsole_Vprintf &rArr; memcpy
</UL>
<BR>[Calls]<UL><LI><a href="#[f6]">&gt;&gt;</a>&nbsp;&nbsp;&nbsp;DbgConsole_Printf
<LI><a href="#[f2]">&gt;&gt;</a>&nbsp;&nbsp;&nbsp;BOARD_InitDebugConsole
<LI><a href="#[ef]">&gt;&gt;</a>&nbsp;&nbsp;&nbsp;BOARD_InitBootClocks
<LI><a href="#[102]">&gt;&gt;</a>&nbsp;&nbsp;&nbsp;BOARD_InitSemcPins
<LI><a href="#[f0]">&gt;&gt;</a>&nbsp;&nbsp;&nbsp;BOARD_InitBootPins
<LI><a href="#[ed]">&gt;&gt;</a>&nbsp;&nbsp;&nbsp;BOARD_ConfigMPU
<LI><a href="#[104]">&gt;&gt;</a>&nbsp;&nbsp;&nbsp;APP_FillFrameBuffer
<LI><a href="#[fa]">&gt;&gt;</a>&nbsp;&nbsp;&nbsp;ELCDIF_RgbModeInit
<LI><a href="#[103]">&gt;&gt;</a>&nbsp;&nbsp;&nbsp;CLOCK_InitVideoPll
<LI><a href="#[fb]">&gt;&gt;</a>&nbsp;&nbsp;&nbsp;GPIO_PinInit
<LI><a href="#[100]">&gt;&gt;</a>&nbsp;&nbsp;&nbsp;memset
</UL>
<BR>[Address Reference Count : 1]<UL><LI> entry9a.o(.ARM.Collect$$$$0000000B)
</UL>
<P><STRONG><a name="[113]"></a>__scatterload_copy</STRONG> (Thumb, 14 bytes, Stack size unknown bytes, handlers.o(i.__scatterload_copy), UNUSED)

<P><STRONG><a name="[114]"></a>__scatterload_null</STRONG> (Thumb, 2 bytes, Stack size unknown bytes, handlers.o(i.__scatterload_null), UNUSED)

<P><STRONG><a name="[115]"></a>__scatterload_zeroinit</STRONG> (Thumb, 14 bytes, Stack size unknown bytes, handlers.o(i.__scatterload_zeroinit), UNUSED)
<P>
<H3>
Local Symbols
</H3><P>
<H3>
Undefined Global Symbols
</H3><HR></body></html>
