<!doctype html public "-//w3c//dtd html 4.0 transitional//en">
<html><head>
<title>Static Call Graph - [flexspi_nor_sdram_debug\elcdif_rgb.out]</title></head>
<body><HR>
<H1>Static Call Graph for image flexspi_nor_sdram_debug\elcdif_rgb.out</H1><HR>
<BR><P>#&#060CALLGRAPH&#062# ARM Linker, 6180002: Last Updated: Thu Nov  3 07:59:29 2022
<BR><P>
<H3>Maximum Stack Usage =       1024 bytes + Unknown(Functions without stacksize, Cycles, Untraceable Function Pointers)</H3><H3>
Call chain for Maximum Stack Depth:</H3>
lv_chart_event &rArr; draw_y_ticks &rArr; lv_draw_label &rArr; lv_txt_get_size &rArr; _lv_txt_get_next_line &rArr; lv_font_get_glyph_width
<P>
<H3>
Functions with no stack information
</H3><UL>
 <LI><a href="#[0]">Reset_Handler</a>
 <LI><a href="#[85]">ACMP1_IRQHandler</a>
 <LI><a href="#[86]">ACMP2_IRQHandler</a>
 <LI><a href="#[87]">ACMP3_IRQHandler</a>
 <LI><a href="#[88]">ACMP4_IRQHandler</a>
 <LI><a href="#[4d]">ADC1_IRQHandler</a>
 <LI><a href="#[4e]">ADC2_IRQHandler</a>
 <LI><a href="#[83]">ADC_ETC_ERROR_IRQ_IRQHandler</a>
 <LI><a href="#[80]">ADC_ETC_IRQ0_IRQHandler</a>
 <LI><a href="#[81]">ADC_ETC_IRQ1_IRQHandler</a>
 <LI><a href="#[82]">ADC_ETC_IRQ2_IRQHandler</a>
 <LI><a href="#[41]">BEE_IRQHandler</a>
 <LI><a href="#[4]">BusFault_Handler</a>
 <LI><a href="#[cd]">CAN1_DriverIRQHandler</a>
 <LI><a href="#[ce]">CAN2_DriverIRQHandler</a>
 <LI><a href="#[de]">CAN3_DriverIRQHandler</a>
 <LI><a href="#[69]">CCM_1_IRQHandler</a>
 <LI><a href="#[6a]">CCM_2_IRQHandler</a>
 <LI><a href="#[1d]">CORE_IRQHandler</a>
 <LI><a href="#[35]">CSI_IRQHandler</a>
 <LI><a href="#[3b]">CSU_IRQHandler</a>
 <LI><a href="#[1b]">CTI0_ERROR_IRQHandler</a>
 <LI><a href="#[1c]">CTI1_ERROR_IRQHandler</a>
 <LI><a href="#[4f]">DCDC_IRQHandler</a>
 <LI><a href="#[3c]">DCP_IRQHandler</a>
 <LI><a href="#[3d]">DCP_VMI_IRQHandler</a>
 <LI><a href="#[ac]">DMA0_DMA16_DriverIRQHandler</a>
 <LI><a href="#[b6]">DMA10_DMA26_DriverIRQHandler</a>
 <LI><a href="#[b7]">DMA11_DMA27_DriverIRQHandler</a>
 <LI><a href="#[b8]">DMA12_DMA28_DriverIRQHandler</a>
 <LI><a href="#[b9]">DMA13_DMA29_DriverIRQHandler</a>
 <LI><a href="#[ba]">DMA14_DMA30_DriverIRQHandler</a>
 <LI><a href="#[bb]">DMA15_DMA31_DriverIRQHandler</a>
 <LI><a href="#[ad]">DMA1_DMA17_DriverIRQHandler</a>
 <LI><a href="#[ae]">DMA2_DMA18_DriverIRQHandler</a>
 <LI><a href="#[af]">DMA3_DMA19_DriverIRQHandler</a>
 <LI><a href="#[b0]">DMA4_DMA20_DriverIRQHandler</a>
 <LI><a href="#[b1]">DMA5_DMA21_DriverIRQHandler</a>
 <LI><a href="#[b2]">DMA6_DMA22_DriverIRQHandler</a>
 <LI><a href="#[b3]">DMA7_DMA23_DriverIRQHandler</a>
 <LI><a href="#[b4]">DMA8_DMA24_DriverIRQHandler</a>
 <LI><a href="#[b5]">DMA9_DMA25_DriverIRQHandler</a>
 <LI><a href="#[bc]">DMA_ERROR_DriverIRQHandler</a>
 <LI><a href="#[7]">DebugMon_Handler</a>
 <LI><a href="#[a8]">DefaultISR</a>
 <LI><a href="#[8b]">ENC1_IRQHandler</a>
 <LI><a href="#[8c]">ENC2_IRQHandler</a>
 <LI><a href="#[8d]">ENC3_IRQHandler</a>
 <LI><a href="#[8e]">ENC4_IRQHandler</a>
 <LI><a href="#[dd]">ENET2_1588_Timer_DriverIRQHandler</a>
 <LI><a href="#[dc]">ENET2_DriverIRQHandler</a>
 <LI><a href="#[db]">ENET_1588_Timer_DriverIRQHandler</a>
 <LI><a href="#[da]">ENET_DriverIRQHandler</a>
 <LI><a href="#[68]">EWM_IRQHandler</a>
 <LI><a href="#[d4]">FLEXIO1_DriverIRQHandler</a>
 <LI><a href="#[d5]">FLEXIO2_DriverIRQHandler</a>
 <LI><a href="#[df]">FLEXIO3_DriverIRQHandler</a>
 <LI><a href="#[30]">FLEXRAM_IRQHandler</a>
 <LI><a href="#[d6]">FLEXSPI2_DriverIRQHandler</a>
 <LI><a href="#[d7]">FLEXSPI_DriverIRQHandler</a>
 <LI><a href="#[6b]">GPC_IRQHandler</a>
 <LI><a href="#[51]">GPIO10_Combined_0_31_IRQHandler</a>
 <LI><a href="#[5a]">GPIO1_Combined_0_15_IRQHandler</a>
 <LI><a href="#[5b]">GPIO1_Combined_16_31_IRQHandler</a>
 <LI><a href="#[52]">GPIO1_INT0_IRQHandler</a>
 <LI><a href="#[53]">GPIO1_INT1_IRQHandler</a>
 <LI><a href="#[54]">GPIO1_INT2_IRQHandler</a>
 <LI><a href="#[55]">GPIO1_INT3_IRQHandler</a>
 <LI><a href="#[56]">GPIO1_INT4_IRQHandler</a>
 <LI><a href="#[57]">GPIO1_INT5_IRQHandler</a>
 <LI><a href="#[58]">GPIO1_INT6_IRQHandler</a>
 <LI><a href="#[59]">GPIO1_INT7_IRQHandler</a>
 <LI><a href="#[5c]">GPIO2_Combined_0_15_IRQHandler</a>
 <LI><a href="#[5d]">GPIO2_Combined_16_31_IRQHandler</a>
 <LI><a href="#[5e]">GPIO3_Combined_0_15_IRQHandler</a>
 <LI><a href="#[5f]">GPIO3_Combined_16_31_IRQHandler</a>
 <LI><a href="#[60]">GPIO4_Combined_0_15_IRQHandler</a>
 <LI><a href="#[61]">GPIO4_Combined_16_31_IRQHandler</a>
 <LI><a href="#[62]">GPIO5_Combined_0_15_IRQHandler</a>
 <LI><a href="#[63]">GPIO5_Combined_16_31_IRQHandler</a>
 <LI><a href="#[a7]">GPIO6_7_8_9_IRQHandler</a>
 <LI><a href="#[33]">GPR_IRQ_IRQHandler</a>
 <LI><a href="#[6e]">GPT1_IRQHandler</a>
 <LI><a href="#[6f]">GPT2_IRQHandler</a>
 <LI><a href="#[31]">KPP_IRQHandler</a>
 <LI><a href="#[c5]">LPI2C1_DriverIRQHandler</a>
 <LI><a href="#[c6]">LPI2C2_DriverIRQHandler</a>
 <LI><a href="#[c7]">LPI2C3_DriverIRQHandler</a>
 <LI><a href="#[c8]">LPI2C4_DriverIRQHandler</a>
 <LI><a href="#[c9]">LPSPI1_DriverIRQHandler</a>
 <LI><a href="#[ca]">LPSPI2_DriverIRQHandler</a>
 <LI><a href="#[cb]">LPSPI3_DriverIRQHandler</a>
 <LI><a href="#[cc]">LPSPI4_DriverIRQHandler</a>
 <LI><a href="#[3]">MemManage_Handler</a>
 <LI><a href="#[84]">PIT_IRQHandler</a>
 <LI><a href="#[47]">PMU_EVENT_IRQHandler</a>
 <LI><a href="#[70]">PWM1_0_IRQHandler</a>
 <LI><a href="#[71]">PWM1_1_IRQHandler</a>
 <LI><a href="#[72]">PWM1_2_IRQHandler</a>
 <LI><a href="#[73]">PWM1_3_IRQHandler</a>
 <LI><a href="#[74]">PWM1_FAULT_IRQHandler</a>
 <LI><a href="#[93]">PWM2_0_IRQHandler</a>
 <LI><a href="#[94]">PWM2_1_IRQHandler</a>
 <LI><a href="#[95]">PWM2_2_IRQHandler</a>
 <LI><a href="#[96]">PWM2_3_IRQHandler</a>
 <LI><a href="#[97]">PWM2_FAULT_IRQHandler</a>
 <LI><a href="#[98]">PWM3_0_IRQHandler</a>
 <LI><a href="#[99]">PWM3_1_IRQHandler</a>
 <LI><a href="#[9a]">PWM3_2_IRQHandler</a>
 <LI><a href="#[9b]">PWM3_3_IRQHandler</a>
 <LI><a href="#[9c]">PWM3_FAULT_IRQHandler</a>
 <LI><a href="#[9d]">PWM4_0_IRQHandler</a>
 <LI><a href="#[9e]">PWM4_1_IRQHandler</a>
 <LI><a href="#[9f]">PWM4_2_IRQHandler</a>
 <LI><a href="#[a0]">PWM4_3_IRQHandler</a>
 <LI><a href="#[a1]">PWM4_FAULT_IRQHandler</a>
 <LI><a href="#[36]">PXP_IRQHandler</a>
 <LI><a href="#[67]">RTWDOG_IRQHandler</a>
 <LI><a href="#[6d]">Reserved115_IRQHandler</a>
 <LI><a href="#[89]">Reserved143_IRQHandler</a>
 <LI><a href="#[8a]">Reserved144_IRQHandler</a>
 <LI><a href="#[a5]">Reserved171_IRQHandler</a>
 <LI><a href="#[3e]">Reserved68_IRQHandler</a>
 <LI><a href="#[48]">Reserved78_IRQHandler</a>
 <LI><a href="#[50]">Reserved86_IRQHandler</a>
 <LI><a href="#[cf]">SAI1_DriverIRQHandler</a>
 <LI><a href="#[d0]">SAI2_DriverIRQHandler</a>
 <LI><a href="#[d1]">SAI3_RX_DriverIRQHandler</a>
 <LI><a href="#[d2]">SAI3_TX_DriverIRQHandler</a>
 <LI><a href="#[77]">SEMC_IRQHandler</a>
 <LI><a href="#[40]">SJC_IRQHandler</a>
 <LI><a href="#[38]">SNVS_HP_WRAPPER_IRQHandler</a>
 <LI><a href="#[39]">SNVS_HP_WRAPPER_TZ_IRQHandler</a>
 <LI><a href="#[3a]">SNVS_LP_WRAPPER_IRQHandler</a>
 <LI><a href="#[d3]">SPDIF_DriverIRQHandler</a>
 <LI><a href="#[6c]">SRC_IRQHandler</a>
 <LI><a href="#[49]">TEMP_LOW_HIGH_IRQHandler</a>
 <LI><a href="#[4a]">TEMP_PANIC_IRQHandler</a>
 <LI><a href="#[8f]">TMR1_IRQHandler</a>
 <LI><a href="#[90]">TMR2_IRQHandler</a>
 <LI><a href="#[91]">TMR3_IRQHandler</a>
 <LI><a href="#[92]">TMR4_IRQHandler</a>
 <LI><a href="#[3f]">TRNG_IRQHandler</a>
 <LI><a href="#[32]">TSC_DIG_IRQHandler</a>
 <LI><a href="#[7b]">USB_OTG1_IRQHandler</a>
 <LI><a href="#[7a]">USB_OTG2_IRQHandler</a>
 <LI><a href="#[4b]">USB_PHY1_IRQHandler</a>
 <LI><a href="#[4c]">USB_PHY2_IRQHandler</a>
 <LI><a href="#[d8]">USDHC1_DriverIRQHandler</a>
 <LI><a href="#[d9]">USDHC2_DriverIRQHandler</a>
 <LI><a href="#[5]">UsageFault_Handler</a>
 <LI><a href="#[66]">WDOG1_IRQHandler</a>
 <LI><a href="#[37]">WDOG2_IRQHandler</a>
 <LI><a href="#[7e]">XBAR1_IRQ_0_1_IRQHandler</a>
 <LI><a href="#[7f]">XBAR1_IRQ_2_3_IRQHandler</a>
 <LI><a href="#[1]">NMI_Handler</a>
 <LI><a href="#[2]">HardFault_Handler</a>
 <LI><a href="#[6]">SVC_Handler</a>
 <LI><a href="#[8]">PendSV_Handler</a>
 <LI><a href="#[a]">DMA0_DMA16_IRQHandler</a>
 <LI><a href="#[b]">DMA1_DMA17_IRQHandler</a>
 <LI><a href="#[c]">DMA2_DMA18_IRQHandler</a>
 <LI><a href="#[d]">DMA3_DMA19_IRQHandler</a>
 <LI><a href="#[e]">DMA4_DMA20_IRQHandler</a>
 <LI><a href="#[f]">DMA5_DMA21_IRQHandler</a>
 <LI><a href="#[10]">DMA6_DMA22_IRQHandler</a>
 <LI><a href="#[11]">DMA7_DMA23_IRQHandler</a>
 <LI><a href="#[12]">DMA8_DMA24_IRQHandler</a>
 <LI><a href="#[13]">DMA9_DMA25_IRQHandler</a>
 <LI><a href="#[14]">DMA10_DMA26_IRQHandler</a>
 <LI><a href="#[15]">DMA11_DMA27_IRQHandler</a>
 <LI><a href="#[16]">DMA12_DMA28_IRQHandler</a>
 <LI><a href="#[17]">DMA13_DMA29_IRQHandler</a>
 <LI><a href="#[18]">DMA14_DMA30_IRQHandler</a>
 <LI><a href="#[19]">DMA15_DMA31_IRQHandler</a>
 <LI><a href="#[1a]">DMA_ERROR_IRQHandler</a>
 <LI><a href="#[1e]">LPUART1_IRQHandler</a>
 <LI><a href="#[1f]">LPUART2_IRQHandler</a>
 <LI><a href="#[20]">LPUART3_IRQHandler</a>
 <LI><a href="#[21]">LPUART4_IRQHandler</a>
 <LI><a href="#[22]">LPUART5_IRQHandler</a>
 <LI><a href="#[23]">LPUART6_IRQHandler</a>
 <LI><a href="#[24]">LPUART7_IRQHandler</a>
 <LI><a href="#[25]">LPUART8_IRQHandler</a>
 <LI><a href="#[26]">LPI2C1_IRQHandler</a>
 <LI><a href="#[27]">LPI2C2_IRQHandler</a>
 <LI><a href="#[28]">LPI2C3_IRQHandler</a>
 <LI><a href="#[29]">LPI2C4_IRQHandler</a>
 <LI><a href="#[2a]">LPSPI1_IRQHandler</a>
 <LI><a href="#[2b]">LPSPI2_IRQHandler</a>
 <LI><a href="#[2c]">LPSPI3_IRQHandler</a>
 <LI><a href="#[2d]">LPSPI4_IRQHandler</a>
 <LI><a href="#[2e]">CAN1_IRQHandler</a>
 <LI><a href="#[2f]">CAN2_IRQHandler</a>
 <LI><a href="#[42]">SAI1_IRQHandler</a>
 <LI><a href="#[43]">SAI2_IRQHandler</a>
 <LI><a href="#[44]">SAI3_RX_IRQHandler</a>
 <LI><a href="#[45]">SAI3_TX_IRQHandler</a>
 <LI><a href="#[46]">SPDIF_IRQHandler</a>
 <LI><a href="#[64]">FLEXIO1_IRQHandler</a>
 <LI><a href="#[65]">FLEXIO2_IRQHandler</a>
 <LI><a href="#[75]">FLEXSPI2_IRQHandler</a>
 <LI><a href="#[76]">FLEXSPI_IRQHandler</a>
 <LI><a href="#[78]">USDHC1_IRQHandler</a>
 <LI><a href="#[79]">USDHC2_IRQHandler</a>
 <LI><a href="#[7c]">ENET_IRQHandler</a>
 <LI><a href="#[7d]">ENET_1588_Timer_IRQHandler</a>
 <LI><a href="#[a2]">ENET2_IRQHandler</a>
 <LI><a href="#[a3]">ENET2_1588_Timer_IRQHandler</a>
 <LI><a href="#[a4]">CAN3_IRQHandler</a>
 <LI><a href="#[a6]">FLEXIO3_IRQHandler</a>
</UL>
</UL>
<P>
<H3>
Mutually Recursive functions
</H3> <LI><a href="#[241]">event_send_core</a>&nbsp;&nbsp;&nbsp;&rArr;&nbsp;&nbsp;&nbsp;<a href="#[241]">event_send_core</a><BR>
 <LI><a href="#[333]">lv_obj_redraw</a>&nbsp;&nbsp;&nbsp;&rArr;&nbsp;&nbsp;&nbsp;<a href="#[334]">refr_obj</a><BR>
 <LI><a href="#[32f]">lv_obj_transform_point</a>&nbsp;&nbsp;&nbsp;&rArr;&nbsp;&nbsp;&nbsp;<a href="#[32f]">lv_obj_transform_point</a><BR>
 <LI><a href="#[352]">lv_refr_get_top_obj</a>&nbsp;&nbsp;&nbsp;&rArr;&nbsp;&nbsp;&nbsp;<a href="#[352]">lv_refr_get_top_obj</a><BR>
 <LI><a href="#[203]">lv_obj_move_children_by</a>&nbsp;&nbsp;&nbsp;&rArr;&nbsp;&nbsp;&nbsp;<a href="#[203]">lv_obj_move_children_by</a><BR>
 <LI><a href="#[33d]">lv_obj_scroll_by_bounded</a>&nbsp;&nbsp;&nbsp;&rArr;&nbsp;&nbsp;&nbsp;<a href="#[1b9]">lv_obj_update_layout</a><BR>
 <LI><a href="#[265]">layout_update_core</a>&nbsp;&nbsp;&nbsp;&rArr;&nbsp;&nbsp;&nbsp;<a href="#[265]">layout_update_core</a><BR>
 <LI><a href="#[2e9]">lv_textarea_add_char</a>&nbsp;&nbsp;&nbsp;&rArr;&nbsp;&nbsp;&nbsp;<a href="#[2e8]">lv_textarea_add_text</a><BR>
 <LI><a href="#[2e8]">lv_textarea_add_text</a>&nbsp;&nbsp;&nbsp;&rArr;&nbsp;&nbsp;&nbsp;<a href="#[2e8]">lv_textarea_add_text</a><BR>
 <LI><a href="#[336]">refresh_children_style</a>&nbsp;&nbsp;&nbsp;&rArr;&nbsp;&nbsp;&nbsp;<a href="#[336]">refresh_children_style</a><BR>
 <LI><a href="#[1ea]">apply_theme</a>&nbsp;&nbsp;&nbsp;&rArr;&nbsp;&nbsp;&nbsp;<a href="#[1ea]">apply_theme</a><BR>
 <LI><a href="#[319]">lv_obj_construct</a>&nbsp;&nbsp;&nbsp;&rArr;&nbsp;&nbsp;&nbsp;<a href="#[319]">lv_obj_construct</a><BR>
 <LI><a href="#[33c]">report_style_change_core</a>&nbsp;&nbsp;&nbsp;&rArr;&nbsp;&nbsp;&nbsp;<a href="#[33c]">report_style_change_core</a><BR>
 <LI><a href="#[1e7]">_vsnprintf</a>&nbsp;&nbsp;&nbsp;&rArr;&nbsp;&nbsp;&nbsp;<a href="#[1e7]">_vsnprintf</a><BR>
 <LI><a href="#[31c]">obj_del_core</a>&nbsp;&nbsp;&nbsp;&rArr;&nbsp;&nbsp;&nbsp;<a href="#[31c]">obj_del_core</a><BR>
 <LI><a href="#[1d4]">_lv_obj_destruct</a>&nbsp;&nbsp;&nbsp;&rArr;&nbsp;&nbsp;&nbsp;<a href="#[1d4]">_lv_obj_destruct</a><BR>
</UL>
<P>
<H3>
Function Pointers
</H3><UL>
 <LI><a href="#[85]">ACMP1_IRQHandler</a> from startup_mimxrt1062.o(.text) referenced from startup_mimxrt1062.o(.isr_vector)
 <LI><a href="#[86]">ACMP2_IRQHandler</a> from startup_mimxrt1062.o(.text) referenced from startup_mimxrt1062.o(.isr_vector)
 <LI><a href="#[87]">ACMP3_IRQHandler</a> from startup_mimxrt1062.o(.text) referenced from startup_mimxrt1062.o(.isr_vector)
 <LI><a href="#[88]">ACMP4_IRQHandler</a> from startup_mimxrt1062.o(.text) referenced from startup_mimxrt1062.o(.isr_vector)
 <LI><a href="#[4d]">ADC1_IRQHandler</a> from startup_mimxrt1062.o(.text) referenced from startup_mimxrt1062.o(.isr_vector)
 <LI><a href="#[4e]">ADC2_IRQHandler</a> from startup_mimxrt1062.o(.text) referenced from startup_mimxrt1062.o(.isr_vector)
 <LI><a href="#[83]">ADC_ETC_ERROR_IRQ_IRQHandler</a> from startup_mimxrt1062.o(.text) referenced from startup_mimxrt1062.o(.isr_vector)
 <LI><a href="#[80]">ADC_ETC_IRQ0_IRQHandler</a> from startup_mimxrt1062.o(.text) referenced from startup_mimxrt1062.o(.isr_vector)
 <LI><a href="#[81]">ADC_ETC_IRQ1_IRQHandler</a> from startup_mimxrt1062.o(.text) referenced from startup_mimxrt1062.o(.isr_vector)
 <LI><a href="#[82]">ADC_ETC_IRQ2_IRQHandler</a> from startup_mimxrt1062.o(.text) referenced from startup_mimxrt1062.o(.isr_vector)
 <LI><a href="#[41]">BEE_IRQHandler</a> from startup_mimxrt1062.o(.text) referenced from startup_mimxrt1062.o(.isr_vector)
 <LI><a href="#[4]">BusFault_Handler</a> from startup_mimxrt1062.o(.text) referenced from startup_mimxrt1062.o(.isr_vector)
 <LI><a href="#[cd]">CAN1_DriverIRQHandler</a> from startup_mimxrt1062.o(.text) referenced from startup_mimxrt1062.o(.text)
 <LI><a href="#[2e]">CAN1_IRQHandler</a> from startup_mimxrt1062.o(.text) referenced from startup_mimxrt1062.o(.isr_vector)
 <LI><a href="#[ce]">CAN2_DriverIRQHandler</a> from startup_mimxrt1062.o(.text) referenced from startup_mimxrt1062.o(.text)
 <LI><a href="#[2f]">CAN2_IRQHandler</a> from startup_mimxrt1062.o(.text) referenced from startup_mimxrt1062.o(.isr_vector)
 <LI><a href="#[de]">CAN3_DriverIRQHandler</a> from startup_mimxrt1062.o(.text) referenced from startup_mimxrt1062.o(.text)
 <LI><a href="#[a4]">CAN3_IRQHandler</a> from startup_mimxrt1062.o(.text) referenced from startup_mimxrt1062.o(.isr_vector)
 <LI><a href="#[69]">CCM_1_IRQHandler</a> from startup_mimxrt1062.o(.text) referenced from startup_mimxrt1062.o(.isr_vector)
 <LI><a href="#[6a]">CCM_2_IRQHandler</a> from startup_mimxrt1062.o(.text) referenced from startup_mimxrt1062.o(.isr_vector)
 <LI><a href="#[1d]">CORE_IRQHandler</a> from startup_mimxrt1062.o(.text) referenced from startup_mimxrt1062.o(.isr_vector)
 <LI><a href="#[35]">CSI_IRQHandler</a> from startup_mimxrt1062.o(.text) referenced from startup_mimxrt1062.o(.isr_vector)
 <LI><a href="#[3b]">CSU_IRQHandler</a> from startup_mimxrt1062.o(.text) referenced from startup_mimxrt1062.o(.isr_vector)
 <LI><a href="#[1b]">CTI0_ERROR_IRQHandler</a> from startup_mimxrt1062.o(.text) referenced from startup_mimxrt1062.o(.isr_vector)
 <LI><a href="#[1c]">CTI1_ERROR_IRQHandler</a> from startup_mimxrt1062.o(.text) referenced from startup_mimxrt1062.o(.isr_vector)
 <LI><a href="#[4f]">DCDC_IRQHandler</a> from startup_mimxrt1062.o(.text) referenced from startup_mimxrt1062.o(.isr_vector)
 <LI><a href="#[3c]">DCP_IRQHandler</a> from startup_mimxrt1062.o(.text) referenced from startup_mimxrt1062.o(.isr_vector)
 <LI><a href="#[3d]">DCP_VMI_IRQHandler</a> from startup_mimxrt1062.o(.text) referenced from startup_mimxrt1062.o(.isr_vector)
 <LI><a href="#[ac]">DMA0_DMA16_DriverIRQHandler</a> from startup_mimxrt1062.o(.text) referenced from startup_mimxrt1062.o(.text)
 <LI><a href="#[a]">DMA0_DMA16_IRQHandler</a> from startup_mimxrt1062.o(.text) referenced from startup_mimxrt1062.o(.isr_vector)
 <LI><a href="#[b6]">DMA10_DMA26_DriverIRQHandler</a> from startup_mimxrt1062.o(.text) referenced from startup_mimxrt1062.o(.text)
 <LI><a href="#[14]">DMA10_DMA26_IRQHandler</a> from startup_mimxrt1062.o(.text) referenced from startup_mimxrt1062.o(.isr_vector)
 <LI><a href="#[b7]">DMA11_DMA27_DriverIRQHandler</a> from startup_mimxrt1062.o(.text) referenced from startup_mimxrt1062.o(.text)
 <LI><a href="#[15]">DMA11_DMA27_IRQHandler</a> from startup_mimxrt1062.o(.text) referenced from startup_mimxrt1062.o(.isr_vector)
 <LI><a href="#[b8]">DMA12_DMA28_DriverIRQHandler</a> from startup_mimxrt1062.o(.text) referenced from startup_mimxrt1062.o(.text)
 <LI><a href="#[16]">DMA12_DMA28_IRQHandler</a> from startup_mimxrt1062.o(.text) referenced from startup_mimxrt1062.o(.isr_vector)
 <LI><a href="#[b9]">DMA13_DMA29_DriverIRQHandler</a> from startup_mimxrt1062.o(.text) referenced from startup_mimxrt1062.o(.text)
 <LI><a href="#[17]">DMA13_DMA29_IRQHandler</a> from startup_mimxrt1062.o(.text) referenced from startup_mimxrt1062.o(.isr_vector)
 <LI><a href="#[ba]">DMA14_DMA30_DriverIRQHandler</a> from startup_mimxrt1062.o(.text) referenced from startup_mimxrt1062.o(.text)
 <LI><a href="#[18]">DMA14_DMA30_IRQHandler</a> from startup_mimxrt1062.o(.text) referenced from startup_mimxrt1062.o(.isr_vector)
 <LI><a href="#[bb]">DMA15_DMA31_DriverIRQHandler</a> from startup_mimxrt1062.o(.text) referenced from startup_mimxrt1062.o(.text)
 <LI><a href="#[19]">DMA15_DMA31_IRQHandler</a> from startup_mimxrt1062.o(.text) referenced from startup_mimxrt1062.o(.isr_vector)
 <LI><a href="#[ad]">DMA1_DMA17_DriverIRQHandler</a> from startup_mimxrt1062.o(.text) referenced from startup_mimxrt1062.o(.text)
 <LI><a href="#[b]">DMA1_DMA17_IRQHandler</a> from startup_mimxrt1062.o(.text) referenced from startup_mimxrt1062.o(.isr_vector)
 <LI><a href="#[ae]">DMA2_DMA18_DriverIRQHandler</a> from startup_mimxrt1062.o(.text) referenced from startup_mimxrt1062.o(.text)
 <LI><a href="#[c]">DMA2_DMA18_IRQHandler</a> from startup_mimxrt1062.o(.text) referenced from startup_mimxrt1062.o(.isr_vector)
 <LI><a href="#[af]">DMA3_DMA19_DriverIRQHandler</a> from startup_mimxrt1062.o(.text) referenced from startup_mimxrt1062.o(.text)
 <LI><a href="#[d]">DMA3_DMA19_IRQHandler</a> from startup_mimxrt1062.o(.text) referenced from startup_mimxrt1062.o(.isr_vector)
 <LI><a href="#[b0]">DMA4_DMA20_DriverIRQHandler</a> from startup_mimxrt1062.o(.text) referenced from startup_mimxrt1062.o(.text)
 <LI><a href="#[e]">DMA4_DMA20_IRQHandler</a> from startup_mimxrt1062.o(.text) referenced from startup_mimxrt1062.o(.isr_vector)
 <LI><a href="#[b1]">DMA5_DMA21_DriverIRQHandler</a> from startup_mimxrt1062.o(.text) referenced from startup_mimxrt1062.o(.text)
 <LI><a href="#[f]">DMA5_DMA21_IRQHandler</a> from startup_mimxrt1062.o(.text) referenced from startup_mimxrt1062.o(.isr_vector)
 <LI><a href="#[b2]">DMA6_DMA22_DriverIRQHandler</a> from startup_mimxrt1062.o(.text) referenced from startup_mimxrt1062.o(.text)
 <LI><a href="#[10]">DMA6_DMA22_IRQHandler</a> from startup_mimxrt1062.o(.text) referenced from startup_mimxrt1062.o(.isr_vector)
 <LI><a href="#[b3]">DMA7_DMA23_DriverIRQHandler</a> from startup_mimxrt1062.o(.text) referenced from startup_mimxrt1062.o(.text)
 <LI><a href="#[11]">DMA7_DMA23_IRQHandler</a> from startup_mimxrt1062.o(.text) referenced from startup_mimxrt1062.o(.isr_vector)
 <LI><a href="#[b4]">DMA8_DMA24_DriverIRQHandler</a> from startup_mimxrt1062.o(.text) referenced from startup_mimxrt1062.o(.text)
 <LI><a href="#[12]">DMA8_DMA24_IRQHandler</a> from startup_mimxrt1062.o(.text) referenced from startup_mimxrt1062.o(.isr_vector)
 <LI><a href="#[b5]">DMA9_DMA25_DriverIRQHandler</a> from startup_mimxrt1062.o(.text) referenced from startup_mimxrt1062.o(.text)
 <LI><a href="#[13]">DMA9_DMA25_IRQHandler</a> from startup_mimxrt1062.o(.text) referenced from startup_mimxrt1062.o(.isr_vector)
 <LI><a href="#[bc]">DMA_ERROR_DriverIRQHandler</a> from startup_mimxrt1062.o(.text) referenced from startup_mimxrt1062.o(.text)
 <LI><a href="#[1a]">DMA_ERROR_IRQHandler</a> from startup_mimxrt1062.o(.text) referenced from startup_mimxrt1062.o(.isr_vector)
 <LI><a href="#[7]">DebugMon_Handler</a> from startup_mimxrt1062.o(.text) referenced from startup_mimxrt1062.o(.isr_vector)
 <LI><a href="#[a8]">DefaultISR</a> from startup_mimxrt1062.o(.text) referenced from fsl_lpuart.o(.data.s_lpuartIsr)
 <LI><a href="#[a8]">DefaultISR</a> from startup_mimxrt1062.o(.text) referenced 81 times from startup_mimxrt1062.o(.isr_vector)
 <LI><a href="#[8b]">ENC1_IRQHandler</a> from startup_mimxrt1062.o(.text) referenced from startup_mimxrt1062.o(.isr_vector)
 <LI><a href="#[8c]">ENC2_IRQHandler</a> from startup_mimxrt1062.o(.text) referenced from startup_mimxrt1062.o(.isr_vector)
 <LI><a href="#[8d]">ENC3_IRQHandler</a> from startup_mimxrt1062.o(.text) referenced from startup_mimxrt1062.o(.isr_vector)
 <LI><a href="#[8e]">ENC4_IRQHandler</a> from startup_mimxrt1062.o(.text) referenced from startup_mimxrt1062.o(.isr_vector)
 <LI><a href="#[dd]">ENET2_1588_Timer_DriverIRQHandler</a> from startup_mimxrt1062.o(.text) referenced from startup_mimxrt1062.o(.text)
 <LI><a href="#[a3]">ENET2_1588_Timer_IRQHandler</a> from startup_mimxrt1062.o(.text) referenced from startup_mimxrt1062.o(.isr_vector)
 <LI><a href="#[dc]">ENET2_DriverIRQHandler</a> from startup_mimxrt1062.o(.text) referenced from startup_mimxrt1062.o(.text)
 <LI><a href="#[a2]">ENET2_IRQHandler</a> from startup_mimxrt1062.o(.text) referenced from startup_mimxrt1062.o(.isr_vector)
 <LI><a href="#[db]">ENET_1588_Timer_DriverIRQHandler</a> from startup_mimxrt1062.o(.text) referenced from startup_mimxrt1062.o(.text)
 <LI><a href="#[7d]">ENET_1588_Timer_IRQHandler</a> from startup_mimxrt1062.o(.text) referenced from startup_mimxrt1062.o(.isr_vector)
 <LI><a href="#[da]">ENET_DriverIRQHandler</a> from startup_mimxrt1062.o(.text) referenced from startup_mimxrt1062.o(.text)
 <LI><a href="#[7c]">ENET_IRQHandler</a> from startup_mimxrt1062.o(.text) referenced from startup_mimxrt1062.o(.isr_vector)
 <LI><a href="#[68]">EWM_IRQHandler</a> from startup_mimxrt1062.o(.text) referenced from startup_mimxrt1062.o(.isr_vector)
 <LI><a href="#[d4]">FLEXIO1_DriverIRQHandler</a> from startup_mimxrt1062.o(.text) referenced from startup_mimxrt1062.o(.text)
 <LI><a href="#[64]">FLEXIO1_IRQHandler</a> from startup_mimxrt1062.o(.text) referenced from startup_mimxrt1062.o(.isr_vector)
 <LI><a href="#[d5]">FLEXIO2_DriverIRQHandler</a> from startup_mimxrt1062.o(.text) referenced from startup_mimxrt1062.o(.text)
 <LI><a href="#[65]">FLEXIO2_IRQHandler</a> from startup_mimxrt1062.o(.text) referenced from startup_mimxrt1062.o(.isr_vector)
 <LI><a href="#[df]">FLEXIO3_DriverIRQHandler</a> from startup_mimxrt1062.o(.text) referenced from startup_mimxrt1062.o(.text)
 <LI><a href="#[a6]">FLEXIO3_IRQHandler</a> from startup_mimxrt1062.o(.text) referenced from startup_mimxrt1062.o(.isr_vector)
 <LI><a href="#[30]">FLEXRAM_IRQHandler</a> from startup_mimxrt1062.o(.text) referenced from startup_mimxrt1062.o(.isr_vector)
 <LI><a href="#[d6]">FLEXSPI2_DriverIRQHandler</a> from startup_mimxrt1062.o(.text) referenced from startup_mimxrt1062.o(.text)
 <LI><a href="#[75]">FLEXSPI2_IRQHandler</a> from startup_mimxrt1062.o(.text) referenced from startup_mimxrt1062.o(.isr_vector)
 <LI><a href="#[d7]">FLEXSPI_DriverIRQHandler</a> from startup_mimxrt1062.o(.text) referenced from startup_mimxrt1062.o(.text)
 <LI><a href="#[76]">FLEXSPI_IRQHandler</a> from startup_mimxrt1062.o(.text) referenced from startup_mimxrt1062.o(.isr_vector)
 <LI><a href="#[132]">FlushDisplay</a> from lv_port_disp_template.o(.text.FlushDisplay) referenced 2 times from lv_port_disp_template.o(.text.lvgl_disp_init)
 <LI><a href="#[6b]">GPC_IRQHandler</a> from startup_mimxrt1062.o(.text) referenced from startup_mimxrt1062.o(.isr_vector)
 <LI><a href="#[51]">GPIO10_Combined_0_31_IRQHandler</a> from startup_mimxrt1062.o(.text) referenced from startup_mimxrt1062.o(.isr_vector)
 <LI><a href="#[5a]">GPIO1_Combined_0_15_IRQHandler</a> from startup_mimxrt1062.o(.text) referenced from startup_mimxrt1062.o(.isr_vector)
 <LI><a href="#[5b]">GPIO1_Combined_16_31_IRQHandler</a> from startup_mimxrt1062.o(.text) referenced from startup_mimxrt1062.o(.isr_vector)
 <LI><a href="#[52]">GPIO1_INT0_IRQHandler</a> from startup_mimxrt1062.o(.text) referenced from startup_mimxrt1062.o(.isr_vector)
 <LI><a href="#[53]">GPIO1_INT1_IRQHandler</a> from startup_mimxrt1062.o(.text) referenced from startup_mimxrt1062.o(.isr_vector)
 <LI><a href="#[54]">GPIO1_INT2_IRQHandler</a> from startup_mimxrt1062.o(.text) referenced from startup_mimxrt1062.o(.isr_vector)
 <LI><a href="#[55]">GPIO1_INT3_IRQHandler</a> from startup_mimxrt1062.o(.text) referenced from startup_mimxrt1062.o(.isr_vector)
 <LI><a href="#[56]">GPIO1_INT4_IRQHandler</a> from startup_mimxrt1062.o(.text) referenced from startup_mimxrt1062.o(.isr_vector)
 <LI><a href="#[57]">GPIO1_INT5_IRQHandler</a> from startup_mimxrt1062.o(.text) referenced from startup_mimxrt1062.o(.isr_vector)
 <LI><a href="#[58]">GPIO1_INT6_IRQHandler</a> from startup_mimxrt1062.o(.text) referenced from startup_mimxrt1062.o(.isr_vector)
 <LI><a href="#[59]">GPIO1_INT7_IRQHandler</a> from startup_mimxrt1062.o(.text) referenced from startup_mimxrt1062.o(.isr_vector)
 <LI><a href="#[5c]">GPIO2_Combined_0_15_IRQHandler</a> from startup_mimxrt1062.o(.text) referenced from startup_mimxrt1062.o(.isr_vector)
 <LI><a href="#[5d]">GPIO2_Combined_16_31_IRQHandler</a> from startup_mimxrt1062.o(.text) referenced from startup_mimxrt1062.o(.isr_vector)
 <LI><a href="#[5e]">GPIO3_Combined_0_15_IRQHandler</a> from startup_mimxrt1062.o(.text) referenced from startup_mimxrt1062.o(.isr_vector)
 <LI><a href="#[5f]">GPIO3_Combined_16_31_IRQHandler</a> from startup_mimxrt1062.o(.text) referenced from startup_mimxrt1062.o(.isr_vector)
 <LI><a href="#[60]">GPIO4_Combined_0_15_IRQHandler</a> from startup_mimxrt1062.o(.text) referenced from startup_mimxrt1062.o(.isr_vector)
 <LI><a href="#[61]">GPIO4_Combined_16_31_IRQHandler</a> from startup_mimxrt1062.o(.text) referenced from startup_mimxrt1062.o(.isr_vector)
 <LI><a href="#[62]">GPIO5_Combined_0_15_IRQHandler</a> from startup_mimxrt1062.o(.text) referenced from startup_mimxrt1062.o(.isr_vector)
 <LI><a href="#[63]">GPIO5_Combined_16_31_IRQHandler</a> from startup_mimxrt1062.o(.text) referenced from startup_mimxrt1062.o(.isr_vector)
 <LI><a href="#[a7]">GPIO6_7_8_9_IRQHandler</a> from startup_mimxrt1062.o(.text) referenced from startup_mimxrt1062.o(.isr_vector)
 <LI><a href="#[33]">GPR_IRQ_IRQHandler</a> from startup_mimxrt1062.o(.text) referenced from startup_mimxrt1062.o(.isr_vector)
 <LI><a href="#[6e]">GPT1_IRQHandler</a> from startup_mimxrt1062.o(.text) referenced from startup_mimxrt1062.o(.isr_vector)
 <LI><a href="#[6f]">GPT2_IRQHandler</a> from startup_mimxrt1062.o(.text) referenced from startup_mimxrt1062.o(.isr_vector)
 <LI><a href="#[e1]">HAL_UartReceiveBlocking</a> from fsl_adapter_lpuart.o(.text.HAL_UartReceiveBlocking) referenced 2 times from fsl_debug_console.o(.text.DbgConsole_Init)
 <LI><a href="#[e0]">HAL_UartSendBlocking</a> from fsl_adapter_lpuart.o(.text.HAL_UartSendBlocking) referenced 2 times from fsl_debug_console.o(.text.DbgConsole_Init)
 <LI><a href="#[2]">HardFault_Handler</a> from startup_mimxrt1062.o(.text) referenced from startup_mimxrt1062.o(.isr_vector)
 <LI><a href="#[2]">HardFault_Handler</a> from startup_mimxrt1062.o(.text) referenced from startup_mimxrt1062.o(.text)
 <LI><a href="#[31]">KPP_IRQHandler</a> from startup_mimxrt1062.o(.text) referenced from startup_mimxrt1062.o(.isr_vector)
 <LI><a href="#[34]">LCDIF_IRQHandler</a> from lv_port_disp_template.o(.text.LCDIF_IRQHandler) referenced from startup_mimxrt1062.o(.isr_vector)
 <LI><a href="#[c5]">LPI2C1_DriverIRQHandler</a> from startup_mimxrt1062.o(.text) referenced from startup_mimxrt1062.o(.text)
 <LI><a href="#[26]">LPI2C1_IRQHandler</a> from startup_mimxrt1062.o(.text) referenced from startup_mimxrt1062.o(.isr_vector)
 <LI><a href="#[c6]">LPI2C2_DriverIRQHandler</a> from startup_mimxrt1062.o(.text) referenced from startup_mimxrt1062.o(.text)
 <LI><a href="#[27]">LPI2C2_IRQHandler</a> from startup_mimxrt1062.o(.text) referenced from startup_mimxrt1062.o(.isr_vector)
 <LI><a href="#[c7]">LPI2C3_DriverIRQHandler</a> from startup_mimxrt1062.o(.text) referenced from startup_mimxrt1062.o(.text)
 <LI><a href="#[28]">LPI2C3_IRQHandler</a> from startup_mimxrt1062.o(.text) referenced from startup_mimxrt1062.o(.isr_vector)
 <LI><a href="#[c8]">LPI2C4_DriverIRQHandler</a> from startup_mimxrt1062.o(.text) referenced from startup_mimxrt1062.o(.text)
 <LI><a href="#[29]">LPI2C4_IRQHandler</a> from startup_mimxrt1062.o(.text) referenced from startup_mimxrt1062.o(.isr_vector)
 <LI><a href="#[c9]">LPSPI1_DriverIRQHandler</a> from startup_mimxrt1062.o(.text) referenced from startup_mimxrt1062.o(.text)
 <LI><a href="#[2a]">LPSPI1_IRQHandler</a> from startup_mimxrt1062.o(.text) referenced from startup_mimxrt1062.o(.isr_vector)
 <LI><a href="#[ca]">LPSPI2_DriverIRQHandler</a> from startup_mimxrt1062.o(.text) referenced from startup_mimxrt1062.o(.text)
 <LI><a href="#[2b]">LPSPI2_IRQHandler</a> from startup_mimxrt1062.o(.text) referenced from startup_mimxrt1062.o(.isr_vector)
 <LI><a href="#[cb]">LPSPI3_DriverIRQHandler</a> from startup_mimxrt1062.o(.text) referenced from startup_mimxrt1062.o(.text)
 <LI><a href="#[2c]">LPSPI3_IRQHandler</a> from startup_mimxrt1062.o(.text) referenced from startup_mimxrt1062.o(.isr_vector)
 <LI><a href="#[cc]">LPSPI4_DriverIRQHandler</a> from startup_mimxrt1062.o(.text) referenced from startup_mimxrt1062.o(.text)
 <LI><a href="#[2d]">LPSPI4_IRQHandler</a> from startup_mimxrt1062.o(.text) referenced from startup_mimxrt1062.o(.isr_vector)
 <LI><a href="#[bd]">LPUART1_DriverIRQHandler</a> from fsl_lpuart.o(.text.LPUART1_DriverIRQHandler) referenced from startup_mimxrt1062.o(.text)
 <LI><a href="#[1e]">LPUART1_IRQHandler</a> from startup_mimxrt1062.o(.text) referenced from startup_mimxrt1062.o(.isr_vector)
 <LI><a href="#[be]">LPUART2_DriverIRQHandler</a> from fsl_lpuart.o(.text.LPUART2_DriverIRQHandler) referenced from startup_mimxrt1062.o(.text)
 <LI><a href="#[1f]">LPUART2_IRQHandler</a> from startup_mimxrt1062.o(.text) referenced from startup_mimxrt1062.o(.isr_vector)
 <LI><a href="#[bf]">LPUART3_DriverIRQHandler</a> from fsl_lpuart.o(.text.LPUART3_DriverIRQHandler) referenced from startup_mimxrt1062.o(.text)
 <LI><a href="#[20]">LPUART3_IRQHandler</a> from startup_mimxrt1062.o(.text) referenced from startup_mimxrt1062.o(.isr_vector)
 <LI><a href="#[c0]">LPUART4_DriverIRQHandler</a> from fsl_lpuart.o(.text.LPUART4_DriverIRQHandler) referenced from startup_mimxrt1062.o(.text)
 <LI><a href="#[21]">LPUART4_IRQHandler</a> from startup_mimxrt1062.o(.text) referenced from startup_mimxrt1062.o(.isr_vector)
 <LI><a href="#[c1]">LPUART5_DriverIRQHandler</a> from fsl_lpuart.o(.text.LPUART5_DriverIRQHandler) referenced from startup_mimxrt1062.o(.text)
 <LI><a href="#[22]">LPUART5_IRQHandler</a> from startup_mimxrt1062.o(.text) referenced from startup_mimxrt1062.o(.isr_vector)
 <LI><a href="#[c2]">LPUART6_DriverIRQHandler</a> from fsl_lpuart.o(.text.LPUART6_DriverIRQHandler) referenced from startup_mimxrt1062.o(.text)
 <LI><a href="#[23]">LPUART6_IRQHandler</a> from startup_mimxrt1062.o(.text) referenced from startup_mimxrt1062.o(.isr_vector)
 <LI><a href="#[c3]">LPUART7_DriverIRQHandler</a> from fsl_lpuart.o(.text.LPUART7_DriverIRQHandler) referenced from startup_mimxrt1062.o(.text)
 <LI><a href="#[24]">LPUART7_IRQHandler</a> from startup_mimxrt1062.o(.text) referenced from startup_mimxrt1062.o(.isr_vector)
 <LI><a href="#[c4]">LPUART8_DriverIRQHandler</a> from fsl_lpuart.o(.text.LPUART8_DriverIRQHandler) referenced from startup_mimxrt1062.o(.text)
 <LI><a href="#[25]">LPUART8_IRQHandler</a> from startup_mimxrt1062.o(.text) referenced from startup_mimxrt1062.o(.isr_vector)
 <LI><a href="#[3]">MemManage_Handler</a> from startup_mimxrt1062.o(.text) referenced from startup_mimxrt1062.o(.isr_vector)
 <LI><a href="#[1]">NMI_Handler</a> from startup_mimxrt1062.o(.text) referenced from startup_mimxrt1062.o(.isr_vector)
 <LI><a href="#[1]">NMI_Handler</a> from startup_mimxrt1062.o(.text) referenced from startup_mimxrt1062.o(.text)
 <LI><a href="#[84]">PIT_IRQHandler</a> from startup_mimxrt1062.o(.text) referenced from startup_mimxrt1062.o(.isr_vector)
 <LI><a href="#[47]">PMU_EVENT_IRQHandler</a> from startup_mimxrt1062.o(.text) referenced from startup_mimxrt1062.o(.isr_vector)
 <LI><a href="#[70]">PWM1_0_IRQHandler</a> from startup_mimxrt1062.o(.text) referenced from startup_mimxrt1062.o(.isr_vector)
 <LI><a href="#[71]">PWM1_1_IRQHandler</a> from startup_mimxrt1062.o(.text) referenced from startup_mimxrt1062.o(.isr_vector)
 <LI><a href="#[72]">PWM1_2_IRQHandler</a> from startup_mimxrt1062.o(.text) referenced from startup_mimxrt1062.o(.isr_vector)
 <LI><a href="#[73]">PWM1_3_IRQHandler</a> from startup_mimxrt1062.o(.text) referenced from startup_mimxrt1062.o(.isr_vector)
 <LI><a href="#[74]">PWM1_FAULT_IRQHandler</a> from startup_mimxrt1062.o(.text) referenced from startup_mimxrt1062.o(.isr_vector)
 <LI><a href="#[93]">PWM2_0_IRQHandler</a> from startup_mimxrt1062.o(.text) referenced from startup_mimxrt1062.o(.isr_vector)
 <LI><a href="#[94]">PWM2_1_IRQHandler</a> from startup_mimxrt1062.o(.text) referenced from startup_mimxrt1062.o(.isr_vector)
 <LI><a href="#[95]">PWM2_2_IRQHandler</a> from startup_mimxrt1062.o(.text) referenced from startup_mimxrt1062.o(.isr_vector)
 <LI><a href="#[96]">PWM2_3_IRQHandler</a> from startup_mimxrt1062.o(.text) referenced from startup_mimxrt1062.o(.isr_vector)
 <LI><a href="#[97]">PWM2_FAULT_IRQHandler</a> from startup_mimxrt1062.o(.text) referenced from startup_mimxrt1062.o(.isr_vector)
 <LI><a href="#[98]">PWM3_0_IRQHandler</a> from startup_mimxrt1062.o(.text) referenced from startup_mimxrt1062.o(.isr_vector)
 <LI><a href="#[99]">PWM3_1_IRQHandler</a> from startup_mimxrt1062.o(.text) referenced from startup_mimxrt1062.o(.isr_vector)
 <LI><a href="#[9a]">PWM3_2_IRQHandler</a> from startup_mimxrt1062.o(.text) referenced from startup_mimxrt1062.o(.isr_vector)
 <LI><a href="#[9b]">PWM3_3_IRQHandler</a> from startup_mimxrt1062.o(.text) referenced from startup_mimxrt1062.o(.isr_vector)
 <LI><a href="#[9c]">PWM3_FAULT_IRQHandler</a> from startup_mimxrt1062.o(.text) referenced from startup_mimxrt1062.o(.isr_vector)
 <LI><a href="#[9d]">PWM4_0_IRQHandler</a> from startup_mimxrt1062.o(.text) referenced from startup_mimxrt1062.o(.isr_vector)
 <LI><a href="#[9e]">PWM4_1_IRQHandler</a> from startup_mimxrt1062.o(.text) referenced from startup_mimxrt1062.o(.isr_vector)
 <LI><a href="#[9f]">PWM4_2_IRQHandler</a> from startup_mimxrt1062.o(.text) referenced from startup_mimxrt1062.o(.isr_vector)
 <LI><a href="#[a0]">PWM4_3_IRQHandler</a> from startup_mimxrt1062.o(.text) referenced from startup_mimxrt1062.o(.isr_vector)
 <LI><a href="#[a1]">PWM4_FAULT_IRQHandler</a> from startup_mimxrt1062.o(.text) referenced from startup_mimxrt1062.o(.isr_vector)
 <LI><a href="#[36]">PXP_IRQHandler</a> from startup_mimxrt1062.o(.text) referenced from startup_mimxrt1062.o(.isr_vector)
 <LI><a href="#[8]">PendSV_Handler</a> from startup_mimxrt1062.o(.text) referenced from startup_mimxrt1062.o(.isr_vector)
 <LI><a href="#[8]">PendSV_Handler</a> from startup_mimxrt1062.o(.text) referenced from startup_mimxrt1062.o(.text)
 <LI><a href="#[67]">RTWDOG_IRQHandler</a> from startup_mimxrt1062.o(.text) referenced from startup_mimxrt1062.o(.isr_vector)
 <LI><a href="#[6d]">Reserved115_IRQHandler</a> from startup_mimxrt1062.o(.text) referenced from startup_mimxrt1062.o(.isr_vector)
 <LI><a href="#[89]">Reserved143_IRQHandler</a> from startup_mimxrt1062.o(.text) referenced from startup_mimxrt1062.o(.isr_vector)
 <LI><a href="#[8a]">Reserved144_IRQHandler</a> from startup_mimxrt1062.o(.text) referenced from startup_mimxrt1062.o(.isr_vector)
 <LI><a href="#[a5]">Reserved171_IRQHandler</a> from startup_mimxrt1062.o(.text) referenced from startup_mimxrt1062.o(.isr_vector)
 <LI><a href="#[3e]">Reserved68_IRQHandler</a> from startup_mimxrt1062.o(.text) referenced from startup_mimxrt1062.o(.isr_vector)
 <LI><a href="#[48]">Reserved78_IRQHandler</a> from startup_mimxrt1062.o(.text) referenced from startup_mimxrt1062.o(.isr_vector)
 <LI><a href="#[50]">Reserved86_IRQHandler</a> from startup_mimxrt1062.o(.text) referenced from startup_mimxrt1062.o(.isr_vector)
 <LI><a href="#[0]">Reset_Handler</a> from startup_mimxrt1062.o(.text) referenced from startup_mimxrt1062.o(.isr_vector)
 <LI><a href="#[cf]">SAI1_DriverIRQHandler</a> from startup_mimxrt1062.o(.text) referenced from startup_mimxrt1062.o(.text)
 <LI><a href="#[42]">SAI1_IRQHandler</a> from startup_mimxrt1062.o(.text) referenced from startup_mimxrt1062.o(.isr_vector)
 <LI><a href="#[d0]">SAI2_DriverIRQHandler</a> from startup_mimxrt1062.o(.text) referenced from startup_mimxrt1062.o(.text)
 <LI><a href="#[43]">SAI2_IRQHandler</a> from startup_mimxrt1062.o(.text) referenced from startup_mimxrt1062.o(.isr_vector)
 <LI><a href="#[d1]">SAI3_RX_DriverIRQHandler</a> from startup_mimxrt1062.o(.text) referenced from startup_mimxrt1062.o(.text)
 <LI><a href="#[44]">SAI3_RX_IRQHandler</a> from startup_mimxrt1062.o(.text) referenced from startup_mimxrt1062.o(.isr_vector)
 <LI><a href="#[d2]">SAI3_TX_DriverIRQHandler</a> from startup_mimxrt1062.o(.text) referenced from startup_mimxrt1062.o(.text)
 <LI><a href="#[45]">SAI3_TX_IRQHandler</a> from startup_mimxrt1062.o(.text) referenced from startup_mimxrt1062.o(.isr_vector)
 <LI><a href="#[77]">SEMC_IRQHandler</a> from startup_mimxrt1062.o(.text) referenced from startup_mimxrt1062.o(.isr_vector)
 <LI><a href="#[40]">SJC_IRQHandler</a> from startup_mimxrt1062.o(.text) referenced from startup_mimxrt1062.o(.isr_vector)
 <LI><a href="#[38]">SNVS_HP_WRAPPER_IRQHandler</a> from startup_mimxrt1062.o(.text) referenced from startup_mimxrt1062.o(.isr_vector)
 <LI><a href="#[39]">SNVS_HP_WRAPPER_TZ_IRQHandler</a> from startup_mimxrt1062.o(.text) referenced from startup_mimxrt1062.o(.isr_vector)
 <LI><a href="#[3a]">SNVS_LP_WRAPPER_IRQHandler</a> from startup_mimxrt1062.o(.text) referenced from startup_mimxrt1062.o(.isr_vector)
 <LI><a href="#[d3]">SPDIF_DriverIRQHandler</a> from startup_mimxrt1062.o(.text) referenced from startup_mimxrt1062.o(.text)
 <LI><a href="#[46]">SPDIF_IRQHandler</a> from startup_mimxrt1062.o(.text) referenced from startup_mimxrt1062.o(.isr_vector)
 <LI><a href="#[6c]">SRC_IRQHandler</a> from startup_mimxrt1062.o(.text) referenced from startup_mimxrt1062.o(.isr_vector)
 <LI><a href="#[6]">SVC_Handler</a> from startup_mimxrt1062.o(.text) referenced from startup_mimxrt1062.o(.isr_vector)
 <LI><a href="#[6]">SVC_Handler</a> from startup_mimxrt1062.o(.text) referenced from startup_mimxrt1062.o(.text)
 <LI><a href="#[9]">SysTick_Handler</a> from tick.o(.text.SysTick_Handler) referenced from startup_mimxrt1062.o(.isr_vector)
 <LI><a href="#[9]">SysTick_Handler</a> from tick.o(.text.SysTick_Handler) referenced from startup_mimxrt1062.o(.text)
 <LI><a href="#[aa]">SystemInit</a> from system_mimxrt1062.o(.text.SystemInit) referenced from startup_mimxrt1062.o(.text)
 <LI><a href="#[49]">TEMP_LOW_HIGH_IRQHandler</a> from startup_mimxrt1062.o(.text) referenced from startup_mimxrt1062.o(.isr_vector)
 <LI><a href="#[4a]">TEMP_PANIC_IRQHandler</a> from startup_mimxrt1062.o(.text) referenced from startup_mimxrt1062.o(.isr_vector)
 <LI><a href="#[8f]">TMR1_IRQHandler</a> from startup_mimxrt1062.o(.text) referenced from startup_mimxrt1062.o(.isr_vector)
 <LI><a href="#[90]">TMR2_IRQHandler</a> from startup_mimxrt1062.o(.text) referenced from startup_mimxrt1062.o(.isr_vector)
 <LI><a href="#[91]">TMR3_IRQHandler</a> from startup_mimxrt1062.o(.text) referenced from startup_mimxrt1062.o(.isr_vector)
 <LI><a href="#[92]">TMR4_IRQHandler</a> from startup_mimxrt1062.o(.text) referenced from startup_mimxrt1062.o(.isr_vector)
 <LI><a href="#[3f]">TRNG_IRQHandler</a> from startup_mimxrt1062.o(.text) referenced from startup_mimxrt1062.o(.isr_vector)
 <LI><a href="#[32]">TSC_DIG_IRQHandler</a> from startup_mimxrt1062.o(.text) referenced from startup_mimxrt1062.o(.isr_vector)
 <LI><a href="#[7b]">USB_OTG1_IRQHandler</a> from startup_mimxrt1062.o(.text) referenced from startup_mimxrt1062.o(.isr_vector)
 <LI><a href="#[7a]">USB_OTG2_IRQHandler</a> from startup_mimxrt1062.o(.text) referenced from startup_mimxrt1062.o(.isr_vector)
 <LI><a href="#[4b]">USB_PHY1_IRQHandler</a> from startup_mimxrt1062.o(.text) referenced from startup_mimxrt1062.o(.isr_vector)
 <LI><a href="#[4c]">USB_PHY2_IRQHandler</a> from startup_mimxrt1062.o(.text) referenced from startup_mimxrt1062.o(.isr_vector)
 <LI><a href="#[d8]">USDHC1_DriverIRQHandler</a> from startup_mimxrt1062.o(.text) referenced from startup_mimxrt1062.o(.text)
 <LI><a href="#[78]">USDHC1_IRQHandler</a> from startup_mimxrt1062.o(.text) referenced from startup_mimxrt1062.o(.isr_vector)
 <LI><a href="#[d9]">USDHC2_DriverIRQHandler</a> from startup_mimxrt1062.o(.text) referenced from startup_mimxrt1062.o(.text)
 <LI><a href="#[79]">USDHC2_IRQHandler</a> from startup_mimxrt1062.o(.text) referenced from startup_mimxrt1062.o(.isr_vector)
 <LI><a href="#[5]">UsageFault_Handler</a> from startup_mimxrt1062.o(.text) referenced from startup_mimxrt1062.o(.isr_vector)
 <LI><a href="#[66]">WDOG1_IRQHandler</a> from startup_mimxrt1062.o(.text) referenced from startup_mimxrt1062.o(.isr_vector)
 <LI><a href="#[37]">WDOG2_IRQHandler</a> from startup_mimxrt1062.o(.text) referenced from startup_mimxrt1062.o(.isr_vector)
 <LI><a href="#[7e]">XBAR1_IRQ_0_1_IRQHandler</a> from startup_mimxrt1062.o(.text) referenced from startup_mimxrt1062.o(.isr_vector)
 <LI><a href="#[7f]">XBAR1_IRQ_2_3_IRQHandler</a> from startup_mimxrt1062.o(.text) referenced from startup_mimxrt1062.o(.isr_vector)
 <LI><a href="#[ab]">__main</a> from entry.o(.ARM.Collect$$$$00000000) referenced from startup_mimxrt1062.o(.text)
 <LI><a href="#[fe]">_lv_disp_refr_timer</a> from lv_refr.o(.text._lv_disp_refr_timer) referenced 2 times from lv_hal_disp.o(.text.lv_disp_drv_register)
 <LI><a href="#[119]">_lv_ll_get_head</a> from lv_ll.o(.text._lv_ll_get_head) referenced 4 times from lv_group.o(.text.lv_group_add_obj)
 <LI><a href="#[119]">_lv_ll_get_head</a> from lv_ll.o(.text._lv_ll_get_head) referenced 2 times from lv_group.o(.text.lv_group_remove_obj)
 <LI><a href="#[11a]">_lv_ll_get_next</a> from lv_ll.o(.text._lv_ll_get_next) referenced 4 times from lv_group.o(.text.lv_group_add_obj)
 <LI><a href="#[11a]">_lv_ll_get_next</a> from lv_ll.o(.text._lv_ll_get_next) referenced 2 times from lv_group.o(.text.lv_group_remove_obj)
 <LI><a href="#[11c]">_lv_ll_get_prev</a> from lv_ll.o(.text._lv_ll_get_prev) referenced 4 times from lv_group.o(.text.lv_group_add_obj)
 <LI><a href="#[11c]">_lv_ll_get_prev</a> from lv_ll.o(.text._lv_ll_get_prev) referenced 2 times from lv_group.o(.text.lv_group_remove_obj)
 <LI><a href="#[11b]">_lv_ll_get_tail</a> from lv_ll.o(.text._lv_ll_get_tail) referenced 4 times from lv_group.o(.text.lv_group_add_obj)
 <LI><a href="#[11b]">_lv_ll_get_tail</a> from lv_ll.o(.text._lv_ll_get_tail) referenced 2 times from lv_group.o(.text.lv_group_remove_obj)
 <LI><a href="#[127]">_out_buffer</a> from lv_printf.o(.text._out_buffer) referenced 2 times from lv_printf.o(.text.lv_snprintf_builtin)
 <LI><a href="#[127]">_out_buffer</a> from lv_printf.o(.text._out_buffer) referenced 2 times from lv_printf.o(.text.lv_vsnprintf_builtin)
 <LI><a href="#[ea]">_out_null</a> from lv_printf.o(.text._out_null) referenced 2 times from lv_printf.o(.text._vsnprintf)
 <LI><a href="#[e2]">anim_timer</a> from lv_anim.o(.text.anim_timer) referenced 2 times from lv_anim.o(.text._lv_anim_core_init)
 <LI><a href="#[128]">arc_anim_end_angle</a> from lv_spinner.o(.text.arc_anim_end_angle) referenced 2 times from lv_spinner.o(.text.lv_spinner_constructor)
 <LI><a href="#[12a]">arc_anim_start_angle</a> from lv_spinner.o(.text.arc_anim_start_angle) referenced 2 times from lv_spinner.o(.text.lv_spinner_constructor)
 <LI><a href="#[12d]">btns_value_changed_event_cb</a> from lv_tabview.o(.text.btns_value_changed_event_cb) referenced 2 times from lv_tabview.o(.text.lv_tabview_constructor)
 <LI><a href="#[103]">color_blend_true_color_additive</a> from lv_draw_sw_blend.o(.text.color_blend_true_color_additive) referenced from lv_draw_sw_blend.o(.rodata..Lswitch.table.lv_draw_sw_blend_basic.1)
 <LI><a href="#[103]">color_blend_true_color_additive</a> from lv_draw_sw_blend.o(.text.color_blend_true_color_additive) referenced 2 times from lv_draw_sw_blend.o(.text.lv_draw_sw_blend_basic)
 <LI><a href="#[104]">color_blend_true_color_multiply</a> from lv_draw_sw_blend.o(.text.color_blend_true_color_multiply) referenced from lv_draw_sw_blend.o(.rodata..Lswitch.table.lv_draw_sw_blend_basic.1)
 <LI><a href="#[104]">color_blend_true_color_multiply</a> from lv_draw_sw_blend.o(.text.color_blend_true_color_multiply) referenced 2 times from lv_draw_sw_blend.o(.text.lv_draw_sw_blend_basic)
 <LI><a href="#[102]">color_blend_true_color_subtractive</a> from lv_draw_sw_blend.o(.text.color_blend_true_color_subtractive) referenced from lv_draw_sw_blend.o(.rodata..Lswitch.table.lv_draw_sw_blend_basic.1)
 <LI><a href="#[102]">color_blend_true_color_subtractive</a> from lv_draw_sw_blend.o(.text.color_blend_true_color_subtractive) referenced 2 times from lv_draw_sw_blend.o(.text.lv_draw_sw_blend_basic)
 <LI><a href="#[12e]">cont_scroll_end_event_cb</a> from lv_tabview.o(.text.cont_scroll_end_event_cb) referenced 2 times from lv_tabview.o(.text.lv_tabview_constructor)
 <LI><a href="#[f5]">cursor_blink_anim_cb</a> from lv_textarea.o(.text.cursor_blink_anim_cb) referenced 4 times from lv_textarea.o(.text.label_event_cb)
 <LI><a href="#[f5]">cursor_blink_anim_cb</a> from lv_textarea.o(.text.cursor_blink_anim_cb) referenced 4 times from lv_textarea.o(.text.lv_textarea_constructor)
 <LI><a href="#[f5]">cursor_blink_anim_cb</a> from lv_textarea.o(.text.cursor_blink_anim_cb) referenced 4 times from lv_textarea.o(.text.lv_textarea_event)
 <LI><a href="#[f5]">cursor_blink_anim_cb</a> from lv_textarea.o(.text.cursor_blink_anim_cb) referenced 4 times from lv_textarea.o(.text.lv_textarea_set_cursor_pos)
 <LI><a href="#[139]">dark_color_filter_cb</a> from lv_theme_default.o(.text.dark_color_filter_cb) referenced 2 times from lv_theme_default.o(.text.style_init)
 <LI><a href="#[fb]">draw_part_begin_event_cb</a> from lv_calendar.o(.text.draw_part_begin_event_cb) referenced 2 times from lv_calendar.o(.text.lv_calendar_constructor)
 <LI><a href="#[115]">flex_update</a> from lv_flex.o(.text.flex_update) referenced 2 times from lv_flex.o(.text.lv_flex_init)
 <LI><a href="#[13a]">grey_filter_cb</a> from lv_theme_default.o(.text.grey_filter_cb) referenced 2 times from lv_theme_default.o(.text.style_init)
 <LI><a href="#[118]">grid_update</a> from lv_grid.o(.text.grid_update) referenced 2 times from lv_grid.o(.text.lv_grid_init)
 <LI><a href="#[117]">kern_pair_16_compare</a> from lv_font_fmt_txt.o(.text.kern_pair_16_compare) referenced 2 times from lv_font_fmt_txt.o(.text.lv_font_get_glyph_dsc_fmt_txt)
 <LI><a href="#[116]">kern_pair_8_compare</a> from lv_font_fmt_txt.o(.text.kern_pair_8_compare) referenced 2 times from lv_font_fmt_txt.o(.text.lv_font_get_glyph_dsc_fmt_txt)
 <LI><a href="#[12f]">label_event_cb</a> from lv_textarea.o(.text.label_event_cb) referenced 2 times from lv_textarea.o(.text.lv_textarea_constructor)
 <LI><a href="#[129]">lv_anim_path_ease_in_out</a> from lv_anim.o(.text.lv_anim_path_ease_in_out) referenced 2 times from lv_spinner.o(.text.lv_spinner_constructor)
 <LI><a href="#[124]">lv_anim_path_ease_out</a> from lv_anim.o(.text.lv_anim_path_ease_out) referenced 2 times from lv_obj_scroll.o(.text.lv_obj_scroll_by)
 <LI><a href="#[124]">lv_anim_path_ease_out</a> from lv_anim.o(.text.lv_anim_path_ease_out) referenced 2 times from lv_roller.o(.text.refr_position)
 <LI><a href="#[f6]">lv_anim_path_linear</a> from lv_anim.o(.text.lv_anim_path_linear) referenced 2 times from lv_anim.o(.text.lv_anim_init)
 <LI><a href="#[f6]">lv_anim_path_linear</a> from lv_anim.o(.text.lv_anim_path_linear) referenced 2 times from lv_style.o(.text.lv_style_transition_dsc_init)
 <LI><a href="#[f6]">lv_anim_path_linear</a> from lv_anim.o(.text.lv_anim_path_linear) referenced 2 times from lv_theme_default.o(.text.style_init)
 <LI><a href="#[ec]">lv_anim_path_step</a> from lv_anim.o(.text.lv_anim_path_step) referenced 2 times from lv_textarea.o(.text.auto_hide_characters)
 <LI><a href="#[ec]">lv_anim_path_step</a> from lv_anim.o(.text.lv_anim_path_step) referenced 2 times from lv_textarea.o(.text.label_event_cb)
 <LI><a href="#[ec]">lv_anim_path_step</a> from lv_anim.o(.text.lv_anim_path_step) referenced 2 times from lv_textarea.o(.text.lv_textarea_add_char)
 <LI><a href="#[ec]">lv_anim_path_step</a> from lv_anim.o(.text.lv_anim_path_step) referenced 2 times from lv_textarea.o(.text.lv_textarea_constructor)
 <LI><a href="#[ec]">lv_anim_path_step</a> from lv_anim.o(.text.lv_anim_path_step) referenced 2 times from lv_textarea.o(.text.lv_textarea_event)
 <LI><a href="#[ec]">lv_anim_path_step</a> from lv_anim.o(.text.lv_anim_path_step) referenced 2 times from lv_textarea.o(.text.lv_textarea_set_cursor_pos)
 <LI><a href="#[ec]">lv_anim_path_step</a> from lv_anim.o(.text.lv_anim_path_step) referenced 2 times from lv_textarea.o(.text.lv_textarea_set_text)
 <LI><a href="#[13b]">lv_arc_constructor</a> from lv_arc.o(.text.lv_arc_constructor) referenced from lv_arc.o(.rodata.lv_arc_class)
 <LI><a href="#[13c]">lv_arc_event</a> from lv_arc.o(.text.lv_arc_event) referenced from lv_arc.o(.rodata.lv_arc_class)
 <LI><a href="#[f1]">lv_area_get_height</a> from lv_flex.o(.text.lv_area_get_height) referenced 2 times from lv_flex.o(.text.children_repos)
 <LI><a href="#[f8]">lv_area_get_height</a> from lv_bar.o(.text.lv_area_get_height) referenced 2 times from lv_bar.o(.text.lv_bar_event)
 <LI><a href="#[f0]">lv_area_get_width</a> from lv_flex.o(.text.lv_area_get_width) referenced 2 times from lv_flex.o(.text.children_repos)
 <LI><a href="#[f7]">lv_area_get_width</a> from lv_bar.o(.text.lv_area_get_width) referenced 2 times from lv_bar.o(.text.lv_bar_event)
 <LI><a href="#[ee]">lv_area_set_height</a> from lv_area.o(.text.lv_area_set_height) referenced 2 times from lv_flex.o(.text.children_repos)
 <LI><a href="#[ef]">lv_area_set_width</a> from lv_area.o(.text.lv_area_set_width) referenced 2 times from lv_flex.o(.text.children_repos)
 <LI><a href="#[f9]">lv_bar_anim</a> from lv_bar.o(.text.lv_bar_anim) referenced 2 times from lv_bar.o(.text.lv_bar_set_value_with_anim)
 <LI><a href="#[fa]">lv_bar_anim_ready</a> from lv_bar.o(.text.lv_bar_anim_ready) referenced 2 times from lv_bar.o(.text.lv_bar_set_value_with_anim)
 <LI><a href="#[13d]">lv_bar_constructor</a> from lv_bar.o(.text.lv_bar_constructor) referenced from lv_bar.o(.rodata.lv_bar_class)
 <LI><a href="#[13e]">lv_bar_destructor</a> from lv_bar.o(.text.lv_bar_destructor) referenced from lv_bar.o(.rodata.lv_bar_class)
 <LI><a href="#[13f]">lv_bar_event</a> from lv_bar.o(.text.lv_bar_event) referenced from lv_bar.o(.rodata.lv_bar_class)
 <LI><a href="#[140]">lv_btn_constructor</a> from lv_btn.o(.text.lv_btn_constructor) referenced from lv_btn.o(.rodata.lv_btn_class)
 <LI><a href="#[141]">lv_btnmatrix_constructor</a> from lv_btnmatrix.o(.text.lv_btnmatrix_constructor) referenced from lv_btnmatrix.o(.rodata.lv_btnmatrix_class)
 <LI><a href="#[142]">lv_btnmatrix_destructor</a> from lv_btnmatrix.o(.text.lv_btnmatrix_destructor) referenced from lv_btnmatrix.o(.rodata.lv_btnmatrix_class)
 <LI><a href="#[143]">lv_btnmatrix_event</a> from lv_btnmatrix.o(.text.lv_btnmatrix_event) referenced from lv_btnmatrix.o(.rodata.lv_btnmatrix_class)
 <LI><a href="#[144]">lv_calendar_constructor</a> from lv_calendar.o(.text.lv_calendar_constructor) referenced from lv_calendar.o(.rodata.lv_calendar_class)
 <LI><a href="#[147]">lv_chart_constructor</a> from lv_chart.o(.text.lv_chart_constructor) referenced from lv_chart.o(.rodata.lv_chart_class)
 <LI><a href="#[148]">lv_chart_destructor</a> from lv_chart.o(.text.lv_chart_destructor) referenced from lv_chart.o(.rodata.lv_chart_class)
 <LI><a href="#[149]">lv_chart_event</a> from lv_chart.o(.text.lv_chart_event) referenced from lv_chart.o(.rodata.lv_chart_class)
 <LI><a href="#[14a]">lv_checkbox_constructor</a> from lv_checkbox.o(.text.lv_checkbox_constructor) referenced from lv_checkbox.o(.rodata.lv_checkbox_class)
 <LI><a href="#[14b]">lv_checkbox_destructor</a> from lv_checkbox.o(.text.lv_checkbox_destructor) referenced from lv_checkbox.o(.rodata.lv_checkbox_class)
 <LI><a href="#[14c]">lv_checkbox_event</a> from lv_checkbox.o(.text.lv_checkbox_event) referenced from lv_checkbox.o(.rodata.lv_checkbox_class)
 <LI><a href="#[14d]">lv_colorwheel_constructor</a> from lv_colorwheel.o(.text.lv_colorwheel_constructor) referenced from lv_colorwheel.o(.rodata.lv_colorwheel_class)
 <LI><a href="#[14e]">lv_colorwheel_event</a> from lv_colorwheel.o(.text.lv_colorwheel_event) referenced from lv_colorwheel.o(.rodata.lv_colorwheel_class)
 <LI><a href="#[ff]">lv_draw_mask_angle</a> from lv_draw_mask.o(.text.lv_draw_mask_angle) referenced 2 times from lv_draw_mask.o(.text.lv_draw_mask_angle_init)
 <LI><a href="#[100]">lv_draw_mask_line</a> from lv_draw_mask.o(.text.lv_draw_mask_line) referenced 2 times from lv_draw_mask.o(.text.lv_draw_mask_line_points_init)
 <LI><a href="#[101]">lv_draw_mask_radius</a> from lv_draw_mask.o(.text.lv_draw_mask_radius) referenced 2 times from lv_draw_mask.o(.text.lv_draw_mask_radius_init)
 <LI><a href="#[106]">lv_draw_sw_arc</a> from lv_draw_sw_arc.o(.text.lv_draw_sw_arc) referenced 2 times from lv_draw_sw.o(.text.lv_draw_sw_init_ctx)
 <LI><a href="#[10c]">lv_draw_sw_bg</a> from lv_draw_sw_rect.o(.text.lv_draw_sw_bg) referenced 2 times from lv_draw_sw.o(.text.lv_draw_sw_init_ctx)
 <LI><a href="#[110]">lv_draw_sw_blend_basic</a> from lv_draw_sw_blend.o(.text.lv_draw_sw_blend_basic) referenced 2 times from lv_draw_sw.o(.text.lv_draw_sw_init_ctx)
 <LI><a href="#[10f]">lv_draw_sw_buffer_convert</a> from lv_draw_sw.o(.text.lv_draw_sw_buffer_convert) referenced 2 times from lv_draw_sw.o(.text.lv_draw_sw_init_ctx)
 <LI><a href="#[10e]">lv_draw_sw_buffer_copy</a> from lv_draw_sw.o(.text.lv_draw_sw_buffer_copy) referenced 2 times from lv_draw_sw.o(.text.lv_draw_sw_init_ctx)
 <LI><a href="#[fd]">lv_draw_sw_deinit_ctx</a> from lv_draw_sw.o(.text.lv_draw_sw_deinit_ctx) referenced 2 times from lv_hal_disp.o(.text.lv_disp_drv_init)
 <LI><a href="#[107]">lv_draw_sw_img_decoded</a> from lv_draw_sw_img.o(.text.lv_draw_sw_img_decoded) referenced 2 times from lv_draw_sw.o(.text.lv_draw_sw_init_ctx)
 <LI><a href="#[fc]">lv_draw_sw_init_ctx</a> from lv_draw_sw.o(.text.lv_draw_sw_init_ctx) referenced 2 times from lv_hal_disp.o(.text.lv_disp_drv_init)
 <LI><a href="#[112]">lv_draw_sw_layer_adjust</a> from lv_draw_sw_layer.o(.text.lv_draw_sw_layer_adjust) referenced 2 times from lv_draw_sw.o(.text.lv_draw_sw_init_ctx)
 <LI><a href="#[113]">lv_draw_sw_layer_blend</a> from lv_draw_sw_layer.o(.text.lv_draw_sw_layer_blend) referenced 2 times from lv_draw_sw.o(.text.lv_draw_sw_init_ctx)
 <LI><a href="#[111]">lv_draw_sw_layer_create</a> from lv_draw_sw_layer.o(.text.lv_draw_sw_layer_create) referenced 2 times from lv_draw_sw.o(.text.lv_draw_sw_init_ctx)
 <LI><a href="#[114]">lv_draw_sw_layer_destroy</a> from lv_draw_sw_layer.o(.text.lv_draw_sw_layer_destroy) referenced 2 times from lv_draw_sw.o(.text.lv_draw_sw_init_ctx)
 <LI><a href="#[108]">lv_draw_sw_letter</a> from lv_draw_sw_letter.o(.text.lv_draw_sw_letter) referenced 2 times from lv_draw_sw.o(.text.lv_draw_sw_init_ctx)
 <LI><a href="#[109]">lv_draw_sw_line</a> from lv_draw_sw_line.o(.text.lv_draw_sw_line) referenced 2 times from lv_draw_sw.o(.text.lv_draw_sw_init_ctx)
 <LI><a href="#[10a]">lv_draw_sw_polygon</a> from lv_draw_sw_polygon.o(.text.lv_draw_sw_polygon) referenced 2 times from lv_draw_sw.o(.text.lv_draw_sw_init_ctx)
 <LI><a href="#[105]">lv_draw_sw_rect</a> from lv_draw_sw_rect.o(.text.lv_draw_sw_rect) referenced 2 times from lv_draw_sw.o(.text.lv_draw_sw_init_ctx)
 <LI><a href="#[10b]">lv_draw_sw_transform</a> from lv_draw_sw_transform.o(.text.lv_draw_sw_transform) referenced 2 times from lv_draw_sw.o(.text.lv_draw_sw_init_ctx)
 <LI><a href="#[10d]">lv_draw_sw_wait_for_finish</a> from lv_draw_sw.o(.text.lv_draw_sw_wait_for_finish) referenced 2 times from lv_draw_sw.o(.text.lv_draw_sw_init_ctx)
 <LI><a href="#[14f]">lv_dropdown_constructor</a> from lv_dropdown.o(.text.lv_dropdown_constructor) referenced from lv_dropdown.o(.rodata.lv_dropdown_class)
 <LI><a href="#[150]">lv_dropdown_destructor</a> from lv_dropdown.o(.text.lv_dropdown_destructor) referenced from lv_dropdown.o(.rodata.lv_dropdown_class)
 <LI><a href="#[151]">lv_dropdown_event</a> from lv_dropdown.o(.text.lv_dropdown_event) referenced from lv_dropdown.o(.rodata.lv_dropdown_class)
 <LI><a href="#[154]">lv_dropdown_list_event</a> from lv_dropdown.o(.text.lv_dropdown_list_event) referenced from lv_dropdown.o(.rodata.lv_dropdownlist_class)
 <LI><a href="#[152]">lv_dropdownlist_constructor</a> from lv_dropdown.o(.text.lv_dropdownlist_constructor) referenced from lv_dropdown.o(.rodata.lv_dropdownlist_class)
 <LI><a href="#[153]">lv_dropdownlist_destructor</a> from lv_dropdown.o(.text.lv_dropdownlist_destructor) referenced from lv_dropdown.o(.rodata.lv_dropdownlist_class)
 <LI><a href="#[156]">lv_font_get_bitmap_fmt_txt</a> from lv_font_fmt_txt.o(.text.lv_font_get_bitmap_fmt_txt) referenced from lv_font_montserrat_14.o(.rodata.lv_font_montserrat_14)
 <LI><a href="#[155]">lv_font_get_glyph_dsc_fmt_txt</a> from lv_font_fmt_txt.o(.text.lv_font_get_glyph_dsc_fmt_txt) referenced from lv_font_montserrat_14.o(.rodata.lv_font_montserrat_14)
 <LI><a href="#[157]">lv_img_constructor</a> from lv_img.o(.text.lv_img_constructor) referenced from lv_img.o(.rodata.lv_img_class)
 <LI><a href="#[e6]">lv_img_decoder_built_in_close</a> from lv_img_decoder.o(.text.lv_img_decoder_built_in_close) referenced 2 times from lv_img_decoder.o(.text._lv_img_decoder_init)
 <LI><a href="#[e3]">lv_img_decoder_built_in_info</a> from lv_img_decoder.o(.text.lv_img_decoder_built_in_info) referenced 2 times from lv_img_decoder.o(.text._lv_img_decoder_init)
 <LI><a href="#[e4]">lv_img_decoder_built_in_open</a> from lv_img_decoder.o(.text.lv_img_decoder_built_in_open) referenced 2 times from lv_img_decoder.o(.text._lv_img_decoder_init)
 <LI><a href="#[e5]">lv_img_decoder_built_in_read_line</a> from lv_img_decoder.o(.text.lv_img_decoder_built_in_read_line) referenced 2 times from lv_img_decoder.o(.text._lv_img_decoder_init)
 <LI><a href="#[158]">lv_img_destructor</a> from lv_img.o(.text.lv_img_destructor) referenced from lv_img.o(.rodata.lv_img_class)
 <LI><a href="#[159]">lv_img_event</a> from lv_img.o(.text.lv_img_event) referenced from lv_img.o(.rodata.lv_img_class)
 <LI><a href="#[15a]">lv_keyboard_constructor</a> from lv_keyboard.o(.text.lv_keyboard_constructor) referenced from lv_keyboard.o(.rodata.lv_keyboard_class)
 <LI><a href="#[11d]">lv_keyboard_def_event_cb</a> from lv_keyboard.o(.text.lv_keyboard_def_event_cb) referenced 2 times from lv_keyboard.o(.text.lv_keyboard_constructor)
 <LI><a href="#[15b]">lv_label_constructor</a> from lv_label.o(.text.lv_label_constructor) referenced from lv_label.o(.rodata.lv_label_class)
 <LI><a href="#[15c]">lv_label_destructor</a> from lv_label.o(.text.lv_label_destructor) referenced from lv_label.o(.rodata.lv_label_class)
 <LI><a href="#[15d]">lv_label_event</a> from lv_label.o(.text.lv_label_event) referenced from lv_label.o(.rodata.lv_label_class)
 <LI><a href="#[15e]">lv_led_constructor</a> from lv_led.o(.text.lv_led_constructor) referenced from lv_led.o(.rodata.lv_led_class)
 <LI><a href="#[15f]">lv_led_event</a> from lv_led.o(.text.lv_led_event) referenced from lv_led.o(.rodata.lv_led_class)
 <LI><a href="#[160]">lv_line_constructor</a> from lv_line.o(.text.lv_line_constructor) referenced from lv_line.o(.rodata.lv_line_class)
 <LI><a href="#[161]">lv_line_event</a> from lv_line.o(.text.lv_line_event) referenced from lv_line.o(.rodata.lv_line_class)
 <LI><a href="#[120]">lv_menu_back_event_cb</a> from lv_menu.o(.text.lv_menu_back_event_cb) referenced 2 times from lv_menu.o(.text.lv_menu_constructor)
 <LI><a href="#[162]">lv_menu_constructor</a> from lv_menu.o(.text.lv_menu_constructor) referenced from lv_menu.o(.rodata.lv_menu_class)
 <LI><a href="#[164]">lv_menu_cont_constructor</a> from lv_menu.o(.text.lv_menu_cont_constructor) referenced from lv_menu.o(.rodata.lv_menu_cont_class)
 <LI><a href="#[163]">lv_menu_destructor</a> from lv_menu.o(.text.lv_menu_destructor) referenced from lv_menu.o(.rodata.lv_menu_class)
 <LI><a href="#[165]">lv_menu_page_constructor</a> from lv_menu.o(.text.lv_menu_page_constructor) referenced from lv_menu.o(.rodata.lv_menu_page_class)
 <LI><a href="#[166]">lv_menu_page_destructor</a> from lv_menu.o(.text.lv_menu_page_destructor) referenced from lv_menu.o(.rodata.lv_menu_page_class)
 <LI><a href="#[167]">lv_menu_section_constructor</a> from lv_menu.o(.text.lv_menu_section_constructor) referenced from lv_menu.o(.rodata.lv_menu_section_class)
 <LI><a href="#[121]">lv_menu_value_changed_event_cb</a> from lv_menu.o(.text.lv_menu_value_changed_event_cb) referenced 2 times from lv_menu.o(.text.lv_menu_constructor)
 <LI><a href="#[168]">lv_meter_constructor</a> from lv_meter.o(.text.lv_meter_constructor) referenced from lv_meter.o(.rodata.lv_meter_class)
 <LI><a href="#[169]">lv_meter_destructor</a> from lv_meter.o(.text.lv_meter_destructor) referenced from lv_meter.o(.rodata.lv_meter_class)
 <LI><a href="#[16a]">lv_meter_event</a> from lv_meter.o(.text.lv_meter_event) referenced from lv_meter.o(.rodata.lv_meter_class)
 <LI><a href="#[16b]">lv_obj_constructor</a> from lv_obj.o(.text.lv_obj_constructor) referenced from lv_obj.o(.rodata.lv_obj_class)
 <LI><a href="#[16c]">lv_obj_destructor</a> from lv_obj.o(.text.lv_obj_destructor) referenced from lv_obj.o(.rodata.lv_obj_class)
 <LI><a href="#[16d]">lv_obj_event</a> from lv_obj.o(.text.lv_obj_event) referenced from lv_obj.o(.rodata.lv_obj_class)
 <LI><a href="#[f2]">lv_obj_get_height</a> from lv_obj_pos.o(.text.lv_obj_get_height) referenced 2 times from lv_flex.o(.text.find_track_end)
 <LI><a href="#[f3]">lv_obj_get_width</a> from lv_obj_pos.o(.text.lv_obj_get_width) referenced 2 times from lv_flex.o(.text.find_track_end)
 <LI><a href="#[16e]">lv_roller_constructor</a> from lv_roller.o(.text.lv_roller_constructor) referenced from lv_roller.o(.rodata.lv_roller_class)
 <LI><a href="#[16f]">lv_roller_event</a> from lv_roller.o(.text.lv_roller_event) referenced from lv_roller.o(.rodata.lv_roller_class)
 <LI><a href="#[170]">lv_roller_label_event</a> from lv_roller.o(.text.lv_roller_label_event) referenced from lv_roller.o(.rodata.lv_roller_label_class)
 <LI><a href="#[171]">lv_slider_constructor</a> from lv_slider.o(.text.lv_slider_constructor) referenced from lv_slider.o(.rodata.lv_slider_class)
 <LI><a href="#[172]">lv_slider_event</a> from lv_slider.o(.text.lv_slider_event) referenced from lv_slider.o(.rodata.lv_slider_class)
 <LI><a href="#[173]">lv_spinbox_constructor</a> from lv_spinbox.o(.text.lv_spinbox_constructor) referenced from lv_spinbox.o(.rodata.lv_spinbox_class)
 <LI><a href="#[174]">lv_spinbox_event</a> from lv_spinbox.o(.text.lv_spinbox_event) referenced from lv_spinbox.o(.rodata.lv_spinbox_class)
 <LI><a href="#[175]">lv_spinner_constructor</a> from lv_spinner.o(.text.lv_spinner_constructor) referenced from lv_spinner.o(.rodata.lv_spinner_class)
 <LI><a href="#[12b]">lv_switch_anim_exec_cb</a> from lv_switch.o(.text.lv_switch_anim_exec_cb) referenced 2 times from lv_switch.o(.text.lv_switch_event)
 <LI><a href="#[12c]">lv_switch_anim_ready</a> from lv_switch.o(.text.lv_switch_anim_ready) referenced 2 times from lv_switch.o(.text.lv_switch_event)
 <LI><a href="#[176]">lv_switch_constructor</a> from lv_switch.o(.text.lv_switch_constructor) referenced from lv_switch.o(.rodata.lv_switch_class)
 <LI><a href="#[177]">lv_switch_destructor</a> from lv_switch.o(.text.lv_switch_destructor) referenced from lv_switch.o(.rodata.lv_switch_class)
 <LI><a href="#[178]">lv_switch_event</a> from lv_switch.o(.text.lv_switch_event) referenced from lv_switch.o(.rodata.lv_switch_class)
 <LI><a href="#[179]">lv_table_constructor</a> from lv_table.o(.text.lv_table_constructor) referenced from lv_table.o(.rodata.lv_table_class)
 <LI><a href="#[17a]">lv_table_destructor</a> from lv_table.o(.text.lv_table_destructor) referenced from lv_table.o(.rodata.lv_table_class)
 <LI><a href="#[17b]">lv_table_event</a> from lv_table.o(.text.lv_table_event) referenced from lv_table.o(.rodata.lv_table_class)
 <LI><a href="#[17c]">lv_tabview_constructor</a> from lv_tabview.o(.text.lv_tabview_constructor) referenced from lv_tabview.o(.rodata.lv_tabview_class)
 <LI><a href="#[17d]">lv_tabview_destructor</a> from lv_tabview.o(.text.lv_tabview_destructor) referenced from lv_tabview.o(.rodata.lv_tabview_class)
 <LI><a href="#[17e]">lv_tabview_event</a> from lv_tabview.o(.text.lv_tabview_event) referenced from lv_tabview.o(.rodata.lv_tabview_class)
 <LI><a href="#[17f]">lv_textarea_constructor</a> from lv_textarea.o(.text.lv_textarea_constructor) referenced from lv_textarea.o(.rodata.lv_textarea_class)
 <LI><a href="#[180]">lv_textarea_destructor</a> from lv_textarea.o(.text.lv_textarea_destructor) referenced from lv_textarea.o(.rodata.lv_textarea_class)
 <LI><a href="#[181]">lv_textarea_event</a> from lv_textarea.o(.text.lv_textarea_event) referenced from lv_textarea.o(.rodata.lv_textarea_class)
 <LI><a href="#[182]">lv_tileview_constructor</a> from lv_tileview.o(.text.lv_tileview_constructor) referenced from lv_tileview.o(.rodata.lv_tileview_class)
 <LI><a href="#[183]">lv_tileview_tile_constructor</a> from lv_tileview.o(.text.lv_tileview_tile_constructor) referenced from lv_tileview.o(.rodata.lv_tileview_tile_class)
 <LI><a href="#[18b]">lv_txt_unicode_to_utf8</a> from lv_txt.o(.text.lv_txt_unicode_to_utf8) referenced from lv_txt.o(.data._lv_txt_unicode_to_encoded)
 <LI><a href="#[185]">lv_txt_utf8_get_byte_id</a> from lv_txt.o(.text.lv_txt_utf8_get_byte_id) referenced from lv_txt.o(.data._lv_txt_encoded_get_byte_id)
 <LI><a href="#[186]">lv_txt_utf8_get_char_id</a> from lv_txt.o(.text.lv_txt_utf8_get_char_id) referenced from lv_txt.o(.data._lv_txt_encoded_get_char_id)
 <LI><a href="#[18a]">lv_txt_utf8_get_length</a> from lv_txt.o(.text.lv_txt_utf8_get_length) referenced from lv_txt.o(.data._lv_txt_get_encoded_length)
 <LI><a href="#[187]">lv_txt_utf8_next</a> from lv_txt.o(.text.lv_txt_utf8_next) referenced from lv_txt.o(.data._lv_txt_encoded_next)
 <LI><a href="#[188]">lv_txt_utf8_prev</a> from lv_txt.o(.text.lv_txt_utf8_prev) referenced from lv_txt.o(.data._lv_txt_encoded_prev)
 <LI><a href="#[189]">lv_txt_utf8_size</a> from lv_txt.o(.text.lv_txt_utf8_size) referenced from lv_txt.o(.data._lv_txt_encoded_size)
 <LI><a href="#[184]">lv_win_constructor</a> from lv_win.o(.text.lv_win_constructor) referenced from lv_win.o(.rodata.lv_win_class)
 <LI><a href="#[a9]">main</a> from elcdif_rgb.o(.text.main) referenced from entry9a.o(.ARM.Collect$$$$0000000B)
 <LI><a href="#[133]">month_event_cb</a> from lv_calendar_header_arrow.o(.text.month_event_cb) referenced 4 times from lv_calendar_header_arrow.o(.text.my_constructor)
 <LI><a href="#[145]">my_constructor</a> from lv_calendar_header_arrow.o(.text.my_constructor) referenced from lv_calendar_header_arrow.o(.rodata.lv_calendar_header_arrow_class)
 <LI><a href="#[146]">my_constructor</a> from lv_calendar_header_dropdown.o(.text.my_constructor) referenced from lv_calendar_header_dropdown.o(.rodata.lv_calendar_header_dropdown_class)
 <LI><a href="#[eb]">pwd_char_hider_anim</a> from lv_textarea.o(.text.pwd_char_hider_anim) referenced 2 times from lv_textarea.o(.text.auto_hide_characters)
 <LI><a href="#[eb]">pwd_char_hider_anim</a> from lv_textarea.o(.text.pwd_char_hider_anim) referenced 2 times from lv_textarea.o(.text.lv_textarea_add_char)
 <LI><a href="#[eb]">pwd_char_hider_anim</a> from lv_textarea.o(.text.pwd_char_hider_anim) referenced 2 times from lv_textarea.o(.text.lv_textarea_set_text)
 <LI><a href="#[ed]">pwd_char_hider_anim_ready</a> from lv_textarea.o(.text.pwd_char_hider_anim_ready) referenced 2 times from lv_textarea.o(.text.auto_hide_characters)
 <LI><a href="#[ed]">pwd_char_hider_anim_ready</a> from lv_textarea.o(.text.pwd_char_hider_anim_ready) referenced 2 times from lv_textarea.o(.text.lv_textarea_add_char)
 <LI><a href="#[ed]">pwd_char_hider_anim_ready</a> from lv_textarea.o(.text.pwd_char_hider_anim_ready) referenced 2 times from lv_textarea.o(.text.lv_textarea_set_text)
 <LI><a href="#[125]">scroll_anim_ready_cb</a> from lv_obj_scroll.o(.text.scroll_anim_ready_cb) referenced 2 times from lv_obj_scroll.o(.text.lv_obj_scroll_by)
 <LI><a href="#[138]">scroll_anim_ready_cb</a> from lv_roller.o(.text.scroll_anim_ready_cb) referenced 2 times from lv_roller.o(.text.refr_position)
 <LI><a href="#[122]">scroll_x_anim</a> from lv_obj_scroll.o(.text.scroll_x_anim) referenced 2 times from lv_obj_scroll.o(.text.lv_obj_get_scroll_end)
 <LI><a href="#[122]">scroll_x_anim</a> from lv_obj_scroll.o(.text.scroll_x_anim) referenced 4 times from lv_obj_scroll.o(.text.lv_obj_scroll_by)
 <LI><a href="#[122]">scroll_x_anim</a> from lv_obj_scroll.o(.text.scroll_x_anim) referenced 2 times from lv_obj_scroll.o(.text.lv_obj_scroll_to)
 <LI><a href="#[122]">scroll_x_anim</a> from lv_obj_scroll.o(.text.scroll_x_anim) referenced 2 times from lv_obj_scroll.o(.text.lv_obj_scroll_to_x)
 <LI><a href="#[122]">scroll_x_anim</a> from lv_obj_scroll.o(.text.scroll_x_anim) referenced 2 times from lv_obj_scroll.o(.text.scroll_area_into_view)
 <LI><a href="#[123]">scroll_y_anim</a> from lv_obj_scroll.o(.text.scroll_y_anim) referenced 2 times from lv_obj_scroll.o(.text.lv_obj_get_scroll_end)
 <LI><a href="#[123]">scroll_y_anim</a> from lv_obj_scroll.o(.text.scroll_y_anim) referenced 4 times from lv_obj_scroll.o(.text.lv_obj_scroll_by)
 <LI><a href="#[123]">scroll_y_anim</a> from lv_obj_scroll.o(.text.scroll_y_anim) referenced 2 times from lv_obj_scroll.o(.text.lv_obj_scroll_to)
 <LI><a href="#[123]">scroll_y_anim</a> from lv_obj_scroll.o(.text.scroll_y_anim) referenced 2 times from lv_obj_scroll.o(.text.lv_obj_scroll_to_y)
 <LI><a href="#[123]">scroll_y_anim</a> from lv_obj_scroll.o(.text.scroll_y_anim) referenced 2 times from lv_obj_scroll.o(.text.scroll_area_into_view)
 <LI><a href="#[11e]">set_ofs_x_anim</a> from lv_label.o(.text.set_ofs_x_anim) referenced 2 times from lv_label.o(.text.lv_label_constructor)
 <LI><a href="#[11e]">set_ofs_x_anim</a> from lv_label.o(.text.set_ofs_x_anim) referenced 8 times from lv_label.o(.text.lv_label_refr_text)
 <LI><a href="#[11e]">set_ofs_x_anim</a> from lv_label.o(.text.set_ofs_x_anim) referenced 2 times from lv_label.o(.text.lv_label_set_long_mode)
 <LI><a href="#[11f]">set_ofs_y_anim</a> from lv_label.o(.text.set_ofs_y_anim) referenced 2 times from lv_label.o(.text.lv_label_constructor)
 <LI><a href="#[11f]">set_ofs_y_anim</a> from lv_label.o(.text.set_ofs_y_anim) referenced 6 times from lv_label.o(.text.lv_label_refr_text)
 <LI><a href="#[11f]">set_ofs_y_anim</a> from lv_label.o(.text.set_ofs_y_anim) referenced 2 times from lv_label.o(.text.lv_label_set_long_mode)
 <LI><a href="#[126]">set_y_anim</a> from lv_roller.o(.text.set_y_anim) referenced 2 times from lv_roller.o(.text.lv_roller_event)
 <LI><a href="#[126]">set_y_anim</a> from lv_roller.o(.text.set_y_anim) referenced 4 times from lv_roller.o(.text.refr_position)
 <LI><a href="#[130]">theme_apply</a> from lv_theme_default.o(.text.theme_apply) referenced 2 times from lv_theme_default.o(.text.lv_theme_default_init)
 <LI><a href="#[131]">tileview_event_cb</a> from lv_tileview.o(.text.tileview_event_cb) referenced 2 times from lv_tileview.o(.text.lv_tileview_constructor)
 <LI><a href="#[e7]">trans_anim_cb</a> from lv_obj_style.o(.text.trans_anim_cb) referenced 2 times from lv_obj_style.o(.text._lv_obj_style_create_transition)
 <LI><a href="#[e9]">trans_anim_ready_cb</a> from lv_obj_style.o(.text.trans_anim_ready_cb) referenced 2 times from lv_obj_style.o(.text._lv_obj_style_create_transition)
 <LI><a href="#[e8]">trans_anim_start_cb</a> from lv_obj_style.o(.text.trans_anim_start_cb) referenced 2 times from lv_obj_style.o(.text._lv_obj_style_create_transition)
 <LI><a href="#[f4]">unicode_list_compare</a> from lv_font_fmt_txt.o(.text.unicode_list_compare) referenced 2 times from lv_font_fmt_txt.o(.text.get_glyph_dsc_id)
 <LI><a href="#[134]">value_changed_event_cb</a> from lv_calendar_header_arrow.o(.text.value_changed_event_cb) referenced 4 times from lv_calendar_header_arrow.o(.text.my_constructor)
 <LI><a href="#[135]">year_event_cb</a> from lv_calendar_header_dropdown.o(.text.year_event_cb) referenced 2 times from lv_calendar_header_dropdown.o(.text.my_constructor)
</UL>
<P>
<H3>
Global Symbols
</H3>
<P><STRONG><a name="[ab]"></a>__main</STRONG> (Thumb, 0 bytes, Stack size unknown bytes, entry.o(.ARM.Collect$$$$00000000))
<BR>[Address Reference Count : 1]<UL><LI> startup_mimxrt1062.o(.text)
</UL>
<P><STRONG><a name="[3ab]"></a>_main_stk</STRONG> (Thumb, 0 bytes, Stack size unknown bytes, entry4.o(.ARM.Collect$$$$00000003))

<P><STRONG><a name="[18c]"></a>_main_scatterload</STRONG> (Thumb, 0 bytes, Stack size unknown bytes, entry5.o(.ARM.Collect$$$$00000004))
<BR><BR>[Calls]<UL><LI><a href="#[18d]">&gt;&gt;</a>&nbsp;&nbsp;&nbsp;__scatterload
</UL>

<P><STRONG><a name="[191]"></a>__main_after_scatterload</STRONG> (Thumb, 0 bytes, Stack size unknown bytes, entry5.o(.ARM.Collect$$$$00000004))
<BR><BR>[Called By]<UL><LI><a href="#[18d]">&gt;&gt;</a>&nbsp;&nbsp;&nbsp;__scatterload
</UL>

<P><STRONG><a name="[3ac]"></a>_main_clock</STRONG> (Thumb, 0 bytes, Stack size unknown bytes, entry7b.o(.ARM.Collect$$$$00000008))

<P><STRONG><a name="[3ad]"></a>_main_cpp_init</STRONG> (Thumb, 0 bytes, Stack size unknown bytes, entry8b.o(.ARM.Collect$$$$0000000A))

<P><STRONG><a name="[3ae]"></a>_main_init</STRONG> (Thumb, 0 bytes, Stack size unknown bytes, entry9a.o(.ARM.Collect$$$$0000000B))

<P><STRONG><a name="[3af]"></a>__rt_final_cpp</STRONG> (Thumb, 0 bytes, Stack size unknown bytes, entry10a.o(.ARM.Collect$$$$0000000D))

<P><STRONG><a name="[3b0]"></a>__rt_final_exit</STRONG> (Thumb, 0 bytes, Stack size unknown bytes, entry11a.o(.ARM.Collect$$$$0000000F))

<P><STRONG><a name="[0]"></a>Reset_Handler</STRONG> (Thumb, 40 bytes, Stack size unknown bytes, startup_mimxrt1062.o(.text))
<BR>[Address Reference Count : 1]<UL><LI> startup_mimxrt1062.o(.isr_vector)
</UL>
<P><STRONG><a name="[85]"></a>ACMP1_IRQHandler</STRONG> (Thumb, 4 bytes, Stack size unknown bytes, startup_mimxrt1062.o(.text))
<BR><BR>[Calls]<UL><LI><a href="#[a8]">&gt;&gt;</a>&nbsp;&nbsp;&nbsp;DefaultISR
</UL>
<BR>[Address Reference Count : 1]<UL><LI> startup_mimxrt1062.o(.isr_vector)
</UL>
<P><STRONG><a name="[86]"></a>ACMP2_IRQHandler</STRONG> (Thumb, 4 bytes, Stack size unknown bytes, startup_mimxrt1062.o(.text))
<BR>[Address Reference Count : 1]<UL><LI> startup_mimxrt1062.o(.isr_vector)
</UL>
<P><STRONG><a name="[87]"></a>ACMP3_IRQHandler</STRONG> (Thumb, 4 bytes, Stack size unknown bytes, startup_mimxrt1062.o(.text))
<BR>[Address Reference Count : 1]<UL><LI> startup_mimxrt1062.o(.isr_vector)
</UL>
<P><STRONG><a name="[88]"></a>ACMP4_IRQHandler</STRONG> (Thumb, 4 bytes, Stack size unknown bytes, startup_mimxrt1062.o(.text))
<BR>[Address Reference Count : 1]<UL><LI> startup_mimxrt1062.o(.isr_vector)
</UL>
<P><STRONG><a name="[4d]"></a>ADC1_IRQHandler</STRONG> (Thumb, 4 bytes, Stack size unknown bytes, startup_mimxrt1062.o(.text))
<BR>[Address Reference Count : 1]<UL><LI> startup_mimxrt1062.o(.isr_vector)
</UL>
<P><STRONG><a name="[4e]"></a>ADC2_IRQHandler</STRONG> (Thumb, 4 bytes, Stack size unknown bytes, startup_mimxrt1062.o(.text))
<BR>[Address Reference Count : 1]<UL><LI> startup_mimxrt1062.o(.isr_vector)
</UL>
<P><STRONG><a name="[83]"></a>ADC_ETC_ERROR_IRQ_IRQHandler</STRONG> (Thumb, 4 bytes, Stack size unknown bytes, startup_mimxrt1062.o(.text))
<BR>[Address Reference Count : 1]<UL><LI> startup_mimxrt1062.o(.isr_vector)
</UL>
<P><STRONG><a name="[80]"></a>ADC_ETC_IRQ0_IRQHandler</STRONG> (Thumb, 4 bytes, Stack size unknown bytes, startup_mimxrt1062.o(.text))
<BR>[Address Reference Count : 1]<UL><LI> startup_mimxrt1062.o(.isr_vector)
</UL>
<P><STRONG><a name="[81]"></a>ADC_ETC_IRQ1_IRQHandler</STRONG> (Thumb, 4 bytes, Stack size unknown bytes, startup_mimxrt1062.o(.text))
<BR>[Address Reference Count : 1]<UL><LI> startup_mimxrt1062.o(.isr_vector)
</UL>
<P><STRONG><a name="[82]"></a>ADC_ETC_IRQ2_IRQHandler</STRONG> (Thumb, 4 bytes, Stack size unknown bytes, startup_mimxrt1062.o(.text))
<BR>[Address Reference Count : 1]<UL><LI> startup_mimxrt1062.o(.isr_vector)
</UL>
<P><STRONG><a name="[41]"></a>BEE_IRQHandler</STRONG> (Thumb, 4 bytes, Stack size unknown bytes, startup_mimxrt1062.o(.text))
<BR>[Address Reference Count : 1]<UL><LI> startup_mimxrt1062.o(.isr_vector)
</UL>
<P><STRONG><a name="[4]"></a>BusFault_Handler</STRONG> (Thumb, 4 bytes, Stack size unknown bytes, startup_mimxrt1062.o(.text))
<BR>[Address Reference Count : 1]<UL><LI> startup_mimxrt1062.o(.isr_vector)
</UL>
<P><STRONG><a name="[cd]"></a>CAN1_DriverIRQHandler</STRONG> (Thumb, 4 bytes, Stack size unknown bytes, startup_mimxrt1062.o(.text))
<BR>[Address Reference Count : 1]<UL><LI> startup_mimxrt1062.o(.text)
</UL>
<P><STRONG><a name="[ce]"></a>CAN2_DriverIRQHandler</STRONG> (Thumb, 4 bytes, Stack size unknown bytes, startup_mimxrt1062.o(.text))
<BR>[Address Reference Count : 1]<UL><LI> startup_mimxrt1062.o(.text)
</UL>
<P><STRONG><a name="[de]"></a>CAN3_DriverIRQHandler</STRONG> (Thumb, 4 bytes, Stack size unknown bytes, startup_mimxrt1062.o(.text))
<BR>[Address Reference Count : 1]<UL><LI> startup_mimxrt1062.o(.text)
</UL>
<P><STRONG><a name="[69]"></a>CCM_1_IRQHandler</STRONG> (Thumb, 4 bytes, Stack size unknown bytes, startup_mimxrt1062.o(.text))
<BR>[Address Reference Count : 1]<UL><LI> startup_mimxrt1062.o(.isr_vector)
</UL>
<P><STRONG><a name="[6a]"></a>CCM_2_IRQHandler</STRONG> (Thumb, 4 bytes, Stack size unknown bytes, startup_mimxrt1062.o(.text))
<BR>[Address Reference Count : 1]<UL><LI> startup_mimxrt1062.o(.isr_vector)
</UL>
<P><STRONG><a name="[1d]"></a>CORE_IRQHandler</STRONG> (Thumb, 4 bytes, Stack size unknown bytes, startup_mimxrt1062.o(.text))
<BR>[Address Reference Count : 1]<UL><LI> startup_mimxrt1062.o(.isr_vector)
</UL>
[...]
<LI><a href="#[28c]">&gt;&gt;</a>&nbsp;&nbsp;&nbsp;lv_obj_set_width
<LI><a href="#[307]">&gt;&gt;</a>&nbsp;&nbsp;&nbsp;lv_obj_set_size
<LI><a href="#[29e]">&gt;&gt;</a>&nbsp;&nbsp;&nbsp;lv_obj_create
<LI><a href="#[1d2]">&gt;&gt;</a>&nbsp;&nbsp;&nbsp;lv_malloc
<LI><a href="#[28e]">&gt;&gt;</a>&nbsp;&nbsp;&nbsp;lv_obj_set_flex_grow
<LI><a href="#[28d]">&gt;&gt;</a>&nbsp;&nbsp;&nbsp;lv_obj_set_flex_flow
<LI><a href="#[289]">&gt;&gt;</a>&nbsp;&nbsp;&nbsp;lv_btnmatrix_set_one_checked
<LI><a href="#[282]">&gt;&gt;</a>&nbsp;&nbsp;&nbsp;lv_btnmatrix_create
<LI><a href="#[281]">&gt;&gt;</a>&nbsp;&nbsp;&nbsp;lv_btnmatrix_set_map
</UL>
<BR>[Address Reference Count : 1]<UL><LI> lv_tabview.o(.rodata.lv_tabview_class)
</UL>
<P><STRONG><a name="[12d]"></a>btns_value_changed_event_cb</STRONG> (Thumb, 32 bytes, Stack size 16 bytes, lv_tabview.o(.text.btns_value_changed_event_cb))
<BR><BR>[Stack]<UL><LI>Max Depth = 624<LI>Call Chain = btns_value_changed_event_cb &rArr; lv_tabview_set_act &rArr; lv_obj_update_layout &rArr; layout_update_core &rArr;  layout_update_core (Cycle)
</UL>
<BR>[Calls]<UL><LI><a href="#[1fc]">&gt;&gt;</a>&nbsp;&nbsp;&nbsp;lv_obj_get_parent
<LI><a href="#[1fb]">&gt;&gt;</a>&nbsp;&nbsp;&nbsp;lv_event_get_target
<LI><a href="#[1fd]">&gt;&gt;</a>&nbsp;&nbsp;&nbsp;lv_btnmatrix_get_selected_btn
<LI><a href="#[1fe]">&gt;&gt;</a>&nbsp;&nbsp;&nbsp;lv_tabview_set_act
</UL>
<BR>[Address Reference Count : 1]<UL><LI> lv_tabview.o(.text.lv_tabview_constructor)
</UL>
<P><STRONG><a name="[12e]"></a>cont_scroll_end_event_cb</STRONG> (Thumb, 190 bytes, Stack size 24 bytes, lv_tabview.o(.text.cont_scroll_end_event_cb))
<BR><BR>[Stack]<UL><LI>Max Depth = 632<LI>Call Chain = cont_scroll_end_event_cb &rArr; lv_tabview_set_act &rArr; lv_obj_update_layout &rArr; layout_update_core &rArr;  layout_update_core (Cycle)
</UL>
<BR>[Calls]<UL><LI><a href="#[1fc]">&gt;&gt;</a>&nbsp;&nbsp;&nbsp;lv_obj_get_parent
<LI><a href="#[204]">&gt;&gt;</a>&nbsp;&nbsp;&nbsp;lv_event_get_code
<LI><a href="#[1fb]">&gt;&gt;</a>&nbsp;&nbsp;&nbsp;lv_event_get_target
<LI><a href="#[1f0]">&gt;&gt;</a>&nbsp;&nbsp;&nbsp;lv_indev_get_act
<LI><a href="#[1f7]">&gt;&gt;</a>&nbsp;&nbsp;&nbsp;lv_event_send
<LI><a href="#[205]">&gt;&gt;</a>&nbsp;&nbsp;&nbsp;lv_obj_get_scroll_end
<LI><a href="#[206]">&gt;&gt;</a>&nbsp;&nbsp;&nbsp;lv_obj_get_content_height
<LI><a href="#[200]">&gt;&gt;</a>&nbsp;&nbsp;&nbsp;lv_obj_get_content_width
<LI><a href="#[1d6]">&gt;&gt;</a>&nbsp;&nbsp;&nbsp;lv_obj_get_style_prop
<LI><a href="#[1fe]">&gt;&gt;</a>&nbsp;&nbsp;&nbsp;lv_tabview_set_act
</UL>
<BR>[Address Reference Count : 1]<UL><LI> lv_tabview.o(.text.lv_tabview_constructor)
</UL>
<P><STRONG><a name="[17d]"></a>lv_tabview_destructor</STRONG> (Thumb, 100 bytes, Stack size 16 bytes, lv_tabview.o(.text.lv_tabview_destructor))
<BR><BR>[Stack]<UL><LI>Max Depth = 76<LI>Call Chain = lv_tabview_destructor &rArr; lv_free &rArr; lv_free_builtin &rArr; lv_tlsf_free &rArr; block_merge_next
</UL>
<BR>[Calls]<UL><LI><a href="#[1c5]">&gt;&gt;</a>&nbsp;&nbsp;&nbsp;lv_free
</UL>
<BR>[Address Reference Count : 1]<UL><LI> lv_tabview.o(.rodata.lv_tabview_class)
</UL>
<P><STRONG><a name="[17e]"></a>lv_tabview_event</STRONG> (Thumb, 50 bytes, Stack size 16 bytes, lv_tabview.o(.text.lv_tabview_event))
<BR><BR>[Stack]<UL><LI>Max Depth = 624<LI>Call Chain = lv_tabview_event &rArr; lv_tabview_set_act &rArr; lv_obj_update_layout &rArr; layout_update_core &rArr;  layout_update_core (Cycle)
</UL>
<BR>[Calls]<UL><LI><a href="#[204]">&gt;&gt;</a>&nbsp;&nbsp;&nbsp;lv_event_get_code
<LI><a href="#[1fb]">&gt;&gt;</a>&nbsp;&nbsp;&nbsp;lv_event_get_target
<LI><a href="#[26b]">&gt;&gt;</a>&nbsp;&nbsp;&nbsp;lv_obj_event_base
<LI><a href="#[1fe]">&gt;&gt;</a>&nbsp;&nbsp;&nbsp;lv_tabview_set_act
</UL>
<BR>[Address Reference Count : 1]<UL><LI> lv_tabview.o(.rodata.lv_tabview_class)
</UL>
<P><STRONG><a name="[17f]"></a>lv_textarea_constructor</STRONG> (Thumb, 238 bytes, Stack size 104 bytes, lv_textarea.o(.text.lv_textarea_constructor))
<BR><BR>[Stack]<UL><LI>Max Depth = 784<LI>Call Chain = lv_textarea_constructor &rArr; lv_textarea_set_cursor_pos &rArr; lv_obj_update_layout &rArr; layout_update_core &rArr;  layout_update_core (Cycle)
</UL>
<BR>[Calls]<UL><LI><a href="#[1f6]">&gt;&gt;</a>&nbsp;&nbsp;&nbsp;lv_obj_add_flag
<LI><a href="#[28b]">&gt;&gt;</a>&nbsp;&nbsp;&nbsp;lv_obj_add_event_cb
<LI><a href="#[1db]">&gt;&gt;</a>&nbsp;&nbsp;&nbsp;lv_anim_start
<LI><a href="#[1da]">&gt;&gt;</a>&nbsp;&nbsp;&nbsp;lv_anim_init
<LI><a href="#[264]">&gt;&gt;</a>&nbsp;&nbsp;&nbsp;lv_anim_del
<LI><a href="#[262]">&gt;&gt;</a>&nbsp;&nbsp;&nbsp;lv_label_set_text
<LI><a href="#[2cd]">&gt;&gt;</a>&nbsp;&nbsp;&nbsp;lv_label_create
<LI><a href="#[28c]">&gt;&gt;</a>&nbsp;&nbsp;&nbsp;lv_obj_set_width
<LI><a href="#[1d6]">&gt;&gt;</a>&nbsp;&nbsp;&nbsp;lv_obj_get_style_prop
<LI><a href="#[2f0]">&gt;&gt;</a>&nbsp;&nbsp;&nbsp;lv_textarea_set_cursor_pos
</UL>
<BR>[Address Reference Count : 1]<UL><LI> lv_textarea.o(.rodata.lv_textarea_class)
</UL>
<P><STRONG><a name="[12f]"></a>label_event_cb</STRONG> (Thumb, 156 bytes, Stack size 96 bytes, lv_textarea.o(.text.label_event_cb))
<BR><BR>[Stack]<UL><LI>Max Depth = 544<LI>Call Chain = label_event_cb &rArr; lv_label_set_text &rArr; lv_label_refr_text &rArr; lv_obj_invalidate &rArr; lv_obj_area_is_visible &rArr; lv_obj_get_transformed_area &rArr; lv_obj_transform_point &rArr;  lv_obj_transform_point (Cycle)
</UL>
<BR>[Calls]<UL><LI><a href="#[1fc]">&gt;&gt;</a>&nbsp;&nbsp;&nbsp;lv_obj_get_parent
<LI><a href="#[204]">&gt;&gt;</a>&nbsp;&nbsp;&nbsp;lv_event_get_code
<LI><a href="#[1fb]">&gt;&gt;</a>&nbsp;&nbsp;&nbsp;lv_event_get_target
<LI><a href="#[1db]">&gt;&gt;</a>&nbsp;&nbsp;&nbsp;lv_anim_start
<LI><a href="#[1da]">&gt;&gt;</a>&nbsp;&nbsp;&nbsp;lv_anim_init
<LI><a href="#[264]">&gt;&gt;</a>&nbsp;&nbsp;&nbsp;lv_anim_del
<LI><a href="#[262]">&gt;&gt;</a>&nbsp;&nbsp;&nbsp;lv_label_set_text
<LI><a href="#[1d6]">&gt;&gt;</a>&nbsp;&nbsp;&nbsp;lv_obj_get_style_prop
<LI><a href="#[263]">&gt;&gt;</a>&nbsp;&nbsp;&nbsp;refr_cursor_area
</UL>
<BR>[Address Reference Count : 1]<UL><LI> lv_textarea.o(.text.lv_textarea_constructor)
</UL>
<P><STRONG><a name="[f5]"></a>cursor_blink_anim_cb</STRONG> (Thumb, 92 bytes, Stack size 16 bytes, lv_textarea.o(.text.cursor_blink_anim_cb))
<BR><BR>[Stack]<UL><LI>Max Depth = 288<LI>Call Chain = cursor_blink_anim_cb &rArr; lv_obj_invalidate_area &rArr; lv_obj_area_is_visible &rArr; lv_obj_get_transformed_area &rArr; lv_obj_transform_point &rArr;  lv_obj_transform_point (Cycle)
</UL>
<BR>[Calls]<UL><LI><a href="#[207]">&gt;&gt;</a>&nbsp;&nbsp;&nbsp;lv_obj_invalidate_area
</UL>
<BR>[Address Reference Count : 4]<UL><LI> lv_textarea.o(.text.lv_textarea_set_cursor_pos)
<LI> lv_textarea.o(.text.lv_textarea_constructor)
<LI> lv_textarea.o(.text.lv_textarea_event)
<LI> lv_textarea.o(.text.label_event_cb)
</UL>
<P><STRONG><a name="[180]"></a>lv_textarea_destructor</STRONG> (Thumb, 46 bytes, Stack size 8 bytes, lv_textarea.o(.text.lv_textarea_destructor))
<BR><BR>[Stack]<UL><LI>Max Depth = 68<LI>Call Chain = lv_textarea_destructor &rArr; lv_free &rArr; lv_free_builtin &rArr; lv_tlsf_free &rArr; block_merge_next
</UL>
<BR>[Calls]<UL><LI><a href="#[1c5]">&gt;&gt;</a>&nbsp;&nbsp;&nbsp;lv_free
</UL>
<BR>[Address Reference Count : 1]<UL><LI> lv_textarea.o(.rodata.lv_textarea_class)
</UL>
<P><STRONG><a name="[181]"></a>lv_textarea_event</STRONG> (Thumb, 1250 bytes, Stack size 160 bytes, lv_textarea.o(.text.lv_textarea_event))
<BR><BR>[Stack]<UL><LI>Max Depth = 1024<LI>Call Chain = lv_textarea_event &rArr; lv_textarea_del_char_forward &rArr; lv_textarea_del_char &rArr; lv_textarea_add_text &rArr;  lv_textarea_add_text (Cycle)
</UL>
<BR>[Calls]<UL><LI><a href="#[26d]">&gt;&gt;</a>&nbsp;&nbsp;&nbsp;lv_indev_get_point
<LI><a href="#[1f6]">&gt;&gt;</a>&nbsp;&nbsp;&nbsp;lv_obj_add_flag
<LI><a href="#[269]">&gt;&gt;</a>&nbsp;&nbsp;&nbsp;lv_obj_clear_flag
<LI><a href="#[1f8]">&gt;&gt;</a>&nbsp;&nbsp;&nbsp;lv_indev_get_type
<LI><a href="#[227]">&gt;&gt;</a>&nbsp;&nbsp;&nbsp;lv_event_get_draw_ctx
<LI><a href="#[230]">&gt;&gt;</a>&nbsp;&nbsp;&nbsp;lv_event_get_param
<LI><a href="#[204]">&gt;&gt;</a>&nbsp;&nbsp;&nbsp;lv_event_get_code
<LI><a href="#[1fb]">&gt;&gt;</a>&nbsp;&nbsp;&nbsp;lv_event_get_target
<LI><a href="#[26b]">&gt;&gt;</a>&nbsp;&nbsp;&nbsp;lv_obj_event_base
<LI><a href="#[1f0]">&gt;&gt;</a>&nbsp;&nbsp;&nbsp;lv_indev_get_act
<LI><a href="#[1f2]">&gt;&gt;</a>&nbsp;&nbsp;&nbsp;lv_obj_invalidate
<LI><a href="#[1db]">&gt;&gt;</a>&nbsp;&nbsp;&nbsp;lv_anim_start
<LI><a href="#[1f7]">&gt;&gt;</a>&nbsp;&nbsp;&nbsp;lv_event_send
<LI><a href="#[1da]">&gt;&gt;</a>&nbsp;&nbsp;&nbsp;lv_anim_init
<LI><a href="#[264]">&gt;&gt;</a>&nbsp;&nbsp;&nbsp;lv_anim_del
<LI><a href="#[217]">&gt;&gt;</a>&nbsp;&nbsp;&nbsp;lv_draw_label
<LI><a href="#[216]">&gt;&gt;</a>&nbsp;&nbsp;&nbsp;lv_draw_label_dsc_init
<LI><a href="#[228]">&gt;&gt;</a>&nbsp;&nbsp;&nbsp;lv_obj_get_coords
<LI><a href="#[221]">&gt;&gt;</a>&nbsp;&nbsp;&nbsp;lv_obj_init_draw_label_dsc
<LI><a href="#[1e4]">&gt;&gt;</a>&nbsp;&nbsp;&nbsp;lv_memcpy
<LI><a href="#[21f]">&gt;&gt;</a>&nbsp;&nbsp;&nbsp;lv_draw_rect
<LI><a href="#[21e]">&gt;&gt;</a>&nbsp;&nbsp;&nbsp;lv_obj_init_draw_rect_dsc
<LI><a href="#[21d]">&gt;&gt;</a>&nbsp;&nbsp;&nbsp;lv_draw_rect_dsc_init
<LI><a href="#[f3]">&gt;&gt;</a>&nbsp;&nbsp;&nbsp;lv_obj_get_width
<LI><a href="#[1d6]">&gt;&gt;</a>&nbsp;&nbsp;&nbsp;lv_obj_get_style_prop
<LI><a href="#[353]">&gt;&gt;</a>&nbsp;&nbsp;&nbsp;lv_indev_get_vect
<LI><a href="#[2b1]">&gt;&gt;</a>&nbsp;&nbsp;&nbsp;lv_area_move
<LI><a href="#[394]">&gt;&gt;</a>&nbsp;&nbsp;&nbsp;lv_textarea_cursor_down
<LI><a href="#[395]">&gt;&gt;</a>&nbsp;&nbsp;&nbsp;lv_textarea_cursor_up
<LI><a href="#[396]">&gt;&gt;</a>&nbsp;&nbsp;&nbsp;lv_textarea_del_char_forward
<LI><a href="#[2f8]">&gt;&gt;</a>&nbsp;&nbsp;&nbsp;lv_label_is_char_under_pos
<LI><a href="#[2f4]">&gt;&gt;</a>&nbsp;&nbsp;&nbsp;lv_label_get_letter_on
<LI><a href="#[2f0]">&gt;&gt;</a>&nbsp;&nbsp;&nbsp;lv_textarea_set_cursor_pos
<LI><a href="#[2ed]">&gt;&gt;</a>&nbsp;&nbsp;&nbsp;lv_textarea_del_char
<LI><a href="#[2e9]">&gt;&gt;</a>&nbsp;&nbsp;&nbsp;lv_textarea_add_char
<LI><a href="#[222]">&gt;&gt;</a>&nbsp;&nbsp;&nbsp;lv_label_get_text
</UL>
<BR>[Address Reference Count : 1]<UL><LI> lv_textarea.o(.rodata.lv_textarea_class)
</UL>
<P><STRONG><a name="[1ee]"></a>pwd_char_hider</STRONG> (Thumb, 164 bytes, Stack size 48 bytes, lv_textarea.o(.text.pwd_char_hider))
<BR><BR>[Stack]<UL><LI>Max Depth = 496<LI>Call Chain = pwd_char_hider &rArr; lv_label_set_text &rArr; lv_label_refr_text &rArr; lv_obj_invalidate &rArr; lv_obj_area_is_visible &rArr; lv_obj_get_transformed_area &rArr; lv_obj_transform_point &rArr;  lv_obj_transform_point (Cycle)
</UL>
<BR>[Calls]<UL><LI><a href="#[1c5]">&gt;&gt;</a>&nbsp;&nbsp;&nbsp;lv_free
<LI><a href="#[262]">&gt;&gt;</a>&nbsp;&nbsp;&nbsp;lv_label_set_text
<LI><a href="#[1e4]">&gt;&gt;</a>&nbsp;&nbsp;&nbsp;lv_memcpy
<LI><a href="#[1d2]">&gt;&gt;</a>&nbsp;&nbsp;&nbsp;lv_malloc
<LI><a href="#[1d6]">&gt;&gt;</a>&nbsp;&nbsp;&nbsp;lv_obj_get_style_prop
<LI><a href="#[2b6]">&gt;&gt;</a>&nbsp;&nbsp;&nbsp;lv_font_get_glyph_dsc
<LI><a href="#[263]">&gt;&gt;</a>&nbsp;&nbsp;&nbsp;refr_cursor_area
<LI><a href="#[222]">&gt;&gt;</a>&nbsp;&nbsp;&nbsp;lv_label_get_text
<LI><a href="#[1a2]">&gt;&gt;</a>&nbsp;&nbsp;&nbsp;strlen
</UL>
<BR>[Called By]<UL><LI><a href="#[1ed]">&gt;&gt;</a>&nbsp;&nbsp;&nbsp;auto_hide_characters
<LI><a href="#[ed]">&gt;&gt;</a>&nbsp;&nbsp;&nbsp;pwd_char_hider_anim_ready
<LI><a href="#[362]">&gt;&gt;</a>&nbsp;&nbsp;&nbsp;lv_textarea_set_text
<LI><a href="#[2e9]">&gt;&gt;</a>&nbsp;&nbsp;&nbsp;lv_textarea_add_char
<LI><a href="#[2e8]">&gt;&gt;</a>&nbsp;&nbsp;&nbsp;lv_textarea_add_text
</UL>

<P><STRONG><a name="[eb]"></a>pwd_char_hider_anim</STRONG> (Thumb, 2 bytes, Stack size 0 bytes, lv_textarea.o(.text.pwd_char_hider_anim))
<BR>[Address Reference Count : 3]<UL><LI> lv_textarea.o(.text.auto_hide_characters)
<LI> lv_textarea.o(.text.lv_textarea_set_text)
<LI> lv_textarea.o(.text.lv_textarea_add_char)
</UL>
<P><STRONG><a name="[ed]"></a>pwd_char_hider_anim_ready</STRONG> (Thumb, 10 bytes, Stack size 8 bytes, lv_textarea.o(.text.pwd_char_hider_anim_ready))
<BR><BR>[Stack]<UL><LI>Max Depth = 504<LI>Call Chain = pwd_char_hider_anim_ready &rArr; pwd_char_hider &rArr; lv_label_set_text &rArr; lv_label_refr_text &rArr; lv_obj_invalidate &rArr; lv_obj_area_is_visible &rArr; lv_obj_get_transformed_area &rArr; lv_obj_transform_point &rArr;  lv_obj_transform_point (Cycle)
</UL>
<BR>[Calls]<UL><LI><a href="#[1ee]">&gt;&gt;</a>&nbsp;&nbsp;&nbsp;pwd_char_hider
</UL>
<BR>[Address Reference Count : 3]<UL><LI> lv_textarea.o(.text.auto_hide_characters)
<LI> lv_textarea.o(.text.lv_textarea_set_text)
<LI> lv_textarea.o(.text.lv_textarea_add_char)
</UL>
<P><STRONG><a name="[263]"></a>refr_cursor_area</STRONG> (Thumb, 520 bytes, Stack size 64 bytes, lv_textarea.o(.text.refr_cursor_area))
<BR><BR>[Stack]<UL><LI>Max Depth = 336<LI>Call Chain = refr_cursor_area &rArr; lv_obj_invalidate_area &rArr; lv_obj_area_is_visible &rArr; lv_obj_get_transformed_area &rArr; lv_obj_transform_point &rArr;  lv_obj_transform_point (Cycle)
</UL>
<BR>[Calls]<UL><LI><a href="#[1e2]">&gt;&gt;</a>&nbsp;&nbsp;&nbsp;lv_font_get_glyph_width
<LI><a href="#[2c8]">&gt;&gt;</a>&nbsp;&nbsp;&nbsp;lv_obj_calculate_style_text_align
<LI><a href="#[207]">&gt;&gt;</a>&nbsp;&nbsp;&nbsp;lv_obj_invalidate_area
<LI><a href="#[1d6]">&gt;&gt;</a>&nbsp;&nbsp;&nbsp;lv_obj_get_style_prop
<LI><a href="#[2f6]">&gt;&gt;</a>&nbsp;&nbsp;&nbsp;lv_label_get_letter_pos
<LI><a href="#[222]">&gt;&gt;</a>&nbsp;&nbsp;&nbsp;lv_label_get_text
</UL>
<BR>[Called By]<UL><LI><a href="#[1ee]">&gt;&gt;</a>&nbsp;&nbsp;&nbsp;pwd_char_hider
<LI><a href="#[12f]">&gt;&gt;</a>&nbsp;&nbsp;&nbsp;label_event_cb
<LI><a href="#[2f0]">&gt;&gt;</a>&nbsp;&nbsp;&nbsp;lv_textarea_set_cursor_pos
</UL>

<P><STRONG><a name="[1ed]"></a>auto_hide_characters</STRONG> (Thumb, 84 bytes, Stack size 96 bytes, lv_textarea.o(.text.auto_hide_characters))
<BR><BR>[Stack]<UL><LI>Max Depth = 592<LI>Call Chain = auto_hide_characters &rArr; pwd_char_hider &rArr; lv_label_set_text &rArr; lv_label_refr_text &rArr; lv_obj_invalidate &rArr; lv_obj_area_is_visible &rArr; lv_obj_get_transformed_area &rArr; lv_obj_transform_point &rArr;  lv_obj_transform_point (Cycle)
</UL>
<BR>[Calls]<UL><LI><a href="#[1db]">&gt;&gt;</a>&nbsp;&nbsp;&nbsp;lv_anim_start
<LI><a href="#[1da]">&gt;&gt;</a>&nbsp;&nbsp;&nbsp;lv_anim_init
<LI><a href="#[1ee]">&gt;&gt;</a>&nbsp;&nbsp;&nbsp;pwd_char_hider
</UL>
<BR>[Called By]<UL><LI><a href="#[2e8]">&gt;&gt;</a>&nbsp;&nbsp;&nbsp;lv_textarea_add_text
</UL>

<P><STRONG><a name="[182]"></a>lv_tileview_constructor</STRONG> (Thumb, 62 bytes, Stack size 8 bytes, lv_tileview.o(.text.lv_tileview_constructor))
<BR><BR>[Stack]<UL><LI>Max Depth = 416<LI>Call Chain = lv_tileview_constructor &rArr; lv_obj_set_size &rArr; lv_obj_set_style_height &rArr; lv_obj_set_local_style_prop &rArr; lv_obj_refresh_style &rArr; refresh_children_style &rArr;  refresh_children_style (Cycle)
</UL>
<BR>[Calls]<UL><LI><a href="#[1f6]">&gt;&gt;</a>&nbsp;&nbsp;&nbsp;lv_obj_add_flag
<LI><a href="#[28b]">&gt;&gt;</a>&nbsp;&nbsp;&nbsp;lv_obj_add_event_cb
<LI><a href="#[346]">&gt;&gt;</a>&nbsp;&nbsp;&nbsp;lv_obj_set_scroll_snap_y
<LI><a href="#[345]">&gt;&gt;</a>&nbsp;&nbsp;&nbsp;lv_obj_set_scroll_snap_x
<LI><a href="#[307]">&gt;&gt;</a>&nbsp;&nbsp;&nbsp;lv_obj_set_size
</UL>
<BR>[Address Reference Count : 1]<UL><LI> lv_tileview.o(.rodata.lv_tileview_class)
</UL>
<P><STRONG><a name="[131]"></a>tileview_event_cb</STRONG> (Thumb, 214 bytes, Stack size 40 bytes, lv_tileview.o(.text.tileview_event_cb))
<BR><BR>[Stack]<UL><LI>Max Depth = 160<LI>Call Chain = tileview_event_cb &rArr; lv_obj_get_y &rArr; lv_obj_get_style_prop &rArr; lv_style_get_prop
</UL>
<BR>[Calls]<UL><LI><a href="#[204]">&gt;&gt;</a>&nbsp;&nbsp;&nbsp;lv_event_get_code
<LI><a href="#[1fb]">&gt;&gt;</a>&nbsp;&nbsp;&nbsp;lv_event_get_target
<LI><a href="#[1f0]">&gt;&gt;</a>&nbsp;&nbsp;&nbsp;lv_indev_get_act
<LI><a href="#[254]">&gt;&gt;</a>&nbsp;&nbsp;&nbsp;lv_obj_get_child_cnt
<LI><a href="#[1f7]">&gt;&gt;</a>&nbsp;&nbsp;&nbsp;lv_event_send
<LI><a href="#[201]">&gt;&gt;</a>&nbsp;&nbsp;&nbsp;lv_obj_get_child
<LI><a href="#[205]">&gt;&gt;</a>&nbsp;&nbsp;&nbsp;lv_obj_get_scroll_end
<LI><a href="#[344]">&gt;&gt;</a>&nbsp;&nbsp;&nbsp;lv_obj_set_scroll_dir
<LI><a href="#[2c6]">&gt;&gt;</a>&nbsp;&nbsp;&nbsp;lv_obj_get_y
<LI><a href="#[330]">&gt;&gt;</a>&nbsp;&nbsp;&nbsp;lv_obj_get_x
<LI><a href="#[206]">&gt;&gt;</a>&nbsp;&nbsp;&nbsp;lv_obj_get_content_height
<LI><a href="#[200]">&gt;&gt;</a>&nbsp;&nbsp;&nbsp;lv_obj_get_content_width
</UL>
<BR>[Address Reference Count : 1]<UL><LI> lv_tileview.o(.text.lv_tileview_constructor)
</UL>
<P><STRONG><a name="[183]"></a>lv_tileview_tile_constructor</STRONG> (Thumb, 126 bytes, Stack size 32 bytes, lv_tileview.o(.text.lv_tileview_tile_constructor))
<BR><BR>[Stack]<UL><LI>Max Depth = 608<LI>Call Chain = lv_tileview_tile_constructor &rArr; lv_obj_update_layout &rArr; layout_update_core &rArr;  layout_update_core (Cycle)
</UL>
<BR>[Calls]<UL><LI><a href="#[1fc]">&gt;&gt;</a>&nbsp;&nbsp;&nbsp;lv_obj_get_parent
<LI><a href="#[312]">&gt;&gt;</a>&nbsp;&nbsp;&nbsp;lv_obj_set_pos
<LI><a href="#[344]">&gt;&gt;</a>&nbsp;&nbsp;&nbsp;lv_obj_set_scroll_dir
<LI><a href="#[1b9]">&gt;&gt;</a>&nbsp;&nbsp;&nbsp;lv_obj_update_layout
<LI><a href="#[307]">&gt;&gt;</a>&nbsp;&nbsp;&nbsp;lv_obj_set_size
<LI><a href="#[206]">&gt;&gt;</a>&nbsp;&nbsp;&nbsp;lv_obj_get_content_height
<LI><a href="#[200]">&gt;&gt;</a>&nbsp;&nbsp;&nbsp;lv_obj_get_content_width
</UL>
<BR>[Address Reference Count : 1]<UL><LI> lv_tileview.o(.rodata.lv_tileview_tile_class)
</UL>
<P><STRONG><a name="[184]"></a>lv_win_constructor</STRONG> (Thumb, 116 bytes, Stack size 16 bytes, lv_win.o(.text.lv_win_constructor))
<BR><BR>[Stack]<UL><LI>Max Depth = 456<LI>Call Chain = lv_win_constructor &rArr; lv_obj_create &rArr; lv_obj_class_init_obj &rArr; lv_theme_apply &rArr; lv_obj_remove_style_all &rArr; lv_obj_remove_style &rArr; lv_obj_refresh_style &rArr; refresh_children_style &rArr;  refresh_children_style (Cycle)
</UL>
<BR>[Calls]<UL><LI><a href="#[1fc]">&gt;&gt;</a>&nbsp;&nbsp;&nbsp;lv_obj_get_parent
<LI><a href="#[28c]">&gt;&gt;</a>&nbsp;&nbsp;&nbsp;lv_obj_set_width
<LI><a href="#[307]">&gt;&gt;</a>&nbsp;&nbsp;&nbsp;lv_obj_set_size
<LI><a href="#[29e]">&gt;&gt;</a>&nbsp;&nbsp;&nbsp;lv_obj_create
<LI><a href="#[f2]">&gt;&gt;</a>&nbsp;&nbsp;&nbsp;lv_obj_get_height
<LI><a href="#[f3]">&gt;&gt;</a>&nbsp;&nbsp;&nbsp;lv_obj_get_width
<LI><a href="#[28e]">&gt;&gt;</a>&nbsp;&nbsp;&nbsp;lv_obj_set_flex_grow
<LI><a href="#[308]">&gt;&gt;</a>&nbsp;&nbsp;&nbsp;lv_obj_set_flex_align
<LI><a href="#[28d]">&gt;&gt;</a>&nbsp;&nbsp;&nbsp;lv_obj_set_flex_flow
</UL>
<BR>[Address Reference Count : 1]<UL><LI> lv_win.o(.rodata.lv_win_class)
</UL>
<P><STRONG><a name="[39d]"></a>BOARD_ReconfigFlexSpiRxBuffer</STRONG> (Thumb, 364 bytes, Stack size 8 bytes, lv_port_disp_template.o(CodeQuickAccess))
<BR><BR>[Stack]<UL><LI>Max Depth = 8<LI>Call Chain = BOARD_ReconfigFlexSpiRxBuffer
</UL>
<BR>[Called By]<UL><LI><a href="#[39c]">&gt;&gt;</a>&nbsp;&nbsp;&nbsp;lvgl_disp_init (via Veneer)
</UL>

<P><STRONG><a name="[132]"></a>FlushDisplay</STRONG> (Thumb, 36 bytes, Stack size 8 bytes, lv_port_disp_template.o(.text.FlushDisplay))
<BR><BR>[Stack]<UL><LI>Max Depth = 8<LI>Call Chain = FlushDisplay
</UL>
<BR>[Calls]<UL><LI><a href="#[1a5]">&gt;&gt;</a>&nbsp;&nbsp;&nbsp;lv_disp_flush_ready
</UL>
<BR>[Address Reference Count : 1]<UL><LI> lv_port_disp_template.o(.text.lvgl_disp_init)
</UL><P>
<H3>
Undefined Global Symbols
</H3><HR></body></html>
